Archive member included because of file (symbol)

.\CortexM0\ARM_GCC_484\Debug\BLE Lab 4.a(cyfitter_cfg.o)
                              .\CortexM0\ARM_GCC_484\Debug\Cm0Start.o (cyfitter_cfg)
.\CortexM0\ARM_GCC_484\Debug\BLE Lab 4.a(GREEN.o)
                              .\CortexM0\ARM_GCC_484\Debug\main.o (GREEN_SetDriveMode)
.\CortexM0\ARM_GCC_484\Debug\BLE Lab 4.a(RED.o)
                              .\CortexM0\ARM_GCC_484\Debug\main.o (RED_SetDriveMode)
.\CortexM0\ARM_GCC_484\Debug\BLE Lab 4.a(PRS_2.o)
                              .\CortexM0\ARM_GCC_484\Debug\main.o (PRS_2_Start)
.\CortexM0\ARM_GCC_484\Debug\BLE Lab 4.a(PRS_1.o)
                              .\CortexM0\ARM_GCC_484\Debug\main.o (PRS_1_Start)
.\CortexM0\ARM_GCC_484\Debug\BLE Lab 4.a(BLUE.o)
                              .\CortexM0\ARM_GCC_484\Debug\main.o (BLUE_SetDriveMode)
.\CortexM0\ARM_GCC_484\Debug\BLE Lab 4.a(BLE.o)
                              .\CortexM0\ARM_GCC_484\Debug\main.o (CyBle_Start)
.\CortexM0\ARM_GCC_484\Debug\BLE Lab 4.a(BLE_gatt.o)
                              .\CortexM0\ARM_GCC_484\Debug\BLEApplications.o (cyBle_state)
.\CortexM0\ARM_GCC_484\Debug\BLE Lab 4.a(BLE_eventHandler.o)
                              .\CortexM0\ARM_GCC_484\Debug\BLEApplications.o (cyBle_connHandle)
.\CortexM0\ARM_GCC_484\Debug\BLE Lab 4.a(BLE_custom.o)
                              .\CortexM0\ARM_GCC_484\Debug\BLEApplications.o (cyBle_customs)
.\CortexM0\ARM_GCC_484\Debug\BLE Lab 4.a(CyBootAsmGnu.o)
                              .\CortexM0\ARM_GCC_484\Debug\BLE Lab 4.a(cyfitter_cfg.o) (CyDelayCycles)
.\CortexM0\ARM_GCC_484\Debug\BLE Lab 4.a(CyLib.o)
                              .\CortexM0\ARM_GCC_484\Debug\BLE Lab 4.a(cyfitter_cfg.o) (CyDelayUs)
.\CortexM0\ARM_GCC_484\Debug\BLE Lab 4.a(CapSense.o)
                              .\CortexM0\ARM_GCC_484\Debug\main.o (CapSense_Start)
.\CortexM0\ARM_GCC_484\Debug\BLE Lab 4.a(CapSense_CSHL.o)
                              .\CortexM0\ARM_GCC_484\Debug\BLE Lab 4.a(CapSense.o) (CapSense_rawDataIndex)
.\CortexM0\ARM_GCC_484\Debug\BLE Lab 4.a(CapSense_INT.o)
                              .\CortexM0\ARM_GCC_484\Debug\BLE Lab 4.a(CapSense.o) (CapSense_ISR)
.\CortexM0\ARM_GCC_484\Debug\BLE Lab 4.a(CapSense_SMS.o)
                              .\CortexM0\ARM_GCC_484\Debug\BLE Lab 4.a(CapSense_CSHL.o) (CapSense_config)
.\CortexM0\ARM_GCC_484\Debug\BLE Lab 4.a(CapSense_SampleClk.o)
                              .\CortexM0\ARM_GCC_484\Debug\BLE Lab 4.a(CapSense.o) (CapSense_SampleClk_StartEx)
.\CortexM0\ARM_GCC_484\Debug\BLE Lab 4.a(CapSense_SenseClk.o)
                              .\CortexM0\ARM_GCC_484\Debug\BLE Lab 4.a(CapSense.o) (CapSense_SenseClk_StartEx)
C:\Program Files (x86)\Cypress\PSoC Creator\3.1\PSoC Creator\psoc\content\cycomponentlibrary\CyComponentLibrary.cylib\BLE_v1_20\Library\gccCyBLEStack_BLE_SOC_PERIPHERAL.a(CyBle.o)
                              .\CortexM0\ARM_GCC_484\Debug\main.o (CyBle_ProcessEvents)
C:\Program Files (x86)\Cypress\PSoC Creator\3.1\PSoC Creator\psoc\content\cycomponentlibrary\CyComponentLibrary.cylib\BLE_v1_20\Library\gccCyBLEStack_BLE_SOC_PERIPHERAL.a(CyBleStackMgrIP_Interface.o)
                              C:\Program Files (x86)\Cypress\PSoC Creator\3.1\PSoC Creator\psoc\content\cycomponentlibrary\CyComponentLibrary.cylib\BLE_v1_20\Library\gccCyBLEStack_BLE_SOC_PERIPHERAL.a(CyBle.o) (CyBleStackMgr_BleGetConfigData)
C:\Program Files (x86)\Cypress\PSoC Creator\3.1\PSoC Creator\psoc\content\cycomponentlibrary\CyComponentLibrary.cylib\BLE_v1_20\Library\gccCyBLEStack_BLE_SOC_PERIPHERAL.a(BT_os.o)
                              C:\Program Files (x86)\Cypress\PSoC Creator\3.1\PSoC Creator\psoc\content\cycomponentlibrary\CyComponentLibrary.cylib\BLE_v1_20\Library\gccCyBLEStack_BLE_SOC_PERIPHERAL.a(CyBleStackMgrIP_Interface.o) (bt_stack_init_os)
C:\Program Files (x86)\Cypress\PSoC Creator\3.1\PSoC Creator\psoc\content\cycomponentlibrary\CyComponentLibrary.cylib\BLE_v1_20\Library\gccCyBLEStack_BLE_SOC_PERIPHERAL.a(CyBleStackMgr_StackTaskHandler.o)
                              C:\Program Files (x86)\Cypress\PSoC Creator\3.1\PSoC Creator\psoc\content\cycomponentlibrary\CyComponentLibrary.cylib\BLE_v1_20\Library\gccCyBLEStack_BLE_SOC_PERIPHERAL.a(CyBleStackMgrIP_Interface.o) (CyBle_CreateBleStackTask)
C:\Program Files (x86)\Cypress\PSoC Creator\3.1\PSoC Creator\psoc\content\cycomponentlibrary\CyComponentLibrary.cylib\BLE_v1_20\Library\gccCyBLEStack_BLE_SOC_PERIPHERAL.a(transport_sf.o)
                              C:\Program Files (x86)\Cypress\PSoC Creator\3.1\PSoC Creator\psoc\content\cycomponentlibrary\CyComponentLibrary.cylib\BLE_v1_20\Library\gccCyBLEStack_BLE_SOC_PERIPHERAL.a(CyBleStackMgr_StackTaskHandler.o) (hci_soft_transport_notify_data_received)
C:\Program Files (x86)\Cypress\PSoC Creator\3.1\PSoC Creator\psoc\content\cycomponentlibrary\CyComponentLibrary.cylib\BLE_v1_20\Library\gccCyBLEStack_BLE_SOC_PERIPHERAL.a(CyBleStackMgr_PSoCHal.o)
[...]
Memory Configuration

Name             Origin             Length             Attributes
rom              0x00000000         0x00020000         xr
ram              0x20000000         0x00004000         xrw
*default*        0x00000000         0xffffffff

Linker script and memory map

LOAD c:/program files (x86)/cypress/psoc creator/3.1/psoc creator/import/gnu_cs/arm/4.8.4/bin/../lib/gcc/arm-none-eabi/4.8.4/armv6-m/crti.o
LOAD c:/program files (x86)/cypress/psoc creator/3.1/psoc creator/import/gnu_cs/arm/4.8.4/bin/../lib/gcc/arm-none-eabi/4.8.4/armv6-m/crtbegin.o
LOAD c:/program files (x86)/cypress/psoc creator/3.1/psoc creator/import/gnu_cs/arm/4.8.4/bin/../lib/gcc/arm-none-eabi/4.8.4/../../../../arm-none-eabi/lib/armv6-m/crt0.o
START GROUP
LOAD .\CortexM0\ARM_GCC_484\Debug\main.o
LOAD .\CortexM0\ARM_GCC_484\Debug\BLEApplications.o
LOAD .\CortexM0\ARM_GCC_484\Debug\cymetadata.o
LOAD .\CortexM0\ARM_GCC_484\Debug\Cm0Start.o
LOAD .\CortexM0\ARM_GCC_484\Debug\BLE Lab 4.a
LOAD C:\Program Files (x86)\Cypress\PSoC Creator\3.1\PSoC Creator\psoc\content\cycomponentlibrary\CyComponentLibrary.cylib\BLE_v1_20\Library\gccCyBLEStack_BLE_SOC_PERIPHERAL.a
LOAD C:\Program Files (x86)\Cypress\PSoC Creator\3.1\PSoC Creator\psoc\content\cycomponentlibrary\CyComponentLibrary.cylib\CapSense_CSD_P4_v2_10\PSoC4\Library\CapsenseP4Library_GCC.a
LOAD C:\Program Files (x86)\Cypress\PSoC Creator\3.1\PSoC Creator\psoc\content\cycomponentlibrary\CyComponentLibrary.cylib\CortexM0\ARM_GCC_484\Debug\CyComponentLibrary.a
END GROUP
START GROUP
LOAD c:/program files (x86)/cypress/psoc creator/3.1/psoc creator/import/gnu_cs/arm/4.8.4/bin/../lib/gcc/arm-none-eabi/4.8.4/armv6-m\libgcc.a
LOAD c:/program files (x86)/cypress/psoc creator/3.1/psoc creator/import/gnu_cs/arm/4.8.4/bin/../lib/gcc/arm-none-eabi/4.8.4/../../../../arm-none-eabi/lib/armv6-m\libg_s.a
LOAD c:/program files (x86)/cypress/psoc creator/3.1/psoc creator/import/gnu_cs/arm/4.8.4/bin/../lib/gcc/arm-none-eabi/4.8.4/../../../../arm-none-eabi/lib/armv6-m\libc_s.a
END GROUP
START GROUP
LOAD c:/program files (x86)/cypress/psoc creator/3.1/psoc creator/import/gnu_cs/arm/4.8.4/bin/../lib/gcc/arm-none-eabi/4.8.4/armv6-m\libgcc.a
LOAD c:/program files (x86)/cypress/psoc creator/3.1/psoc creator/import/gnu_cs/arm/4.8.4/bin/../lib/gcc/arm-none-eabi/4.8.4/../../../../arm-none-eabi/lib/armv6-m\libc_s.a
END GROUP
LOAD c:/program files (x86)/cypress/psoc creator/3.1/psoc creator/import/gnu_cs/arm/4.8.4/bin/../lib/gcc/arm-none-eabi/4.8.4/armv6-m/crtend.o
LOAD c:/program files (x86)/cypress/psoc creator/3.1/psoc creator/import/gnu_cs/arm/4.8.4/bin/../lib/gcc/arm-none-eabi/4.8.4/armv6-m/crtn.o
START GROUP
LOAD c:/program files (x86)/cypress/psoc creator/3.1/psoc creator/import/gnu_cs/arm/4.8.4/bin/../lib/gcc/arm-none-eabi/4.8.4/armv6-m\libgcc.a
LOAD c:/program files (x86)/cypress/psoc creator/3.1/psoc creator/import/gnu_cs/arm/4.8.4/bin/../lib/gcc/arm-none-eabi/4.8.4/../../../../arm-none-eabi/lib/armv6-m\libc.a
LOAD c:/program files (x86)/cypress/psoc creator/3.1/psoc creator/import/gnu_cs/arm/4.8.4/bin/../lib/gcc/arm-none-eabi/4.8.4/../../../../arm-none-eabi/lib/armv6-m\libnosys.a
END GROUP
                0x00000000                CY_APPL_ORIGIN = 0x0
                0x00000080                CY_FLASH_ROW_SIZE = 0x80
                0x00000001                CY_APPL_NUM = 0x1
                0x00000040                CY_METADATA_SIZE = 0x40
                0x20002580                PROVIDE (__cy_heap_start, _end)
                0x00000001                PROVIDE (__cy_region_num, ((__cy_regions_end - __cy_regions) / 0x10))
                0x20004000                PROVIDE (__cy_stack, (ORIGIN (ram) + 0x4000))
                0x20003800                PROVIDE (__cy_heap_end, (__cy_stack - 0x800))

.cybootloader   0x00000000        0x0
 *(.cybootloader)
                0x00000000                appl1_start = CY_APPL_ORIGIN?CY_APPL_ORIGIN:ALIGN (CY_FLASH_ROW_SIZE)
                0x0000ff80                appl2_start = (appl1_start + ALIGN ((((0x20000 - appl1_start) - (0x2 * CY_FLASH_ROW_SIZE)) / 0x2), CY_FLASH_ROW_SIZE))
                0x00000000                appl_start = (CY_APPL_NUM == 0x1)?appl1_start:appl2_start

.text           0x00000000     0x2dc0
 CREATE_OBJECT_SYMBOLS
                0x00000000                PROVIDE (__cy_interrupt_vector, RomVectors)
 *(.romvectors)
 .romvectors    0x00000000       0x10 .\CortexM0\ARM_GCC_484\Debug\Cm0Start.o
                0x00000000                RomVectors
                0x00000001                ASSERT ((. != __cy_interrupt_vector), No interrupt vector)
                0x00000001                ASSERT (CY_APPL_ORIGIN?(SIZEOF (.cybootloader) <= CY_APPL_ORIGIN):0x1, Wrong image location)
                0x00000010                PROVIDE (__cy_reset, Reset)
 *(.text.Reset)
 .text.Reset    0x00000010        0x8 .\CortexM0\ARM_GCC_484\Debug\Cm0Start.o
                0x00000010                Reset
                0x00000001                ASSERT ((. != __cy_reset), No reset code)
 *(.psocinit)
 .psocinit      0x00000018      0x340 .\CortexM0\ARM_GCC_484\Debug\BLE Lab 4.a(cyfitter_cfg.o)
                0x000001c8                cyfitter_cfg
                0x00000358                . = MAX (., 0x100)
 *(.text .text.* .gnu.linkonce.t.*)
 .text          0x00000358       0x60 c:/program files (x86)/cypress/psoc creator/3.1/psoc creator/import/gnu_cs/arm/4.8.4/bin/../lib/gcc/arm-none-eabi/4.8.4/armv6-m/crtbegin.o
 .text.main     0x000003b8       0x30 .\CortexM0\ARM_GCC_484\Debug\main.o
                0x000003b8                main
 .text.InitializeSystem
                0x000003e8       0x50 .\CortexM0\ARM_GCC_484\Debug\main.o
 .text.HandleCapSenseSlider
                0x00000438       0x3c .\CortexM0\ARM_GCC_484\Debug\main.o
 .text.CustomEventHandler
                0x00000474      0x114 .\CortexM0\ARM_GCC_484\Debug\BLEApplications.o
                0x00000474                CustomEventHandler
 .text.SendCapSenseNotification
                0x00000588       0x50 .\CortexM0\ARM_GCC_484\Debug\BLEApplications.o
                0x00000588                SendCapSenseNotification
 .text.UpdateRGBled
                0x000005d8       0xc0 .\CortexM0\ARM_GCC_484\Debug\BLEApplications.o
                0x000005d8                UpdateRGBled
 .text.UpdateNotificationCCCD
                0x00000698       0x60 .\CortexM0\ARM_GCC_484\Debug\BLEApplications.o
                0x00000698                UpdateNotificationCCCD
 .text.IntDefaultHandler
                0x000006f8        0x8 .\CortexM0\ARM_GCC_484\Debug\Cm0Start.o
                0x000006f8                IntDefaultHandler
 .text.Start_c  0x00000700       0x98 .\CortexM0\ARM_GCC_484\Debug\Cm0Start.o
                0x00000700                Start_c
 .text.initialize_psoc
                0x00000798       0x70 .\CortexM0\ARM_GCC_484\Debug\Cm0Start.o
                0x00000798                initialize_psoc
 .text.CYMEMZERO
                0x00000808       0x20 .\CortexM0\ARM_GCC_484\Debug\BLE Lab 4.a(cyfitter_cfg.o)
 .text.cfg_write_bytes32
                0x00000828       0x80 .\CortexM0\ARM_GCC_484\Debug\BLE Lab 4.a(cyfitter_cfg.o)
 .text.AnalogSetDefault
                0x000008a8       0x2c .\CortexM0\ARM_GCC_484\Debug\BLE Lab 4.a(cyfitter_cfg.o)
 .text.SetAnalogRoutingPumps
                0x000008d4       0x70 .\CortexM0\ARM_GCC_484\Debug\BLE Lab 4.a(cyfitter_cfg.o)
                0x000008d4                SetAnalogRoutingPumps
 .text.GREEN_SetDriveMode
                0x00000944       0x30 .\CortexM0\ARM_GCC_484\Debug\BLE Lab 4.a(GREEN.o)
                0x00000944                GREEN_SetDriveMode
 .text.RED_SetDriveMode
                0x00000974       0x30 .\CortexM0\ARM_GCC_484\Debug\BLE Lab 4.a(RED.o)
                0x00000974                RED_SetDriveMode
 .text.PRS_2_Start
                0x000009a4       0x24 .\CortexM0\ARM_GCC_484\Debug\BLE Lab 4.a(PRS_2.o)
                0x000009a4                PRS_2_Start
 .text.PRS_2_Init
                0x000009c8       0x70 .\CortexM0\ARM_GCC_484\Debug\BLE Lab 4.a(PRS_2.o)
                0x000009c8                PRS_2_Init
 .text.PRS_2_Enable
                0x00000a38       0x1c .\CortexM0\ARM_GCC_484\Debug\BLE Lab 4.a(PRS_2.o)
                0x00000a38                PRS_2_Enable
 .text.PRS_2_WriteSeed
                0x00000a54       0x34 .\CortexM0\ARM_GCC_484\Debug\BLE Lab 4.a(PRS_2.o)
                0x00000a54                PRS_2_WriteSeed
 .text.PRS_2_WritePolynomial
                0x00000a88       0x20 .\CortexM0\ARM_GCC_484\Debug\BLE Lab 4.a(PRS_2.o)
                0x00000a88                PRS_2_WritePolynomial
 .text.PRS_2_WritePulse0
                0x00000aa8       0x20 .\CortexM0\ARM_GCC_484\Debug\BLE Lab 4.a(PRS_2.o)
                0x00000aa8                PRS_2_WritePulse0
 .text.PRS_2_WritePulse1
                0x00000ac8       0x20 .\CortexM0\ARM_GCC_484\Debug\BLE Lab 4.a(PRS_2.o)
                0x00000ac8                PRS_2_WritePulse1
 .text.PRS_1_Start
                0x00000ae8       0x24 .\CortexM0\ARM_GCC_484\Debug\BLE Lab 4.a(PRS_1.o)
                0x00000ae8                PRS_1_Start
 .text.PRS_1_Init
                0x00000b0c       0x70 .\CortexM0\ARM_GCC_484\Debug\BLE Lab 4.a(PRS_1.o)
                0x00000b0c                PRS_1_Init
 .text.PRS_1_Enable
                0x00000b7c       0x1c .\CortexM0\ARM_GCC_484\Debug\BLE Lab 4.a(PRS_1.o)
                0x00000b7c                PRS_1_Enable
 .text.PRS_1_WriteSeed
                0x00000b98       0x34 .\CortexM0\ARM_GCC_484\Debug\BLE Lab 4.a(PRS_1.o)
                0x00000b98                PRS_1_WriteSeed
 .text.PRS_1_WritePolynomial
                0x00000bcc       0x20 .\CortexM0\ARM_GCC_484\Debug\BLE Lab 4.a(PRS_1.o)
                0x00000bcc                PRS_1_WritePolynomial
 .text.PRS_1_WritePulse0
                0x00000bec       0x20 .\CortexM0\ARM_GCC_484\Debug\BLE Lab 4.a(PRS_1.o)
                0x00000bec                PRS_1_WritePulse0
 .text.PRS_1_WritePulse1
                0x00000c0c       0x20 .\CortexM0\ARM_GCC_484\Debug\BLE Lab 4.a(PRS_1.o)
                0x00000c0c                PRS_1_WritePulse1
 .text.BLUE_SetDriveMode
                0x00000c2c       0x30 .\CortexM0\ARM_GCC_484\Debug\BLE Lab 4.a(BLUE.o)
                0x00000c2c                BLUE_SetDriveMode
 .text.CyBle_Init
                0x00000c5c       0x2c .\CortexM0\ARM_GCC_484\Debug\BLE Lab 4.a(BLE.o)
                0x00000c5c                CyBle_Init
 .text.CyBle_ServiceInit
                0x00000c88        0x8 .\CortexM0\ARM_GCC_484\Debug\BLE Lab 4.a(BLE.o)
                0x00000c88                CyBle_ServiceInit
 .text.CyBle_Start
                0x00000c90       0x90 .\CortexM0\ARM_GCC_484\Debug\BLE Lab 4.a(BLE.o)
                0x00000c90                CyBle_Start
 .text.CyBle_GappStartAdvertisement
                0x00000d20       0xc4 .\CortexM0\ARM_GCC_484\Debug\BLE Lab 4.a(BLE.o)
                0x00000d20                CyBle_GappStartAdvertisement
 .text.CyBle_ChangeAdDeviceAddress
                0x00000de4       0x60 .\CortexM0\ARM_GCC_484\Debug\BLE Lab 4.a(BLE.o)
                0x00000de4                CyBle_ChangeAdDeviceAddress
 .text.CyBle_Get16ByPtr
                0x00000e44       0x24 .\CortexM0\ARM_GCC_484\Debug\BLE Lab 4.a(BLE.o)
                0x00000e44                CyBle_Get16ByPtr
 .text.CyBle_GattsWriteEventHandler
                0x00000e68       0xa0 .\CortexM0\ARM_GCC_484\Debug\BLE Lab 4.a(BLE_gatt.o)
                0x00000e68                CyBle_GattsWriteEventHandler
 .text.CyBle_WriteReqHandler
                0x00000f08       0x70 .\CortexM0\ARM_GCC_484\Debug\BLE Lab 4.a(BLE_eventHandler.o)
 .text.CyBle_ValueConfirmation
                0x00000f78       0x10 .\CortexM0\ARM_GCC_484\Debug\BLE Lab 4.a(BLE_eventHandler.o)
 .text.CyBle_GattDisconnectEventHandler
                0x00000f88       0x18 .\CortexM0\ARM_GCC_484\Debug\BLE Lab 4.a(BLE_eventHandler.o)
 .text.CyBle_TimeOutEventHandler
                0x00000fa0       0x10 .\CortexM0\ARM_GCC_484\Debug\BLE Lab 4.a(BLE_eventHandler.o)
 .text.CyBle_GattConnectReqHandler
                0x00000fb0        0x8 .\CortexM0\ARM_GCC_484\Debug\BLE Lab 4.a(BLE_eventHandler.o)
 .text.CyBle_IsDeviceAddressValid
                0x00000fb8       0x60 .\CortexM0\ARM_GCC_484\Debug\BLE Lab 4.a(BLE_eventHandler.o)
 .text.CyBle_L2Cap_ConnParamUpdateRspEventHandler
                0x00001018       0x14 .\CortexM0\ARM_GCC_484\Debug\BLE Lab 4.a(BLE_eventHandler.o)
 .text.CyBle_GapConnUpdateCompleteEventHandler
                0x0000102c       0x10 .\CortexM0\ARM_GCC_484\Debug\BLE Lab 4.a(BLE_eventHandler.o)
 .text.CyBle_EventHandler
                0x0000103c      0x2d8 .\CortexM0\ARM_GCC_484\Debug\BLE Lab 4.a(BLE_eventHandler.o)
                0x0000103c                CyBle_EventHandler
 *fill*         0x00001314        0x4 
 .text          0x00001318       0x20 .\CortexM0\ARM_GCC_484\Debug\BLE Lab 4.a(CyBootAsmGnu.o)
                0x00001318                CyDelayCycles
                0x0000132a                CyEnterCriticalSection
                0x00001332                CyExitCriticalSection
 .text.CySysClkWcoSetHighPowerMode
                0x00001338       0x3c .\CortexM0\ARM_GCC_484\Debug\BLE Lab 4.a(CyLib.o)
 .text.CySysClkWcoSetLowPowerMode
                0x00001374       0x48 .\CortexM0\ARM_GCC_484\Debug\BLE Lab 4.a(CyLib.o)
 .text.CySysClkEcoStart
                0x000013bc       0x74 .\CortexM0\ARM_GCC_484\Debug\BLE Lab 4.a(CyLib.o)
                0x000013bc                CySysClkEcoStart
 .text.CySysClkEcoReadStatus
                0x00001430       0x18 .\CortexM0\ARM_GCC_484\Debug\BLE Lab 4.a(CyLib.o)
                0x00001430                CySysClkEcoReadStatus
 .text.CySysClkWcoStart
                0x00001448       0x20 .\CortexM0\ARM_GCC_484\Debug\BLE Lab 4.a(CyLib.o)
                0x00001448                CySysClkWcoStart
 .text.CySysClkWcoSetPowerMode
                0x00001468       0x40 .\CortexM0\ARM_GCC_484\Debug\BLE Lab 4.a(CyLib.o)
                0x00001468                CySysClkWcoSetPowerMode
 .text.CyIntSetVector
                0x000014a8       0x4c .\CortexM0\ARM_GCC_484\Debug\BLE Lab 4.a(CyLib.o)
                0x000014a8                CyIntSetVector
 .text.CyIntSetPriority
                0x000014f4       0xa8 .\CortexM0\ARM_GCC_484\Debug\BLE Lab 4.a(CyLib.o)
                0x000014f4                CyIntSetPriority
 .text.CyIntEnable
                0x0000159c       0x2c .\CortexM0\ARM_GCC_484\Debug\BLE Lab 4.a(CyLib.o)
                0x0000159c                CyIntEnable
 .text.CyIntDisable
                0x000015c8       0x2c .\CortexM0\ARM_GCC_484\Debug\BLE Lab 4.a(CyLib.o)
                0x000015c8                CyIntDisable
 .text.CyIntClearPending
                0x000015f4       0x2c .\CortexM0\ARM_GCC_484\Debug\BLE Lab 4.a(CyLib.o)
                0x000015f4                CyIntClearPending
 .text.CyHalt   0x00001620       0x14 .\CortexM0\ARM_GCC_484\Debug\BLE Lab 4.a(CyLib.o)
                0x00001620                CyHalt
 .text.CyDelay  0x00001634       0x48 .\CortexM0\ARM_GCC_484\Debug\BLE Lab 4.a(CyLib.o)
                0x00001634                CyDelay
 .text.CyDelayUs
                0x0000167c       0x28 .\CortexM0\ARM_GCC_484\Debug\BLE Lab 4.a(CyLib.o)
                0x0000167c                CyDelayUs
 .text.CapSense_Init
                0x000016a4       0x3c .\CortexM0\ARM_GCC_484\Debug\BLE Lab 4.a(CapSense.o)
                0x000016a4                CapSense_Init
 .text.CapSense_CsdHwBlockInit
                0x000016e0       0xbc .\CortexM0\ARM_GCC_484\Debug\BLE Lab 4.a(CapSense.o)
                0x000016e0                CapSense_CsdHwBlockInit
 .text.CapSense_Enable
                0x0000179c       0x54 .\CortexM0\ARM_GCC_484\Debug\BLE Lab 4.a(CapSense.o)
                0x0000179c                CapSense_Enable
 .text.CapSense_Start
                0x000017f0       0x44 .\CortexM0\ARM_GCC_484\Debug\BLE Lab 4.a(CapSense.o)
                0x000017f0                CapSense_Start
 .text.CapSense_FindNextSensor
                0x00001834       0x48 .\CortexM0\ARM_GCC_484\Debug\BLE Lab 4.a(CapSense.o)
                0x00001834                CapSense_FindNextSensor
 .text.CapSense_ScanSensor
                0x0000187c       0x34 .\CortexM0\ARM_GCC_484\Debug\BLE Lab 4.a(CapSense.o)
                0x0000187c                CapSense_ScanSensor
 .text.CapSense_ScanEnabledWidgets
                0x000018b0       0x58 .\CortexM0\ARM_GCC_484\Debug\BLE Lab 4.a(CapSense.o)
                0x000018b0                CapSense_ScanEnabledWidgets
 .text.CapSense_IsBusy
                0x00001908       0x1c .\CortexM0\ARM_GCC_484\Debug\BLE Lab 4.a(CapSense.o)
                0x00001908                CapSense_IsBusy
 .text.CapSense_ReadSensorRaw
                0x00001924       0x1c .\CortexM0\ARM_GCC_484\Debug\BLE Lab 4.a(CapSense.o)
                0x00001924                CapSense_ReadSensorRaw
 .text.CapSense_ClearSensors
                0x00001940       0x28 .\CortexM0\ARM_GCC_484\Debug\BLE Lab 4.a(CapSense.o)
                0x00001940                CapSense_ClearSensors
 .text.CapSense_EnableSensor
                0x00001968       0xb4 .\CortexM0\ARM_GCC_484\Debug\BLE Lab 4.a(CapSense.o)
                0x00001968                CapSense_EnableSensor
 .text.CapSense_DisableSensor
                0x00001a1c      0x100 .\CortexM0\ARM_GCC_484\Debug\BLE Lab 4.a(CapSense.o)
                0x00001a1c                CapSense_DisableSensor
 .text.CapSense_PreScan
                0x00001b1c      0x178 .\CortexM0\ARM_GCC_484\Debug\BLE Lab 4.a(CapSense.o)
                0x00001b1c                CapSense_PreScan
 .text.CapSense_PostScan
                0x00001c94       0xbc .\CortexM0\ARM_GCC_484\Debug\BLE Lab 4.a(CapSense.o)
                0x00001c94                CapSense_PostScan
 .text.CapSense_SetShieldDelay
                0x00001d50       0x30 .\CortexM0\ARM_GCC_484\Debug\BLE Lab 4.a(CapSense.o)
                0x00001d50                CapSense_SetShieldDelay
 .text.CapSense_GetBitValue
                0x00001d80       0x44 .\CortexM0\ARM_GCC_484\Debug\BLE Lab 4.a(CapSense.o)
                0x00001d80                CapSense_GetBitValue
 .text.CapSense_SetBitValue
                0x00001dc4       0x68 .\CortexM0\ARM_GCC_484\Debug\BLE Lab 4.a(CapSense.o)
                0x00001dc4                CapSense_SetBitValue
 .text.CapSense_GetSensorRaw
                0x00001e2c       0x50 .\CortexM0\ARM_GCC_484\Debug\BLE Lab 4.a(CapSense.o)
                0x00001e2c                CapSense_GetSensorRaw
 .text.CapSense_BaseInit
                0x00001e7c       0x84 .\CortexM0\ARM_GCC_484\Debug\BLE Lab 4.a(CapSense_CSHL.o)
                0x00001e7c                CapSense_BaseInit
 .text.CapSense_InitializeSensorBaseline
                0x00001f00       0x2c .\CortexM0\ARM_GCC_484\Debug\BLE Lab 4.a(CapSense_CSHL.o)
                0x00001f00                CapSense_InitializeSensorBaseline
 .text.CapSense_InitializeAllBaselines
                0x00001f2c       0x28 .\CortexM0\ARM_GCC_484\Debug\BLE Lab 4.a(CapSense_CSHL.o)
                0x00001f2c                CapSense_InitializeAllBaselines
 .text.CapSense_UpdateBaselineNoThreshold
                0x00001f54      0x228 .\CortexM0\ARM_GCC_484\Debug\BLE Lab 4.a(CapSense_CSHL.o)
                0x00001f54                CapSense_UpdateBaselineNoThreshold
 .text.CapSense_UpdateSensorBaseline
                0x0000217c       0x20 .\CortexM0\ARM_GCC_484\Debug\BLE Lab 4.a(CapSense_CSHL.o)
                0x0000217c                CapSense_UpdateSensorBaseline
 .text.CapSense_UpdateEnabledBaselines
                0x0000219c       0x40 .\CortexM0\ARM_GCC_484\Debug\BLE Lab 4.a(CapSense_CSHL.o)
                0x0000219c                CapSense_UpdateEnabledBaselines
 .text.CapSense_GetDiffCountData
                0x000021dc       0x1c .\CortexM0\ARM_GCC_484\Debug\BLE Lab 4.a(CapSense_CSHL.o)
                0x000021dc                CapSense_GetDiffCountData
 .text.CapSense_EnableWidget
                0x000021f8       0x5c .\CortexM0\ARM_GCC_484\Debug\BLE Lab 4.a(CapSense_CSHL.o)
                0x000021f8                CapSense_EnableWidget
 .text.CapSense_IIR4Filter
                0x00002254       0x3c .\CortexM0\ARM_GCC_484\Debug\BLE Lab 4.a(CapSense_CSHL.o)
                0x00002254                CapSense_IIR4Filter
 .text.CapSense_ISR
                0x00002290       0xd4 .\CortexM0\ARM_GCC_484\Debug\BLE Lab 4.a(CapSense_INT.o)
                0x00002290                CapSense_ISR
 .text.CapSense_AutoTune
                0x00002364       0xec .\CortexM0\ARM_GCC_484\Debug\BLE Lab 4.a(CapSense_SMS.o)
                0x00002364                CapSense_AutoTune
 .text.CapSense_UpdateThresholds
                0x00002450       0xec .\CortexM0\ARM_GCC_484\Debug\BLE Lab 4.a(CapSense_SMS.o)
                0x00002450                CapSense_UpdateThresholds
 .text.CapSense_SetAnalogSwitchesSrcDirect
                0x0000253c       0x18 .\CortexM0\ARM_GCC_484\Debug\BLE Lab 4.a(CapSense_SMS.o)
                0x0000253c                CapSense_SetAnalogSwitchesSrcDirect
 .text.CapSense_DisableBaselineIDAC
                0x00002554       0x34 .\CortexM0\ARM_GCC_484\Debug\BLE Lab 4.a(CapSense_SMS.o)
                0x00002554                CapSense_DisableBaselineIDAC
 .text.CapSense_EnableBaselineIDAC
                0x00002588       0x8c .\CortexM0\ARM_GCC_484\Debug\BLE Lab 4.a(CapSense_SMS.o)
                0x00002588                CapSense_EnableBaselineIDAC
 .text.CapSense_SampleClk_StartEx
                0x00002614       0x2c .\CortexM0\ARM_GCC_484\Debug\BLE Lab 4.a(CapSense_SampleClk.o)
                0x00002614                CapSense_SampleClk_StartEx
 .text.CapSense_SampleClk_Stop
                0x00002640       0x20 .\CortexM0\ARM_GCC_484\Debug\BLE Lab 4.a(CapSense_SampleClk.o)
                0x00002640                CapSense_SampleClk_Stop
 .text.CapSense_SampleClk_SetFractionalDividerRegister
                0x00002660       0x44 .\CortexM0\ARM_GCC_484\Debug\BLE Lab 4.a(CapSense_SampleClk.o)
                0x00002660                CapSense_SampleClk_SetFractionalDividerRegister
 .text.CapSense_SenseClk_StartEx
                0x000026a4       0x2c .\CortexM0\ARM_GCC_484\Debug\BLE Lab 4.a(CapSense_SenseClk.o)
                0x000026a4                CapSense_SenseClk_StartEx
 .text.CapSense_SenseClk_Stop
                0x000026d0       0x20 .\CortexM0\ARM_GCC_484\Debug\BLE Lab 4.a(CapSense_SenseClk.o)
                0x000026d0                CapSense_SenseClk_Stop
 .text.CapSense_SenseClk_SetFractionalDividerRegister
                0x000026f0       0x44 .\CortexM0\ARM_GCC_484\Debug\BLE Lab 4.a(CapSense_SenseClk.o)
                0x000026f0                CapSense_SenseClk_SetFractionalDividerRegister
 .text.CalibrateOneDAC_P4_v2_10
                0x00002734       0x44 C:\Program Files (x86)\Cypress\PSoC Creator\3.1\PSoC Creator\psoc\content\cycomponentlibrary\CyComponentLibrary.cylib\CapSense_CSD_P4_v2_10\PSoC4\Library\CapsenseP4Library_GCC.a(CSD_P4_SmartSense_v2_10.o)
                0x00002734                CalibrateOneDAC_P4_v2_10
 .text.CalibrateSensors_P4_v2_10
                0x00002778       0x22 C:\Program Files (x86)\Cypress\PSoC Creator\3.1\PSoC Creator\psoc\content\cycomponentlibrary\CyComponentLibrary.cylib\CapSense_CSD_P4_v2_10\PSoC4\Library\CapsenseP4Library_GCC.a(CSD_P4_SmartSense_v2_10.o)
                0x00002778                CalibrateSensors_P4_v2_10
 *fill*         0x0000279a        0x2 
 .text.TunePrescalers_P4_v2_10
                0x0000279c       0x48 C:\Program Files (x86)\Cypress\PSoC Creator\3.1\PSoC Creator\psoc\content\cycomponentlibrary\CyComponentLibrary.cylib\CapSense_CSD_P4_v2_10\PSoC4\Library\CapsenseP4Library_GCC.a(CSD_P4_SmartSense_v2_10.o)
                0x0000279c                TunePrescalers_P4_v2_10
 .text.TuneSensitivity_P4_v2_10
                0x000027e4      0x100 C:\Program Files (x86)\Cypress\PSoC Creator\3.1\PSoC Creator\psoc\content\cycomponentlibrary\CyComponentLibrary.cylib\CapSense_CSD_P4_v2_10\PSoC4\Library\CapsenseP4Library_GCC.a(CSD_P4_SmartSense_v2_10.o)
                0x000027e4                TuneSensitivity_P4_v2_10
 .text.MeasureNoiseEnvelope_P4_v2_10
                0x000028e4      0x118 C:\Program Files (x86)\Cypress\PSoC Creator\3.1\PSoC Creator\psoc\content\cycomponentlibrary\CyComponentLibrary.cylib\CapSense_CSD_P4_v2_10\PSoC4\Library\CapsenseP4Library_GCC.a(CSD_P4_SmartSense_v2_10.o)
                0x000028e4                MeasureNoiseEnvelope_P4_v2_10
 .text.CalculateThresholds_P4_v2_10
                0x000029fc       0x44 C:\Program Files (x86)\Cypress\PSoC Creator\3.1\PSoC Creator\psoc\content\cycomponentlibrary\CyComponentLibrary.cylib\CapSense_CSD_P4_v2_10\PSoC4\Library\CapsenseP4Library_GCC.a(CSD_P4_SmartSense_v2_10.o)
                0x000029fc                CalculateThresholds_P4_v2_10
 .text.CyBLE_Bless_LlRegWrite
                0x00002a40       0x1c .\CortexM0\ARM_GCC_484\Debug\BLE Lab 4.a(BLE_HAL_PVT.o)
                0x00002a40                CyBLE_Bless_LlRegWrite
 .text.CyBLE_Bless_RfRegWrite
                0x00002a5c       0x1c .\CortexM0\ARM_GCC_484\Debug\BLE Lab 4.a(BLE_HAL_PVT.o)
                0x00002a5c                CyBLE_Bless_RfRegWrite
 .text.CyBleHal_DelayUs
                0x00002a78       0x1c .\CortexM0\ARM_GCC_484\Debug\BLE Lab 4.a(BLE_HAL_PVT.o)
                0x00002a78                CyBleHal_DelayUs
 .text.CyBleHal_EnableGlobalInterrupts
                0x00002a94        0xc .\CortexM0\ARM_GCC_484\Debug\BLE Lab 4.a(BLE_HAL_PVT.o)
                0x00002a94                CyBleHal_EnableGlobalInterrupts
 .text.CyBleHal_DisableGlobalInterrupts
                0x00002aa0        0xc .\CortexM0\ARM_GCC_484\Debug\BLE Lab 4.a(BLE_HAL_PVT.o)
                0x00002aa0                CyBleHal_DisableGlobalInterrupts
 .text.CyBle_HalInit
                0x00002aac       0x20 .\CortexM0\ARM_GCC_484\Debug\BLE Lab 4.a(BLE_HAL_PVT.o)
                0x00002aac                CyBle_HalInit
 .text.CYBLE_BlessStart
                0x00002acc       0x14 .\CortexM0\ARM_GCC_484\Debug\BLE Lab 4.a(BLE_HAL_PVT.o)
                0x00002acc                CYBLE_BlessStart
 .text.BLE_bless_isr_StartEx
                0x00002ae0       0x24 .\CortexM0\ARM_GCC_484\Debug\BLE Lab 4.a(BLE_bless_isr.o)
                0x00002ae0                BLE_bless_isr_StartEx
 .text.BLE_bless_isr_SetVector
                0x00002b04       0x18 .\CortexM0\ARM_GCC_484\Debug\BLE Lab 4.a(BLE_bless_isr.o)
                0x00002b04                BLE_bless_isr_SetVector
 .text.BLE_bless_isr_SetPriority
                0x00002b1c       0x50 .\CortexM0\ARM_GCC_484\Debug\BLE Lab 4.a(BLE_bless_isr.o)
                0x00002b1c                BLE_bless_isr_SetPriority
 .text.BLE_bless_isr_Enable
                0x00002b6c       0x14 .\CortexM0\ARM_GCC_484\Debug\BLE Lab 4.a(BLE_bless_isr.o)
                0x00002b6c                BLE_bless_isr_Enable
 .text.BLE_bless_isr_Disable
                0x00002b80       0x14 .\CortexM0\ARM_GCC_484\Debug\BLE Lab 4.a(BLE_bless_isr.o)
                0x00002b80                BLE_bless_isr_Disable
 .text.CySysPmSleep
                0x00002b94       0x34 .\CortexM0\ARM_GCC_484\Debug\BLE Lab 4.a(cyPm.o)
                0x00002b94                CySysPmSleep
 .text.CyBLE_Bless_Interrupt
                0x00002bc8        0xc .\CortexM0\ARM_GCC_484\Debug\BLE Lab 4.a(BLE_HAL_INT.o)
                0x00002bc8                CyBLE_Bless_Interrupt
 .text          0x00002bd4       0x9c c:/program files (x86)/cypress/psoc creator/3.1/psoc creator/import/gnu_cs/arm/4.8.4/bin/../lib/gcc/arm-none-eabi/4.8.4/armv6-m\libgcc.a(_udivsi3.o)
                0x00002bd4                __aeabi_uidiv
                0x00002bd4                __udivsi3
                0x00002c5c                __aeabi_uidivmod
 .text          0x00002c70       0xc0 c:/program files (x86)/cypress/psoc creator/3.1/psoc creator/import/gnu_cs/arm/4.8.4/bin/../lib/gcc/arm-none-eabi/4.8.4/armv6-m\libgcc.a(_divsi3.o)
                0x00002c70                __divsi3
                0x00002c70                __aeabi_idiv
                0x00002d1c                __aeabi_idivmod
 .text          0x00002d30        0x4 c:/program files (x86)/cypress/psoc creator/3.1/psoc creator/import/gnu_cs/arm/4.8.4/bin/../lib/gcc/arm-none-eabi/4.8.4/armv6-m\libgcc.a(_dvmd_tls.o)
                0x00002d30                __aeabi_idiv0
                0x00002d30                __aeabi_ldiv0
 .text.__libc_init_array
                0x00002d34       0x4c c:/program files (x86)/cypress/psoc creator/3.1/psoc creator/import/gnu_cs/arm/4.8.4/bin/../lib/gcc/arm-none-eabi/4.8.4/../../../../arm-none-eabi/lib/armv6-m\libg_s.a(lib_a-init.o)
                0x00002d34                __libc_init_array
 .text.memcmp   0x00002d80       0x1e c:/program files (x86)/cypress/psoc creator/3.1/psoc creator/import/gnu_cs/arm/4.8.4/bin/../lib/gcc/arm-none-eabi/4.8.4/../../../../arm-none-eabi/lib/armv6-m\libg_s.a(lib_a-memcmp.o)
                0x00002d80                memcmp
 .text.memcpy   0x00002d9e       0x12 c:/program files (x86)/cypress/psoc creator/3.1/psoc creator/import/gnu_cs/arm/4.8.4/bin/../lib/gcc/arm-none-eabi/4.8.4/../../../../arm-none-eabi/lib/armv6-m\libg_s.a(lib_a-memcpy-stub.o)
                0x00002d9e                memcpy
 .text.memset   0x00002db0       0x10 c:/program files (x86)/cypress/psoc creator/3.1/psoc creator/import/gnu_cs/arm/4.8.4/bin/../lib/gcc/arm-none-eabi/4.8.4/../../../../arm-none-eabi/lib/armv6-m\libg_s.a(lib_a-memset.o)
                0x00002db0                memset
 *(.plt)
 *(.gnu.warning)
 *(.glue_7t)
 .glue_7t       0x00000000        0x0 linker stubs
 *(.glue_7)
 .glue_7        0x00000000        0x0 linker stubs
 *(.vfp11_veneer)
 .vfp11_veneer  0x00000000        0x0 linker stubs
 *(.bootloader)
 *(.ARM.extab* .gnu.linkonce.armextab.*)
 *(.gcc_except_table)

.v4_bx          0x00002dc0        0x0
 .v4_bx         0x00000000        0x0 linker stubs

.iplt           0x00002dc0        0x0
 .iplt          0x00000000        0x0 c:/program files (x86)/cypress/psoc creator/3.1/psoc creator/import/gnu_cs/arm/4.8.4/bin/../lib/gcc/arm-none-eabi/4.8.4/armv6-m/crtbegin.o

i.CyBle_ExitLPM
                0x00002dc0        0x8
 i.CyBle_ExitLPM
                0x00002dc0        0x8 C:\Program Files (x86)\Cypress\PSoC Creator\3.1\PSoC Creator\psoc\content\cycomponentlibrary\CyComponentLibrary.cylib\BLE_v1_20\Library\gccCyBLEStack_BLE_SOC_PERIPHERAL.a(CyBle.o)
                0x00002dc0                CyBle_ExitLPM

i.CyBle_ProcessEvents
                0x00002dc8        0x8
 i.CyBle_ProcessEvents
                0x00002dc8        0x8 C:\Program Files (x86)\Cypress\PSoC Creator\3.1\PSoC Creator\psoc\content\cycomponentlibrary\CyComponentLibrary.cylib\BLE_v1_20\Library\gccCyBLEStack_BLE_SOC_PERIPHERAL.a(CyBle.o)
                0x00002dc8                CyBle_ProcessEvents

i.CyBle_SetDeviceAddress
                0x00002dd0       0x24
 i.CyBle_SetDeviceAddress
                0x00002dd0       0x24 C:\Program Files (x86)\Cypress\PSoC Creator\3.1\PSoC Creator\psoc\content\cycomponentlibrary\CyComponentLibrary.cylib\BLE_v1_20\Library\gccCyBLEStack_BLE_SOC_PERIPHERAL.a(CyBle.o)
                0x00002dd0                CyBle_SetDeviceAddress

i.CyBle_StackInit
                0x00002df4       0x84
 i.CyBle_StackInit
                0x00002df4       0x84 C:\Program Files (x86)\Cypress\PSoC Creator\3.1\PSoC Creator\psoc\content\cycomponentlibrary\CyComponentLibrary.cylib\BLE_v1_20\Library\gccCyBLEStack_BLE_SOC_PERIPHERAL.a(CyBle.o)
                0x00002df4                CyBle_StackInit

i.CyBleStackMgr_BleGetConfigData
                0x00002e78        0x4
 i.CyBleStackMgr_BleGetConfigData
                0x00002e78        0x4 C:\Program Files (x86)\Cypress\PSoC Creator\3.1\PSoC Creator\psoc\content\cycomponentlibrary\CyComponentLibrary.cylib\BLE_v1_20\Library\gccCyBLEStack_BLE_SOC_PERIPHERAL.a(CyBleStackMgrIP_Interface.o)
                0x00002e78                CyBleStackMgr_BleGetConfigData

i.CyBleStackMgr_BleSetConfigData
                0x00002e7c        0x4
 i.CyBleStackMgr_BleSetConfigData
                0x00002e7c        0x4 C:\Program Files (x86)\Cypress\PSoC Creator\3.1\PSoC Creator\psoc\content\cycomponentlibrary\CyComponentLibrary.cylib\BLE_v1_20\Library\gccCyBLEStack_BLE_SOC_PERIPHERAL.a(CyBleStackMgrIP_Interface.o)
                0x00002e7c                CyBleStackMgr_BleSetConfigData

i.CyBleStackMgr_Init
                0x00002e80      0x104
 i.CyBleStackMgr_Init
                0x00002e80      0x104 C:\Program Files (x86)\Cypress\PSoC Creator\3.1\PSoC Creator\psoc\content\cycomponentlibrary\CyComponentLibrary.cylib\BLE_v1_20\Library\gccCyBLEStack_BLE_SOC_PERIPHERAL.a(CyBleStackMgrIP_Interface.o)
                0x00002e80                CyBleStackMgr_Init

i.CyBleStackMgr_ProcessBleEvents
                0x00002f84       0x14
 i.CyBleStackMgr_ProcessBleEvents
                0x00002f84       0x14 C:\Program Files (x86)\Cypress\PSoC Creator\3.1\PSoC Creator\psoc\content\cycomponentlibrary\CyComponentLibrary.cylib\BLE_v1_20\Library\gccCyBLEStack_BLE_SOC_PERIPHERAL.a(CyBleStackMgrIP_Interface.o)
                0x00002f84                CyBleStackMgr_ProcessBleEvents

i.ble_stack_idle_task_callback
                0x00002f98        0x2
 i.ble_stack_idle_task_callback
                0x00002f98        0x2 C:\Program Files (x86)\Cypress\PSoC Creator\3.1\PSoC Creator\psoc\content\cycomponentlibrary\CyComponentLibrary.cylib\BLE_v1_20\Library\gccCyBLEStack_BLE_SOC_PERIPHERAL.a(CyBleStackMgrIP_Interface.o)
                0x00002f98                ble_stack_idle_task_callback

i.BT_OSFreeBuf  0x00002f9c       0x18
 i.BT_OSFreeBuf
                0x00002f9c       0x18 C:\Program Files (x86)\Cypress\PSoC Creator\3.1\PSoC Creator\psoc\content\cycomponentlibrary\CyComponentLibrary.cylib\BLE_v1_20\Library\gccCyBLEStack_BLE_SOC_PERIPHERAL.a(BT_os.o)
                0x00002f9c                BT_OSFreeBuf

i.BT_OSGetBuF   0x00002fb4       0x1c
 i.BT_OSGetBuF  0x00002fb4       0x1c C:\Program Files (x86)\Cypress\PSoC Creator\3.1\PSoC Creator\psoc\content\cycomponentlibrary\CyComponentLibrary.cylib\BLE_v1_20\Library\gccCyBLEStack_BLE_SOC_PERIPHERAL.a(BT_os.o)
                0x00002fb4                BT_OSGetBuF

i.BT_OSMemCreate
                0x00002fd0       0x1c
 i.BT_OSMemCreate
                0x00002fd0       0x1c C:\Program Files (x86)\Cypress\PSoC Creator\3.1\PSoC Creator\psoc\content\cycomponentlibrary\CyComponentLibrary.cylib\BLE_v1_20\Library\gccCyBLEStack_BLE_SOC_PERIPHERAL.a(BT_os.o)
                0x00002fd0                BT_OSMemCreate

i.BT_alloc_mem_ext
                0x00002fec       0x34
 i.BT_alloc_mem_ext
                0x00002fec       0x34 C:\Program Files (x86)\Cypress\PSoC Creator\3.1\PSoC Creator\psoc\content\cycomponentlibrary\CyComponentLibrary.cylib\BLE_v1_20\Library\gccCyBLEStack_BLE_SOC_PERIPHERAL.a(BT_os.o)
                0x00002fec                BT_alloc_mem_ext

i.BT_free_mem   0x00003020        0xc
 i.BT_free_mem  0x00003020        0xc C:\Program Files (x86)\Cypress\PSoC Creator\3.1\PSoC Creator\psoc\content\cycomponentlibrary\CyComponentLibrary.cylib\BLE_v1_20\Library\gccCyBLEStack_BLE_SOC_PERIPHERAL.a(BT_os.o)
                0x00003020                BT_free_mem

i.bt_stack_init_os
                0x0000302c       0x34
 i.bt_stack_init_os
                0x0000302c       0x34 C:\Program Files (x86)\Cypress\PSoC Creator\3.1\PSoC Creator\psoc\content\cycomponentlibrary\CyComponentLibrary.cylib\BLE_v1_20\Library\gccCyBLEStack_BLE_SOC_PERIPHERAL.a(BT_os.o)
                0x0000302c                bt_stack_init_os

i.CyBle_CheckBleStackTaskStatus
                0x00003060        0x4
 i.CyBle_CheckBleStackTaskStatus
                0x00003060        0x4 C:\Program Files (x86)\Cypress\PSoC Creator\3.1\PSoC Creator\psoc\content\cycomponentlibrary\CyComponentLibrary.cylib\BLE_v1_20\Library\gccCyBLEStack_BLE_SOC_PERIPHERAL.a(CyBleStackMgr_StackTaskHandler.o)
                0x00003060                CyBle_CheckBleStackTaskStatus

i.CyBle_CreateBleStackTask
                0x00003064       0x2c
 i.CyBle_CreateBleStackTask
                0x00003064       0x2c C:\Program Files (x86)\Cypress\PSoC Creator\3.1\PSoC Creator\psoc\content\cycomponentlibrary\CyComponentLibrary.cylib\BLE_v1_20\Library\gccCyBLEStack_BLE_SOC_PERIPHERAL.a(CyBleStackMgr_StackTaskHandler.o)
                0x00003064                CyBle_CreateBleStackTask

i.CyBle_SignalBleStackTask
                0x00003090       0x50
 i.CyBle_SignalBleStackTask
                0x00003090       0x50 C:\Program Files (x86)\Cypress\PSoC Creator\3.1\PSoC Creator\psoc\content\cycomponentlibrary\CyComponentLibrary.cylib\BLE_v1_20\Library\gccCyBLEStack_BLE_SOC_PERIPHERAL.a(CyBleStackMgr_StackTaskHandler.o)
                0x00003090                CyBle_SignalBleStackTask

i.CyBle_StackTaskHandler
                0x000030e0       0x5c
 i.CyBle_StackTaskHandler
                0x000030e0       0x5c C:\Program Files (x86)\Cypress\PSoC Creator\3.1\PSoC Creator\psoc\content\cycomponentlibrary\CyComponentLibrary.cylib\BLE_v1_20\Library\gccCyBLEStack_BLE_SOC_PERIPHERAL.a(CyBleStackMgr_StackTaskHandler.o)
                0x000030e0                CyBle_StackTaskHandler

i.__ARM_common_switch8
                0x0000313c       0x1a
 i.__ARM_common_switch8
                0x0000313c       0x1a C:\Program Files (x86)\Cypress\PSoC Creator\3.1\PSoC Creator\psoc\content\cycomponentlibrary\CyComponentLibrary.cylib\BLE_v1_20\Library\gccCyBLEStack_BLE_SOC_PERIPHERAL.a(CyBleStackMgr_StackTaskHandler.o)
                0x0000313c                __ARM_common_switch8

i.hci_soft_transport_notify_data_received
                0x00003158        0xc
 i.hci_soft_transport_notify_data_received
                0x00003158        0xc C:\Program Files (x86)\Cypress\PSoC Creator\3.1\PSoC Creator\psoc\content\cycomponentlibrary\CyComponentLibrary.cylib\BLE_v1_20\Library\gccCyBLEStack_BLE_SOC_PERIPHERAL.a(transport_sf.o)
                0x00003158                hci_soft_transport_notify_data_received

i.hci_soft_transport_rx_data
                0x00003164       0x40
 i.hci_soft_transport_rx_data
                0x00003164       0x40 C:\Program Files (x86)\Cypress\PSoC Creator\3.1\PSoC Creator\psoc\content\cycomponentlibrary\CyComponentLibrary.cylib\BLE_v1_20\Library\gccCyBLEStack_BLE_SOC_PERIPHERAL.a(transport_sf.o)
                0x00003164                hci_soft_transport_rx_data

i.hci_transport_bt_init
                0x000031a4        0x2
 i.hci_transport_bt_init
                0x000031a4        0x2 C:\Program Files (x86)\Cypress\PSoC Creator\3.1\PSoC Creator\psoc\content\cycomponentlibrary\CyComponentLibrary.cylib\BLE_v1_20\Library\gccCyBLEStack_BLE_SOC_PERIPHERAL.a(transport_sf.o)
                0x000031a4                hci_transport_bt_init

i.hci_transport_init
                0x000031a8       0x10
 i.hci_transport_init
                0x000031a8       0x10 C:\Program Files (x86)\Cypress\PSoC Creator\3.1\PSoC Creator\psoc\content\cycomponentlibrary\CyComponentLibrary.cylib\BLE_v1_20\Library\gccCyBLEStack_BLE_SOC_PERIPHERAL.a(transport_sf.o)
                0x000031a8                hci_transport_init

i.hci_transport_write_data
                0x000031b8       0xd4
 i.hci_transport_write_data
                0x000031b8       0xd4 C:\Program Files (x86)\Cypress\PSoC Creator\3.1\PSoC Creator\psoc\content\cycomponentlibrary\CyComponentLibrary.cylib\BLE_v1_20\Library\gccCyBLEStack_BLE_SOC_PERIPHERAL.a(transport_sf.o)
                0x000031b8                hci_transport_write_data

i.pf_hci_soft_transport_write
                0x0000328c       0x44
 i.pf_hci_soft_transport_write
                0x0000328c       0x44 C:\Program Files (x86)\Cypress\PSoC Creator\3.1\PSoC Creator\psoc\content\cycomponentlibrary\CyComponentLibrary.cylib\BLE_v1_20\Library\gccCyBLEStack_BLE_SOC_PERIPHERAL.a(transport_sf.o)
                0x0000328c                pf_hci_soft_transport_write

i.pf_soft_hci_transport_init
                0x000032d0        0xc
 i.pf_soft_hci_transport_init
                0x000032d0        0xc C:\Program Files (x86)\Cypress\PSoC Creator\3.1\PSoC Creator\psoc\content\cycomponentlibrary\CyComponentLibrary.cylib\BLE_v1_20\Library\gccCyBLEStack_BLE_SOC_PERIPHERAL.a(transport_sf.o)
                0x000032d0                pf_soft_hci_transport_init

i.CyBleStackMgr_GetTime
                0x000032dc       0x14
 i.CyBleStackMgr_GetTime
                0x000032dc       0x14 C:\Program Files (x86)\Cypress\PSoC Creator\3.1\PSoC Creator\psoc\content\cycomponentlibrary\CyComponentLibrary.cylib\BLE_v1_20\Library\gccCyBLEStack_BLE_SOC_PERIPHERAL.a(CyBleStackMgr_PSoCHal.o)
                0x000032dc                CyBleStackMgr_GetTime

i.CyBleStackMgr_HalInit
                0x000032f0       0x24
 i.CyBleStackMgr_HalInit
                0x000032f0       0x24 C:\Program Files (x86)\Cypress\PSoC Creator\3.1\PSoC Creator\psoc\content\cycomponentlibrary\CyComponentLibrary.cylib\BLE_v1_20\Library\gccCyBLEStack_BLE_SOC_PERIPHERAL.a(CyBleStackMgr_PSoCHal.o)
                0x000032f0                CyBleStackMgr_HalInit

i.CyBleStackMgr_HalIntrEnable
                0x00003314        0x8
 i.CyBleStackMgr_HalIntrEnable
                0x00003314        0x8 C:\Program Files (x86)\Cypress\PSoC Creator\3.1\PSoC Creator\psoc\content\cycomponentlibrary\CyComponentLibrary.cylib\BLE_v1_20\Library\gccCyBLEStack_BLE_SOC_PERIPHERAL.a(CyBleStackMgr_PSoCHal.o)
                0x00003314                CyBleStackMgr_HalIntrEnable

i.CyBleStackMgr_HandleLinkLayerTick
                0x0000331c       0x5c
 i.CyBleStackMgr_HandleLinkLayerTick
                0x0000331c       0x5c C:\Program Files (x86)\Cypress\PSoC Creator\3.1\PSoC Creator\psoc\content\cycomponentlibrary\CyComponentLibrary.cylib\BLE_v1_20\Library\gccCyBLEStack_BLE_SOC_PERIPHERAL.a(CyBleStackMgr_PSoCHal.o)
                0x0000331c                CyBleStackMgr_HandleLinkLayerTick

i.CyBleStackMgr_HciPortInit
                0x00003378        0xc
 i.CyBleStackMgr_HciPortInit
                0x00003378        0xc C:\Program Files (x86)\Cypress\PSoC Creator\3.1\PSoC Creator\psoc\content\cycomponentlibrary\CyComponentLibrary.cylib\BLE_v1_20\Library\gccCyBLEStack_BLE_SOC_PERIPHERAL.a(CyBleStackMgr_PSoCHal.o)
                0x00003378                CyBleStackMgr_HciPortInit

i.CyBleStackMgr_HciPortReset
                0x00003384        0x2
 i.CyBleStackMgr_HciPortReset
                0x00003384        0x2 C:\Program Files (x86)\Cypress\PSoC Creator\3.1\PSoC Creator\psoc\content\cycomponentlibrary\CyComponentLibrary.cylib\BLE_v1_20\Library\gccCyBLEStack_BLE_SOC_PERIPHERAL.a(CyBleStackMgr_PSoCHal.o)
                0x00003384                CyBleStackMgr_HciPortReset

i.CyBleStackMgr_HciPortWrite
                0x00003386        0x8
 i.CyBleStackMgr_HciPortWrite
                0x00003386        0x8 C:\Program Files (x86)\Cypress\PSoC Creator\3.1\PSoC Creator\psoc\content\cycomponentlibrary\CyComponentLibrary.cylib\BLE_v1_20\Library\gccCyBLEStack_BLE_SOC_PERIPHERAL.a(CyBleStackMgr_PSoCHal.o)
                0x00003386                CyBleStackMgr_HciPortWrite

i.CyBleStackMgr_ResetLinkLayerTimerEntity
                0x00003390       0x14
 i.CyBleStackMgr_ResetLinkLayerTimerEntity
                0x00003390       0x14 C:\Program Files (x86)\Cypress\PSoC Creator\3.1\PSoC Creator\psoc\content\cycomponentlibrary\CyComponentLibrary.cylib\BLE_v1_20\Library\gccCyBLEStack_BLE_SOC_PERIPHERAL.a(CyBleStackMgr_PSoCHal.o)
                0x00003390                CyBleStackMgr_ResetLinkLayerTimerEntity

i.CyBleStackMgr_TimerStart
                0x000033a4       0x2c
 i.CyBleStackMgr_TimerStart
                0x000033a4       0x2c C:\Program Files (x86)\Cypress\PSoC Creator\3.1\PSoC Creator\psoc\content\cycomponentlibrary\CyComponentLibrary.cylib\BLE_v1_20\Library\gccCyBLEStack_BLE_SOC_PERIPHERAL.a(CyBleStackMgr_PSoCHal.o)
                0x000033a4                CyBleStackMgr_TimerStart

i.CyBleStackMgr_TimerStop
                0x000033d0       0x18
 i.CyBleStackMgr_TimerStop
                0x000033d0       0x18 C:\Program Files (x86)\Cypress\PSoC Creator\3.1\PSoC Creator\psoc\content\cycomponentlibrary\CyComponentLibrary.cylib\BLE_v1_20\Library\gccCyBLEStack_BLE_SOC_PERIPHERAL.a(CyBleStackMgr_PSoCHal.o)
                0x000033d0                CyBleStackMgr_TimerStop

i.CyBleStackMgr_isTimerRunning
                0x000033e8       0x10
 i.CyBleStackMgr_isTimerRunning
                0x000033e8       0x10 C:\Program Files (x86)\Cypress\PSoC Creator\3.1\PSoC Creator\psoc\content\cycomponentlibrary\CyComponentLibrary.cylib\BLE_v1_20\Library\gccCyBLEStack_BLE_SOC_PERIPHERAL.a(CyBleStackMgr_PSoCHal.o)
                0x000033e8                CyBleStackMgr_isTimerRunning

i.CyBleAtlantisRadioInit
                0x000033f8      0x1ac
 i.CyBleAtlantisRadioInit
                0x000033f8      0x1ac C:\Program Files (x86)\Cypress\PSoC Creator\3.1\PSoC Creator\psoc\content\cycomponentlibrary\CyComponentLibrary.cylib\BLE_v1_20\Library\gccCyBLEStack_BLE_SOC_PERIPHERAL.a(CyBleStackMgr_BleSSDriver.o)

i.CyBleStackMgr_BleSSFifoRead
                0x000035a4       0x38
 i.CyBleStackMgr_BleSSFifoRead
                0x000035a4       0x38 C:\Program Files (x86)\Cypress\PSoC Creator\3.1\PSoC Creator\psoc\content\cycomponentlibrary\CyComponentLibrary.cylib\BLE_v1_20\Library\gccCyBLEStack_BLE_SOC_PERIPHERAL.a(CyBleStackMgr_BleSSDriver.o)
                0x000035a4                CyBleStackMgr_BleSSFifoRead

i.CyBleStackMgr_BleSSFifoWrite
                0x000035dc       0x30
 i.CyBleStackMgr_BleSSFifoWrite
                0x000035dc       0x30 C:\Program Files (x86)\Cypress\PSoC Creator\3.1\PSoC Creator\psoc\content\cycomponentlibrary\CyComponentLibrary.cylib\BLE_v1_20\Library\gccCyBLEStack_BLE_SOC_PERIPHERAL.a(CyBleStackMgr_BleSSDriver.o)
                0x000035dc                CyBleStackMgr_BleSSFifoWrite

i.CyBleStackMgr_BleSSInit
                0x0000360c       0x50
 i.CyBleStackMgr_BleSSInit
                0x0000360c       0x50 C:\Program Files (x86)\Cypress\PSoC Creator\3.1\PSoC Creator\psoc\content\cycomponentlibrary\CyComponentLibrary.cylib\BLE_v1_20\Library\gccCyBLEStack_BLE_SOC_PERIPHERAL.a(CyBleStackMgr_BleSSDriver.o)
                0x0000360c                CyBleStackMgr_BleSSInit

i.CyBleStackMgr_BleSSMemRead
                0x0000365c       0x26
 i.CyBleStackMgr_BleSSMemRead
                0x0000365c       0x26 C:\Program Files (x86)\Cypress\PSoC Creator\3.1\PSoC Creator\psoc\content\cycomponentlibrary\CyComponentLibrary.cylib\BLE_v1_20\Library\gccCyBLEStack_BLE_SOC_PERIPHERAL.a(CyBleStackMgr_BleSSDriver.o)
                0x0000365c                CyBleStackMgr_BleSSMemRead

i.CyBleStackMgr_BleSSMemWrite
                0x00003684       0x34
 i.CyBleStackMgr_BleSSMemWrite
                0x00003684       0x34 C:\Program Files (x86)\Cypress\PSoC Creator\3.1\PSoC Creator\psoc\content\cycomponentlibrary\CyComponentLibrary.cylib\BLE_v1_20\Library\gccCyBLEStack_BLE_SOC_PERIPHERAL.a(CyBleStackMgr_BleSSDriver.o)
                0x00003684                CyBleStackMgr_BleSSMemWrite

i.CyBleStackMgr_BleSSRegRead
                0x000036b8        0xc
 i.CyBleStackMgr_BleSSRegRead
                0x000036b8        0xc C:\Program Files (x86)\Cypress\PSoC Creator\3.1\PSoC Creator\psoc\content\cycomponentlibrary\CyComponentLibrary.cylib\BLE_v1_20\Library\gccCyBLEStack_BLE_SOC_PERIPHERAL.a(CyBleStackMgr_BleSSDriver.o)
                0x000036b8                CyBleStackMgr_BleSSRegRead

i.CyBleStackMgr_BleSSRegWrite
                0x000036c4        0xc
 i.CyBleStackMgr_BleSSRegWrite
                0x000036c4        0xc C:\Program Files (x86)\Cypress\PSoC Creator\3.1\PSoC Creator\psoc\content\cycomponentlibrary\CyComponentLibrary.cylib\BLE_v1_20\Library\gccCyBLEStack_BLE_SOC_PERIPHERAL.a(CyBleStackMgr_BleSSDriver.o)
                0x000036c4                CyBleStackMgr_BleSSRegWrite

i.CyBleStackMgr_BleSSReset
                0x000036d0       0x38
 i.CyBleStackMgr_BleSSReset
                0x000036d0       0x38 C:\Program Files (x86)\Cypress\PSoC Creator\3.1\PSoC Creator\psoc\content\cycomponentlibrary\CyComponentLibrary.cylib\BLE_v1_20\Library\gccCyBLEStack_BLE_SOC_PERIPHERAL.a(CyBleStackMgr_BleSSDriver.o)
                0x000036d0                CyBleStackMgr_BleSSReset

i.CyBleStackMgr_GenericIface
                0x00003708       0x3c
 i.CyBleStackMgr_GenericIface
                0x00003708       0x3c C:\Program Files (x86)\Cypress\PSoC Creator\3.1\PSoC Creator\psoc\content\cycomponentlibrary\CyComponentLibrary.cylib\BLE_v1_20\Library\gccCyBLEStack_BLE_SOC_PERIPHERAL.a(CyBleStackMgr_BleSSDriver.o)
                0x00003708                CyBleStackMgr_GenericIface

i.CyBleStackMgr_HandleBleSSIntr
                0x00003744       0x90
 i.CyBleStackMgr_HandleBleSSIntr
                0x00003744       0x90 C:\Program Files (x86)\Cypress\PSoC Creator\3.1\PSoC Creator\psoc\content\cycomponentlibrary\CyComponentLibrary.cylib\BLE_v1_20\Library\gccCyBLEStack_BLE_SOC_PERIPHERAL.a(CyBleStackMgr_BleSSDriver.o)
                0x00003744                CyBleStackMgr_HandleBleSSIntr

i.CyBleStackMgr_SetClockParam
                0x000037d4       0xb4
 i.CyBleStackMgr_SetClockParam
                0x000037d4       0xb4 C:\Program Files (x86)\Cypress\PSoC Creator\3.1\PSoC Creator\psoc\content\cycomponentlibrary\CyComponentLibrary.cylib\BLE_v1_20\Library\gccCyBLEStack_BLE_SOC_PERIPHERAL.a(CyBleStackMgr_BleSSDriver.o)

i.CyBle_ExitDsmMode
                0x00003888       0x2c
 i.CyBle_ExitDsmMode
                0x00003888       0x2c C:\Program Files (x86)\Cypress\PSoC Creator\3.1\PSoC Creator\psoc\content\cycomponentlibrary\CyComponentLibrary.cylib\BLE_v1_20\Library\gccCyBLEStack_BLE_SOC_PERIPHERAL.a(CyBleStackMgr_BleSSDriver.o)
                0x00003888                CyBle_ExitDsmMode

i.CyBle_GetBleSsOperationalMode
                0x000038b4        0xc
 i.CyBle_GetBleSsOperationalMode
                0x000038b4        0xc C:\Program Files (x86)\Cypress\PSoC Creator\3.1\PSoC Creator\psoc\content\cycomponentlibrary\CyComponentLibrary.cylib\BLE_v1_20\Library\gccCyBLEStack_BLE_SOC_PERIPHERAL.a(CyBleStackMgr_BleSSDriver.o)
                0x000038b4                CyBle_GetBleSsOperationalMode

i.CyBle_GetLpMode
                0x000038c0       0x26
 i.CyBle_GetLpMode
                0x000038c0       0x26 C:\Program Files (x86)\Cypress\PSoC Creator\3.1\PSoC Creator\psoc\content\cycomponentlibrary\CyComponentLibrary.cylib\BLE_v1_20\Library\gccCyBLEStack_BLE_SOC_PERIPHERAL.a(CyBleStackMgr_BleSSDriver.o)
                0x000038c0                CyBle_GetLpMode

i.CyBle_GetTxGainMode
                0x000038e8       0x2c
 i.CyBle_GetTxGainMode
                0x000038e8       0x2c C:\Program Files (x86)\Cypress\PSoC Creator\3.1\PSoC Creator\psoc\content\cycomponentlibrary\CyComponentLibrary.cylib\BLE_v1_20\Library\gccCyBLEStack_BLE_SOC_PERIPHERAL.a(CyBleStackMgr_BleSSDriver.o)
                0x000038e8                CyBle_GetTxGainMode

i.CyBle_SetBleSsOperationalMode
                0x00003914       0x20
 i.CyBle_SetBleSsOperationalMode
                0x00003914       0x20 C:\Program Files (x86)\Cypress\PSoC Creator\3.1\PSoC Creator\psoc\content\cycomponentlibrary\CyComponentLibrary.cylib\BLE_v1_20\Library\gccCyBLEStack_BLE_SOC_PERIPHERAL.a(CyBleStackMgr_BleSSDriver.o)
                0x00003914                CyBle_SetBleSsOperationalMode

i.CyBle_SetEventCloseState
                0x00003934        0xc
 i.CyBle_SetEventCloseState
                0x00003934        0xc C:\Program Files (x86)\Cypress\PSoC Creator\3.1\PSoC Creator\psoc\content\cycomponentlibrary\CyComponentLibrary.cylib\BLE_v1_20\Library\gccCyBLEStack_BLE_SOC_PERIPHERAL.a(CyBleStackMgr_BleSSDriver.o)
                0x00003934                CyBle_SetEventCloseState

i.CyBle_SetRxGainMode
                0x00003940       0x20
 i.CyBle_SetRxGainMode
                0x00003940       0x20 C:\Program Files (x86)\Cypress\PSoC Creator\3.1\PSoC Creator\psoc\content\cycomponentlibrary\CyComponentLibrary.cylib\BLE_v1_20\Library\gccCyBLEStack_BLE_SOC_PERIPHERAL.a(CyBleStackMgr_BleSSDriver.o)
                0x00003940                CyBle_SetRxGainMode

i.CyBle_SetTxGainMode
                0x00003960       0x38
 i.CyBle_SetTxGainMode
                0x00003960       0x38 C:\Program Files (x86)\Cypress\PSoC Creator\3.1\PSoC Creator\psoc\content\cycomponentlibrary\CyComponentLibrary.cylib\BLE_v1_20\Library\gccCyBLEStack_BLE_SOC_PERIPHERAL.a(CyBleStackMgr_BleSSDriver.o)
                0x00003960                CyBle_SetTxGainMode

i.pf_rf_get_abs_rssi
                0x00003998       0x24
 i.pf_rf_get_abs_rssi
                0x00003998       0x24 C:\Program Files (x86)\Cypress\PSoC Creator\3.1\PSoC Creator\psoc\content\cycomponentlibrary\CyComponentLibrary.cylib\BLE_v1_20\Library\gccCyBLEStack_BLE_SOC_PERIPHERAL.a(CyBleStackMgr_BleSSDriver.o)
                0x00003998                pf_rf_get_abs_rssi

i.OS_init       0x000039bc       0x64
 i.OS_init      0x000039bc       0x64 C:\Program Files (x86)\Cypress\PSoC Creator\3.1\PSoC Creator\psoc\content\cycomponentlibrary\CyComponentLibrary.cylib\BLE_v1_20\Library\gccCyBLEStack_BLE_SOC_PERIPHERAL.a(mint_os.o)
                0x000039bc                OS_init

i.mintos_malloc
                0x00003a20       0x34
 i.mintos_malloc
                0x00003a20       0x34 C:\Program Files (x86)\Cypress\PSoC Creator\3.1\PSoC Creator\psoc\content\cycomponentlibrary\CyComponentLibrary.cylib\BLE_v1_20\Library\gccCyBLEStack_BLE_SOC_PERIPHERAL.a(mint_os.o)
                0x00003a20                mintos_malloc

i.OS_create_queue
                0x00003a54       0x64
 i.OS_create_queue
                0x00003a54       0x64 C:\Program Files (x86)\Cypress\PSoC Creator\3.1\PSoC Creator\psoc\content\cycomponentlibrary\CyComponentLibrary.cylib\BLE_v1_20\Library\gccCyBLEStack_BLE_SOC_PERIPHERAL.a(mint_os_queue.o)
                0x00003a54                OS_create_queue

i.OS_enqueue_item
                0x00003ab8       0x8c
 i.OS_enqueue_item
                0x00003ab8       0x8c C:\Program Files (x86)\Cypress\PSoC Creator\3.1\PSoC Creator\psoc\content\cycomponentlibrary\CyComponentLibrary.cylib\BLE_v1_20\Library\gccCyBLEStack_BLE_SOC_PERIPHERAL.a(mint_os_queue.o)
                0x00003ab8                OS_enqueue_item

i.OS_queue_get_num_of_items
                0x00003b44       0x28
 i.OS_queue_get_num_of_items
                0x00003b44       0x28 C:\Program Files (x86)\Cypress\PSoC Creator\3.1\PSoC Creator\psoc\content\cycomponentlibrary\CyComponentLibrary.cylib\BLE_v1_20\Library\gccCyBLEStack_BLE_SOC_PERIPHERAL.a(mint_os_queue.o)
                0x00003b44                OS_queue_get_num_of_items

i.OS_queue_mgmt_init
                0x00003b6c       0x40
 i.OS_queue_mgmt_init
                0x00003b6c       0x40 C:\Program Files (x86)\Cypress\PSoC Creator\3.1\PSoC Creator\psoc\content\cycomponentlibrary\CyComponentLibrary.cylib\BLE_v1_20\Library\gccCyBLEStack_BLE_SOC_PERIPHERAL.a(mint_os_queue.o)
                0x00003b6c                OS_queue_mgmt_init

i.OS_remove_item
                0x00003bac       0xa0
 i.OS_remove_item
                0x00003bac       0xa0 C:\Program Files (x86)\Cypress\PSoC Creator\3.1\PSoC Creator\psoc\content\cycomponentlibrary\CyComponentLibrary.cylib\BLE_v1_20\Library\gccCyBLEStack_BLE_SOC_PERIPHERAL.a(mint_os_queue.o)
                0x00003bac                OS_remove_item

i.OS_create_task
                0x00003c4c       0x88
 i.OS_create_task
                0x00003c4c       0x88 C:\Program Files (x86)\Cypress\PSoC Creator\3.1\PSoC Creator\psoc\content\cycomponentlibrary\CyComponentLibrary.cylib\BLE_v1_20\Library\gccCyBLEStack_BLE_SOC_PERIPHERAL.a(mint_os_task.o)
                0x00003c4c                OS_create_task

i.OS_isr_send_signal_to_task
                0x00003cd4        0xc
 i.OS_isr_send_signal_to_task
                0x00003cd4        0xc C:\Program Files (x86)\Cypress\PSoC Creator\3.1\PSoC Creator\psoc\content\cycomponentlibrary\CyComponentLibrary.cylib\BLE_v1_20\Library\gccCyBLEStack_BLE_SOC_PERIPHERAL.a(mint_os_task.o)
                0x00003cd4                OS_isr_send_signal_to_task

i.OS_scheduler  0x00003ce0       0x64
 i.OS_scheduler
                0x00003ce0       0x64 C:\Program Files (x86)\Cypress\PSoC Creator\3.1\PSoC Creator\psoc\content\cycomponentlibrary\CyComponentLibrary.cylib\BLE_v1_20\Library\gccCyBLEStack_BLE_SOC_PERIPHERAL.a(mint_os_task.o)
                0x00003ce0                OS_scheduler

i.OS_send_signal_to_task
                0x00003d44        0xc
 i.OS_send_signal_to_task
                0x00003d44        0xc C:\Program Files (x86)\Cypress\PSoC Creator\3.1\PSoC Creator\psoc\content\cycomponentlibrary\CyComponentLibrary.cylib\BLE_v1_20\Library\gccCyBLEStack_BLE_SOC_PERIPHERAL.a(mint_os_task.o)
                0x00003d44                OS_send_signal_to_task

i.OS_send_signal_to_task_context
                0x00003d50       0x3c
 i.OS_send_signal_to_task_context
                0x00003d50       0x3c C:\Program Files (x86)\Cypress\PSoC Creator\3.1\PSoC Creator\psoc\content\cycomponentlibrary\CyComponentLibrary.cylib\BLE_v1_20\Library\gccCyBLEStack_BLE_SOC_PERIPHERAL.a(mint_os_task.o)

i.OS_task_mgmt_init
                0x00003d8c       0x50
 i.OS_task_mgmt_init
                0x00003d8c       0x50 C:\Program Files (x86)\Cypress\PSoC Creator\3.1\PSoC Creator\psoc\content\cycomponentlibrary\CyComponentLibrary.cylib\BLE_v1_20\Library\gccCyBLEStack_BLE_SOC_PERIPHERAL.a(mint_os_task.o)
                0x00003d8c                OS_task_mgmt_init

i.mint_buf_mgmt_allocate_buffer
                0x00003ddc       0x4c
 i.mint_buf_mgmt_allocate_buffer
                0x00003ddc       0x4c C:\Program Files (x86)\Cypress\PSoC Creator\3.1\PSoC Creator\psoc\content\cycomponentlibrary\CyComponentLibrary.cylib\BLE_v1_20\Library\gccCyBLEStack_BLE_SOC_PERIPHERAL.a(mint_buf_mgmt.o)
                0x00003ddc                mint_buf_mgmt_allocate_buffer

i.mint_buf_mgmt_create_pool
                0x00003e28       0xd8
 i.mint_buf_mgmt_create_pool
                0x00003e28       0xd8 C:\Program Files (x86)\Cypress\PSoC Creator\3.1\PSoC Creator\psoc\content\cycomponentlibrary\CyComponentLibrary.cylib\BLE_v1_20\Library\gccCyBLEStack_BLE_SOC_PERIPHERAL.a(mint_buf_mgmt.o)
                0x00003e28                mint_buf_mgmt_create_pool

i.mint_buf_mgmt_free_buffer
                0x00003f00       0xa4
 i.mint_buf_mgmt_free_buffer
                0x00003f00       0xa4 C:\Program Files (x86)\Cypress\PSoC Creator\3.1\PSoC Creator\psoc\content\cycomponentlibrary\CyComponentLibrary.cylib\BLE_v1_20\Library\gccCyBLEStack_BLE_SOC_PERIPHERAL.a(mint_buf_mgmt.o)
                0x00003f00                mint_buf_mgmt_free_buffer

i.mint_buf_mgmt_get_free_heap
                0x00003fa4       0x1c
 i.mint_buf_mgmt_get_free_heap
                0x00003fa4       0x1c C:\Program Files (x86)\Cypress\PSoC Creator\3.1\PSoC Creator\psoc\content\cycomponentlibrary\CyComponentLibrary.cylib\BLE_v1_20\Library\gccCyBLEStack_BLE_SOC_PERIPHERAL.a(mint_buf_mgmt.o)
                0x00003fa4                mint_buf_mgmt_get_free_heap

i.mint_buf_mgmt_init
                0x00003fc0       0x44
 i.mint_buf_mgmt_init
                0x00003fc0       0x44 C:\Program Files (x86)\Cypress\PSoC Creator\3.1\PSoC Creator\psoc\content\cycomponentlibrary\CyComponentLibrary.cylib\BLE_v1_20\Library\gccCyBLEStack_BLE_SOC_PERIPHERAL.a(mint_buf_mgmt.o)
                0x00003fc0                mint_buf_mgmt_init

i.mint_buf_mgmt_malloc
                0x00004004       0x2c
 i.mint_buf_mgmt_malloc
                0x00004004       0x2c C:\Program Files (x86)\Cypress\PSoC Creator\3.1\PSoC Creator\psoc\content\cycomponentlibrary\CyComponentLibrary.cylib\BLE_v1_20\Library\gccCyBLEStack_BLE_SOC_PERIPHERAL.a(mint_buf_mgmt.o)
                0x00004004                mint_buf_mgmt_malloc

i.mint_buf_mgmt_reset_pool
                0x00004030       0x70
 i.mint_buf_mgmt_reset_pool
                0x00004030       0x70 C:\Program Files (x86)\Cypress\PSoC Creator\3.1\PSoC Creator\psoc\content\cycomponentlibrary\CyComponentLibrary.cylib\BLE_v1_20\Library\gccCyBLEStack_BLE_SOC_PERIPHERAL.a(mint_buf_mgmt.o)
                0x00004030                mint_buf_mgmt_reset_pool

i.mint_buf_mgmt_stack_init
                0x000040a0       0x24
 i.mint_buf_mgmt_stack_init
                0x000040a0       0x24 C:\Program Files (x86)\Cypress\PSoC Creator\3.1\PSoC Creator\psoc\content\cycomponentlibrary\CyComponentLibrary.cylib\BLE_v1_20\Library\gccCyBLEStack_BLE_SOC_PERIPHERAL.a(mint_buf_mgmt.o)
                0x000040a0                mint_buf_mgmt_stack_init

i.mint_buf_mgmt_stack_pop
                0x000040c4       0x36
 i.mint_buf_mgmt_stack_pop
                0x000040c4       0x36 C:\Program Files (x86)\Cypress\PSoC Creator\3.1\PSoC Creator\psoc\content\cycomponentlibrary\CyComponentLibrary.cylib\BLE_v1_20\Library\gccCyBLEStack_BLE_SOC_PERIPHERAL.a(mint_buf_mgmt.o)
                0x000040c4                mint_buf_mgmt_stack_pop

i.mint_buf_mgmt_stack_push
                0x000040fa       0x36
 i.mint_buf_mgmt_stack_push
                0x000040fa       0x36 C:\Program Files (x86)\Cypress\PSoC Creator\3.1\PSoC Creator\psoc\content\cycomponentlibrary\CyComponentLibrary.cylib\BLE_v1_20\Library\gccCyBLEStack_BLE_SOC_PERIPHERAL.a(mint_buf_mgmt.o)
                0x000040fa                mint_buf_mgmt_stack_push

i.mint_buf_mgmt_stack_reset
                0x00004130       0x1e
 i.mint_buf_mgmt_stack_reset
                0x00004130       0x1e C:\Program Files (x86)\Cypress\PSoC Creator\3.1\PSoC Creator\psoc\content\cycomponentlibrary\CyComponentLibrary.cylib\BLE_v1_20\Library\gccCyBLEStack_BLE_SOC_PERIPHERAL.a(mint_buf_mgmt.o)
                0x00004130                mint_buf_mgmt_stack_reset

i.mint_buf_mgmt_stack_search_item
                0x0000414e       0x30
 i.mint_buf_mgmt_stack_search_item
                0x0000414e       0x30 C:\Program Files (x86)\Cypress\PSoC Creator\3.1\PSoC Creator\psoc\content\cycomponentlibrary\CyComponentLibrary.cylib\BLE_v1_20\Library\gccCyBLEStack_BLE_SOC_PERIPHERAL.a(mint_buf_mgmt.o)
                0x0000414e                mint_buf_mgmt_stack_search_item

i.mint_buf_mgmt_pl_init
                0x00004180       0x2c
 i.mint_buf_mgmt_pl_init
                0x00004180       0x2c C:\Program Files (x86)\Cypress\PSoC Creator\3.1\PSoC Creator\psoc\content\cycomponentlibrary\CyComponentLibrary.cylib\BLE_v1_20\Library\gccCyBLEStack_BLE_SOC_PERIPHERAL.a(mint_buf_mgmt_pl.o)
                0x00004180                mint_buf_mgmt_pl_init

i.CyBleControllerIP_GetPingState
                0x000041ac        0xc
 i.CyBleControllerIP_GetPingState
                0x000041ac        0xc C:\Program Files (x86)\Cypress\PSoC Creator\3.1\PSoC Creator\psoc\content\cycomponentlibrary\CyComponentLibrary.cylib\BLE_v1_20\Library\gccCyBLEStack_BLE_SOC_PERIPHERAL.a(CyBleControllerIP_Interface.o)
                0x000041ac                CyBleControllerIP_GetPingState

i.CyBleController_AddDeviceToWhiteList
                0x000041b8       0x40
 i.CyBleController_AddDeviceToWhiteList
                0x000041b8       0x40 C:\Program Files (x86)\Cypress\PSoC Creator\3.1\PSoC Creator\psoc\content\cycomponentlibrary\CyComponentLibrary.cylib\BLE_v1_20\Library\gccCyBLEStack_BLE_SOC_PERIPHERAL.a(CyBleControllerIP_Interface.o)
                0x000041b8                CyBleController_AddDeviceToWhiteList

i.CyBleController_ExitLowPowerMode
                0x000041f8       0x10
 i.CyBleController_ExitLowPowerMode
                0x000041f8       0x10 C:\Program Files (x86)\Cypress\PSoC Creator\3.1\PSoC Creator\psoc\content\cycomponentlibrary\CyComponentLibrary.cylib\BLE_v1_20\Library\gccCyBLEStack_BLE_SOC_PERIPHERAL.a(CyBleControllerIP_Interface.o)
                0x000041f8                CyBleController_ExitLowPowerMode

i.CyBleController_Init
                0x00004208       0x3c
 i.CyBleController_Init
                0x00004208       0x3c C:\Program Files (x86)\Cypress\PSoC Creator\3.1\PSoC Creator\psoc\content\cycomponentlibrary\CyComponentLibrary.cylib\BLE_v1_20\Library\gccCyBLEStack_BLE_SOC_PERIPHERAL.a(CyBleControllerIP_Interface.o)
                0x00004208                CyBleController_Init

i.CyBleController_SetDeviceAddress
                0x00004244       0x2e
 i.CyBleController_SetDeviceAddress
                0x00004244       0x2e C:\Program Files (x86)\Cypress\PSoC Creator\3.1\PSoC Creator\psoc\content\cycomponentlibrary\CyComponentLibrary.cylib\BLE_v1_20\Library\gccCyBLEStack_BLE_SOC_PERIPHERAL.a(CyBleControllerIP_Interface.o)
                0x00004244                CyBleController_SetDeviceAddress

i.CyBle_GetTxPowerLevel
                0x00004272       0x4e
 i.CyBle_GetTxPowerLevel
                0x00004272       0x4e C:\Program Files (x86)\Cypress\PSoC Creator\3.1\PSoC Creator\psoc\content\cycomponentlibrary\CyComponentLibrary.cylib\BLE_v1_20\Library\gccCyBLEStack_BLE_SOC_PERIPHERAL.a(CyBleControllerIP_Interface.o)
                0x00004272                CyBle_GetTxPowerLevel

i.CyBle_SetTxPowerLevel
                0x000042c0       0x56
 i.CyBle_SetTxPowerLevel
                0x000042c0       0x56 C:\Program Files (x86)\Cypress\PSoC Creator\3.1\PSoC Creator\psoc\content\cycomponentlibrary\CyComponentLibrary.cylib\BLE_v1_20\Library\gccCyBLEStack_BLE_SOC_PERIPHERAL.a(CyBleControllerIP_Interface.o)
                0x000042c0                CyBle_SetTxPowerLevel

i.ll_check_and_mark_packet_ready_for_transmission
                0x00004318       0x28
 i.ll_check_and_mark_packet_ready_for_transmission
                0x00004318       0x28 C:\Program Files (x86)\Cypress\PSoC Creator\3.1\PSoC Creator\psoc\content\cycomponentlibrary\CyComponentLibrary.cylib\BLE_v1_20\Library\gccCyBLEStack_BLE_SOC_PERIPHERAL.a(ll.o)
                0x00004318                ll_check_and_mark_packet_ready_for_transmission

i.ll_cleanup_pending_data_pdu
                0x00004340       0x38
 i.ll_cleanup_pending_data_pdu
                0x00004340       0x38 C:\Program Files (x86)\Cypress\PSoC Creator\3.1\PSoC Creator\psoc\content\cycomponentlibrary\CyComponentLibrary.cylib\BLE_v1_20\Library\gccCyBLEStack_BLE_SOC_PERIPHERAL.a(ll.o)
                0x00004340                ll_cleanup_pending_data_pdu

i.ll_exit_low_power_mode
                0x00004378       0xac
 i.ll_exit_low_power_mode
                0x00004378       0xac C:\Program Files (x86)\Cypress\PSoC Creator\3.1\PSoC Creator\psoc\content\cycomponentlibrary\CyComponentLibrary.cylib\BLE_v1_20\Library\gccCyBLEStack_BLE_SOC_PERIPHERAL.a(ll.o)
                0x00004378                ll_exit_low_power_mode

i.ll_get_ack_status
                0x00004424       0x3c
 i.ll_get_ack_status
                0x00004424       0x3c C:\Program Files (x86)\Cypress\PSoC Creator\3.1\PSoC Creator\psoc\content\cycomponentlibrary\CyComponentLibrary.cylib\BLE_v1_20\Library\gccCyBLEStack_BLE_SOC_PERIPHERAL.a(ll.o)
                0x00004424                ll_get_ack_status

i.ll_get_adv_ch_tx_power
                0x00004460       0x20
 i.ll_get_adv_ch_tx_power
                0x00004460       0x20 C:\Program Files (x86)\Cypress\PSoC Creator\3.1\PSoC Creator\psoc\content\cycomponentlibrary\CyComponentLibrary.cylib\BLE_v1_20\Library\gccCyBLEStack_BLE_SOC_PERIPHERAL.a(ll.o)
                0x00004460                ll_get_adv_ch_tx_power

i.ll_get_data_channel_map
                0x00004480       0x24
 i.ll_get_data_channel_map
                0x00004480       0x24 C:\Program Files (x86)\Cypress\PSoC Creator\3.1\PSoC Creator\psoc\content\cycomponentlibrary\CyComponentLibrary.cylib\BLE_v1_20\Library\gccCyBLEStack_BLE_SOC_PERIPHERAL.a(ll.o)
                0x00004480                ll_get_data_channel_map

i.ll_get_max_white_list_size
                0x000044a4        0xc
 i.ll_get_max_white_list_size
                0x000044a4        0xc C:\Program Files (x86)\Cypress\PSoC Creator\3.1\PSoC Creator\psoc\content\cycomponentlibrary\CyComponentLibrary.cylib\BLE_v1_20\Library\gccCyBLEStack_BLE_SOC_PERIPHERAL.a(ll.o)
                0x000044a4                ll_get_max_white_list_size

i.ll_get_my_role
                0x000044b0        0xc
 i.ll_get_my_role
                0x000044b0        0xc C:\Program Files (x86)\Cypress\PSoC Creator\3.1\PSoC Creator\psoc\content\cycomponentlibrary\CyComponentLibrary.cylib\BLE_v1_20\Library\gccCyBLEStack_BLE_SOC_PERIPHERAL.a(ll.o)
                0x000044b0                ll_get_my_role

i.ll_get_next_available_fifo_for_data_pdu
                0x000044bc        0x8
 i.ll_get_next_available_fifo_for_data_pdu
                0x000044bc        0x8 C:\Program Files (x86)\Cypress\PSoC Creator\3.1\PSoC Creator\psoc\content\cycomponentlibrary\CyComponentLibrary.cylib\BLE_v1_20\Library\gccCyBLEStack_BLE_SOC_PERIPHERAL.a(ll.o)
                0x000044bc                ll_get_next_available_fifo_for_data_pdu

i.ll_get_next_available_fifo_for_ll_pdu
                0x000044c4       0x24
 i.ll_get_next_available_fifo_for_ll_pdu
                0x000044c4       0x24 C:\Program Files (x86)\Cypress\PSoC Creator\3.1\PSoC Creator\psoc\content\cycomponentlibrary\CyComponentLibrary.cylib\BLE_v1_20\Library\gccCyBLEStack_BLE_SOC_PERIPHERAL.a(ll.o)
                0x000044c4                ll_get_next_available_fifo_for_ll_pdu

i.ll_get_rssi_value
                0x000044e8       0x26
 i.ll_get_rssi_value
                0x000044e8       0x26 C:\Program Files (x86)\Cypress\PSoC Creator\3.1\PSoC Creator\psoc\content\cycomponentlibrary\CyComponentLibrary.cylib\BLE_v1_20\Library\gccCyBLEStack_BLE_SOC_PERIPHERAL.a(ll.o)
                0x000044e8                ll_get_rssi_value

i.ll_get_transmit_power_level
                0x00004510       0x2c
 i.ll_get_transmit_power_level
                0x00004510       0x2c C:\Program Files (x86)\Cypress\PSoC Creator\3.1\PSoC Creator\psoc\content\cycomponentlibrary\CyComponentLibrary.cylib\BLE_v1_20\Library\gccCyBLEStack_BLE_SOC_PERIPHERAL.a(ll.o)
                0x00004510                ll_get_transmit_power_level

i.ll_handle_ack_received
                0x0000453c       0x74
 i.ll_handle_ack_received
                0x0000453c       0x74 C:\Program Files (x86)\Cypress\PSoC Creator\3.1\PSoC Creator\psoc\content\cycomponentlibrary\CyComponentLibrary.cylib\BLE_v1_20\Library\gccCyBLEStack_BLE_SOC_PERIPHERAL.a(ll.o)
                0x0000453c                ll_handle_ack_received

i.ll_handle_add_device_in_whitelist
                0x000045b0       0x3a
 i.ll_handle_add_device_in_whitelist
                0x000045b0       0x3a C:\Program Files (x86)\Cypress\PSoC Creator\3.1\PSoC Creator\psoc\content\cycomponentlibrary\CyComponentLibrary.cylib\BLE_v1_20\Library\gccCyBLEStack_BLE_SOC_PERIPHERAL.a(ll.o)
                0x000045b0                ll_handle_add_device_in_whitelist

i.ll_handle_clear_whitelist
                0x000045ea       0x16
 i.ll_handle_clear_whitelist
                0x000045ea       0x16 C:\Program Files (x86)\Cypress\PSoC Creator\3.1\PSoC Creator\psoc\content\cycomponentlibrary\CyComponentLibrary.cylib\BLE_v1_20\Library\gccCyBLEStack_BLE_SOC_PERIPHERAL.a(ll.o)
                0x000045ea                ll_handle_clear_whitelist

i.ll_handle_encrypt_host_data
                0x00004600       0x36
 i.ll_handle_encrypt_host_data
                0x00004600       0x36 C:\Program Files (x86)\Cypress\PSoC Creator\3.1\PSoC Creator\psoc\content\cycomponentlibrary\CyComponentLibrary.cylib\BLE_v1_20\Library\gccCyBLEStack_BLE_SOC_PERIPHERAL.a(ll.o)
                0x00004600                ll_handle_encrypt_host_data

i.ll_handle_host_data_packet
                0x00004636       0x54
 i.ll_handle_host_data_packet
                0x00004636       0x54 C:\Program Files (x86)\Cypress\PSoC Creator\3.1\PSoC Creator\psoc\content\cycomponentlibrary\CyComponentLibrary.cylib\BLE_v1_20\Library\gccCyBLEStack_BLE_SOC_PERIPHERAL.a(ll.o)
                0x00004636                ll_handle_host_data_packet

i.ll_handle_read_host_channel_map
                0x0000468a        0x4
 i.ll_handle_read_host_channel_map
                0x0000468a        0x4 C:\Program Files (x86)\Cypress\PSoC Creator\3.1\PSoC Creator\psoc\content\cycomponentlibrary\CyComponentLibrary.cylib\BLE_v1_20\Library\gccCyBLEStack_BLE_SOC_PERIPHERAL.a(ll.o)
                0x0000468a                ll_handle_read_host_channel_map

i.ll_handle_remove_device_in_whitelist
                0x0000468e       0x2a
 i.ll_handle_remove_device_in_whitelist
                0x0000468e       0x2a C:\Program Files (x86)\Cypress\PSoC Creator\3.1\PSoC Creator\psoc\content\cycomponentlibrary\CyComponentLibrary.cylib\BLE_v1_20\Library\gccCyBLEStack_BLE_SOC_PERIPHERAL.a(ll.o)
                0x0000468e                ll_handle_remove_device_in_whitelist

i.ll_handle_reset
                0x000046b8        0xe
 i.ll_handle_reset
                0x000046b8        0xe C:\Program Files (x86)\Cypress\PSoC Creator\3.1\PSoC Creator\psoc\content\cycomponentlibrary\CyComponentLibrary.cylib\BLE_v1_20\Library\gccCyBLEStack_BLE_SOC_PERIPHERAL.a(ll.o)
                0x000046b8                ll_handle_reset

i.ll_handle_set_random_address
                0x000046c6       0x36
 i.ll_handle_set_random_address
                0x000046c6       0x36 C:\Program Files (x86)\Cypress\PSoC Creator\3.1\PSoC Creator\psoc\content\cycomponentlibrary\CyComponentLibrary.cylib\BLE_v1_20\Library\gccCyBLEStack_BLE_SOC_PERIPHERAL.a(ll.o)
                0x000046c6                ll_handle_set_random_address

i.ll_init       0x000046fc       0x18
 i.ll_init      0x000046fc       0x18 C:\Program Files (x86)\Cypress\PSoC Creator\3.1\PSoC Creator\psoc\content\cycomponentlibrary\CyComponentLibrary.cylib\BLE_v1_20\Library\gccCyBLEStack_BLE_SOC_PERIPHERAL.a(ll.o)
                0x000046fc                ll_init

i.ll_initialize_device_attributes
                0x00004714       0x4c
 i.ll_initialize_device_attributes
                0x00004714       0x4c C:\Program Files (x86)\Cypress\PSoC Creator\3.1\PSoC Creator\psoc\content\cycomponentlibrary\CyComponentLibrary.cylib\BLE_v1_20\Library\gccCyBLEStack_BLE_SOC_PERIPHERAL.a(ll.o)
                0x00004714                ll_initialize_device_attributes

i.ll_is_pkt_pending
                0x00004760       0x2a
 i.ll_is_pkt_pending
                0x00004760       0x2a C:\Program Files (x86)\Cypress\PSoC Creator\3.1\PSoC Creator\psoc\content\cycomponentlibrary\CyComponentLibrary.cylib\BLE_v1_20\Library\gccCyBLEStack_BLE_SOC_PERIPHERAL.a(ll.o)
                0x00004760                ll_is_pkt_pending

i.ll_is_sent_pkt_pending
                0x0000478a       0x1a
 i.ll_is_sent_pkt_pending
                0x0000478a       0x1a C:\Program Files (x86)\Cypress\PSoC Creator\3.1\PSoC Creator\psoc\content\cycomponentlibrary\CyComponentLibrary.cylib\BLE_v1_20\Library\gccCyBLEStack_BLE_SOC_PERIPHERAL.a(ll.o)
                0x0000478a                ll_is_sent_pkt_pending

i.ll_isr_exit_low_power_mode
                0x000047a4       0x16
 i.ll_isr_exit_low_power_mode
                0x000047a4       0x16 C:\Program Files (x86)\Cypress\PSoC Creator\3.1\PSoC Creator\psoc\content\cycomponentlibrary\CyComponentLibrary.cylib\BLE_v1_20\Library\gccCyBLEStack_BLE_SOC_PERIPHERAL.a(ll.o)
                0x000047a4                ll_isr_exit_low_power_mode

i.ll_load_host_data_packet
                0x000047ba       0x4a
 i.ll_load_host_data_packet
                0x000047ba       0x4a C:\Program Files (x86)\Cypress\PSoC Creator\3.1\PSoC Creator\psoc\content\cycomponentlibrary\CyComponentLibrary.cylib\BLE_v1_20\Library\gccCyBLEStack_BLE_SOC_PERIPHERAL.a(ll.o)
                0x000047ba                ll_load_host_data_packet

i.ll_load_packet_to_fifo
                0x00004804       0x6e
 i.ll_load_packet_to_fifo
                0x00004804       0x6e C:\Program Files (x86)\Cypress\PSoC Creator\3.1\PSoC Creator\psoc\content\cycomponentlibrary\CyComponentLibrary.cylib\BLE_v1_20\Library\gccCyBLEStack_BLE_SOC_PERIPHERAL.a(ll.o)
                0x00004804                ll_load_packet_to_fifo

i.ll_process_acks
                0x00004872       0x3c
 i.ll_process_acks
                0x00004872       0x3c C:\Program Files (x86)\Cypress\PSoC Creator\3.1\PSoC Creator\psoc\content\cycomponentlibrary\CyComponentLibrary.cylib\BLE_v1_20\Library\gccCyBLEStack_BLE_SOC_PERIPHERAL.a(ll.o)
                0x00004872                ll_process_acks

i.ll_reset      0x000048ae       0x12
 i.ll_reset     0x000048ae       0x12 C:\Program Files (x86)\Cypress\PSoC Creator\3.1\PSoC Creator\psoc\content\cycomponentlibrary\CyComponentLibrary.cylib\BLE_v1_20\Library\gccCyBLEStack_BLE_SOC_PERIPHERAL.a(ll.o)
                0x000048ae                ll_reset

i.ll_update_active_features
                0x000048c0       0x58
 i.ll_update_active_features
                0x000048c0       0x58 C:\Program Files (x86)\Cypress\PSoC Creator\3.1\PSoC Creator\psoc\content\cycomponentlibrary\CyComponentLibrary.cylib\BLE_v1_20\Library\gccCyBLEStack_BLE_SOC_PERIPHERAL.a(ll.o)
                0x000048c0                ll_update_active_features

i.ll_update_device_fsm
                0x00004918        0x8
 i.ll_update_device_fsm
                0x00004918        0x8 C:\Program Files (x86)\Cypress\PSoC Creator\3.1\PSoC Creator\psoc\content\cycomponentlibrary\CyComponentLibrary.cylib\BLE_v1_20\Library\gccCyBLEStack_BLE_SOC_PERIPHERAL.a(ll.o)
                0x00004918                ll_update_device_fsm

i.pf_le_start_timer
                0x00004920       0x16
 i.pf_le_start_timer
                0x00004920       0x16 C:\Program Files (x86)\Cypress\PSoC Creator\3.1\PSoC Creator\psoc\content\cycomponentlibrary\CyComponentLibrary.cylib\BLE_v1_20\Library\gccCyBLEStack_BLE_SOC_PERIPHERAL.a(ll.o)
                0x00004920                pf_le_start_timer

i.pf_le_stop_timer
                0x00004936       0x12
 i.pf_le_stop_timer
                0x00004936       0x12 C:\Program Files (x86)\Cypress\PSoC Creator\3.1\PSoC Creator\psoc\content\cycomponentlibrary\CyComponentLibrary.cylib\BLE_v1_20\Library\gccCyBLEStack_BLE_SOC_PERIPHERAL.a(ll.o)
                0x00004936                pf_le_stop_timer

i.CyBleControllerIP_TuneAdvEventInterPktSlots
                0x00004948       0x44
 i.CyBleControllerIP_TuneAdvEventInterPktSlots
                0x00004948       0x44 C:\Program Files (x86)\Cypress\PSoC Creator\3.1\PSoC Creator\psoc\content\cycomponentlibrary\CyComponentLibrary.cylib\BLE_v1_20\Library\gccCyBLEStack_BLE_SOC_PERIPHERAL.a(ll_advertiser.o)
                0x00004948                CyBleControllerIP_TuneAdvEventInterPktSlots

i.ll_adv_is_configured_connection_adv
                0x0000498c       0x1e
 i.ll_adv_is_configured_connection_adv
                0x0000498c       0x1e C:\Program Files (x86)\Cypress\PSoC Creator\3.1\PSoC Creator\psoc\content\cycomponentlibrary\CyComponentLibrary.cylib\BLE_v1_20\Library\gccCyBLEStack_BLE_SOC_PERIPHERAL.a(ll_advertiser.o)
                0x0000498c                ll_adv_is_configured_connection_adv

i.ll_check_random_address_in_use_by_advertiser
                0x000049aa       0x10
 i.ll_check_random_address_in_use_by_advertiser
                0x000049aa       0x10 C:\Program Files (x86)\Cypress\PSoC Creator\3.1\PSoC Creator\psoc\content\cycomponentlibrary\CyComponentLibrary.cylib\BLE_v1_20\Library\gccCyBLEStack_BLE_SOC_PERIPHERAL.a(ll_advertiser.o)
                0x000049aa                ll_check_random_address_in_use_by_advertiser

i.ll_check_whitelist_in_use_by_advertiser
                0x000049ba       0x10
 i.ll_check_whitelist_in_use_by_advertiser
                0x000049ba       0x10 C:\Program Files (x86)\Cypress\PSoC Creator\3.1\PSoC Creator\psoc\content\cycomponentlibrary\CyComponentLibrary.cylib\BLE_v1_20\Library\gccCyBLEStack_BLE_SOC_PERIPHERAL.a(ll_advertiser.o)
                0x000049ba                ll_check_whitelist_in_use_by_advertiser

i.ll_get_adv_status
                0x000049ca        0xc
 i.ll_get_adv_status
                0x000049ca        0xc C:\Program Files (x86)\Cypress\PSoC Creator\3.1\PSoC Creator\psoc\content\cycomponentlibrary\CyComponentLibrary.cylib\BLE_v1_20\Library\gccCyBLEStack_BLE_SOC_PERIPHERAL.a(ll_advertiser.o)
                0x000049ca                ll_get_adv_status

i.ll_get_adv_type
                0x000049d6       0x16
 i.ll_get_adv_type
                0x000049d6       0x16 C:\Program Files (x86)\Cypress\PSoC Creator\3.1\PSoC Creator\psoc\content\cycomponentlibrary\CyComponentLibrary.cylib\BLE_v1_20\Library\gccCyBLEStack_BLE_SOC_PERIPHERAL.a(ll_advertiser.o)
                0x000049d6                ll_get_adv_type

i.ll_handle_adv_intr
                0x000049ec       0x50
 i.ll_handle_adv_intr
                0x000049ec       0x50 C:\Program Files (x86)\Cypress\PSoC Creator\3.1\PSoC Creator\psoc\content\cycomponentlibrary\CyComponentLibrary.cylib\BLE_v1_20\Library\gccCyBLEStack_BLE_SOC_PERIPHERAL.a(ll_advertiser.o)
                0x000049ec                ll_handle_adv_intr

i.ll_handle_set_adv_data
                0x00004a3c       0x14
 i.ll_handle_set_adv_data
                0x00004a3c       0x14 C:\Program Files (x86)\Cypress\PSoC Creator\3.1\PSoC Creator\psoc\content\cycomponentlibrary\CyComponentLibrary.cylib\BLE_v1_20\Library\gccCyBLEStack_BLE_SOC_PERIPHERAL.a(ll_advertiser.o)
                0x00004a3c                ll_handle_set_adv_data

i.ll_handle_set_adv_parameters
                0x00004a50       0x84
 i.ll_handle_set_adv_parameters
                0x00004a50       0x84 C:\Program Files (x86)\Cypress\PSoC Creator\3.1\PSoC Creator\psoc\content\cycomponentlibrary\CyComponentLibrary.cylib\BLE_v1_20\Library\gccCyBLEStack_BLE_SOC_PERIPHERAL.a(ll_advertiser.o)
                0x00004a50                ll_handle_set_adv_parameters

i.ll_handle_set_advertise_enable
                0x00004ad4       0x70
 i.ll_handle_set_advertise_enable
                0x00004ad4       0x70 C:\Program Files (x86)\Cypress\PSoC Creator\3.1\PSoC Creator\psoc\content\cycomponentlibrary\CyComponentLibrary.cylib\BLE_v1_20\Library\gccCyBLEStack_BLE_SOC_PERIPHERAL.a(ll_advertiser.o)
                0x00004ad4                ll_handle_set_advertise_enable

i.ll_handle_set_scan_resp_data
                0x00004b44       0x14
 i.ll_handle_set_scan_resp_data
                0x00004b44       0x14 C:\Program Files (x86)\Cypress\PSoC Creator\3.1\PSoC Creator\psoc\content\cycomponentlibrary\CyComponentLibrary.cylib\BLE_v1_20\Library\gccCyBLEStack_BLE_SOC_PERIPHERAL.a(ll_advertiser.o)
                0x00004b44                ll_handle_set_scan_resp_data

i.ll_init_advertiser
                0x00004b58       0x68
 i.ll_init_advertiser
                0x00004b58       0x68 C:\Program Files (x86)\Cypress\PSoC Creator\3.1\PSoC Creator\psoc\content\cycomponentlibrary\CyComponentLibrary.cylib\BLE_v1_20\Library\gccCyBLEStack_BLE_SOC_PERIPHERAL.a(ll_advertiser.o)
                0x00004b58                ll_init_advertiser

i.is_le_connection_handle
                0x00004bc0       0x28
 i.is_le_connection_handle
                0x00004bc0       0x28 C:\Program Files (x86)\Cypress\PSoC Creator\3.1\PSoC Creator\psoc\content\cycomponentlibrary\CyComponentLibrary.cylib\BLE_v1_20\Library\gccCyBLEStack_BLE_SOC_PERIPHERAL.a(ll_connection.o)
                0x00004bc0                is_le_connection_handle

i.le_assign_connection_handle
                0x00004be8       0x28
 i.le_assign_connection_handle
                0x00004be8       0x28 C:\Program Files (x86)\Cypress\PSoC Creator\3.1\PSoC Creator\psoc\content\cycomponentlibrary\CyComponentLibrary.cylib\BLE_v1_20\Library\gccCyBLEStack_BLE_SOC_PERIPHERAL.a(ll_connection.o)
                0x00004be8                le_assign_connection_handle

i.le_get_connection_index
                0x00004c10        0x6
 i.le_get_connection_index
                0x00004c10        0x6 C:\Program Files (x86)\Cypress\PSoC Creator\3.1\PSoC Creator\psoc\content\cycomponentlibrary\CyComponentLibrary.cylib\BLE_v1_20\Library\gccCyBLEStack_BLE_SOC_PERIPHERAL.a(ll_connection.o)
                0x00004c10                le_get_connection_index

i.ll_allocate_connection
                0x00004c18       0x44
 i.ll_allocate_connection
                0x00004c18       0x44 C:\Program Files (x86)\Cypress\PSoC Creator\3.1\PSoC Creator\psoc\content\cycomponentlibrary\CyComponentLibrary.cylib\BLE_v1_20\Library\gccCyBLEStack_BLE_SOC_PERIPHERAL.a(ll_connection.o)
                0x00004c18                ll_allocate_connection

i.ll_calculate_and_program_def_win_widen_drift
                0x00004c5c       0x14
 i.ll_calculate_and_program_def_win_widen_drift
                0x00004c5c       0x14 C:\Program Files (x86)\Cypress\PSoC Creator\3.1\PSoC Creator\psoc\content\cycomponentlibrary\CyComponentLibrary.cylib\BLE_v1_20\Library\gccCyBLEStack_BLE_SOC_PERIPHERAL.a(ll_connection.o)
                0x00004c5c                ll_calculate_and_program_def_win_widen_drift

i.ll_calculate_drift
                0x00004c70       0x2c
 i.ll_calculate_drift
                0x00004c70       0x2c C:\Program Files (x86)\Cypress\PSoC Creator\3.1\PSoC Creator\psoc\content\cycomponentlibrary\CyComponentLibrary.cylib\BLE_v1_20\Library\gccCyBLEStack_BLE_SOC_PERIPHERAL.a(ll_connection.o)
                0x00004c70                ll_calculate_drift

i.ll_check_and_decrypt_ll_pdu
                0x00004c9c       0x68
 i.ll_check_and_decrypt_ll_pdu
                0x00004c9c       0x68 C:\Program Files (x86)\Cypress\PSoC Creator\3.1\PSoC Creator\psoc\content\cycomponentlibrary\CyComponentLibrary.cylib\BLE_v1_20\Library\gccCyBLEStack_BLE_SOC_PERIPHERAL.a(ll_connection.o)
                0x00004c9c                ll_check_and_decrypt_ll_pdu

i.ll_check_and_decrypt_packet
                0x00004d04       0x6a
 i.ll_check_and_decrypt_packet
                0x00004d04       0x6a C:\Program Files (x86)\Cypress\PSoC Creator\3.1\PSoC Creator\psoc\content\cycomponentlibrary\CyComponentLibrary.cylib\BLE_v1_20\Library\gccCyBLEStack_BLE_SOC_PERIPHERAL.a(ll_connection.o)
                0x00004d04                ll_check_and_decrypt_packet

i.ll_check_and_encrypt_ll_pdu
                0x00004d6e       0x72
 i.ll_check_and_encrypt_ll_pdu
                0x00004d6e       0x72 C:\Program Files (x86)\Cypress\PSoC Creator\3.1\PSoC Creator\psoc\content\cycomponentlibrary\CyComponentLibrary.cylib\BLE_v1_20\Library\gccCyBLEStack_BLE_SOC_PERIPHERAL.a(ll_connection.o)
                0x00004d6e                ll_check_and_encrypt_ll_pdu

i.ll_check_and_encrypt_packet
                0x00004de0       0x8a
 i.ll_check_and_encrypt_packet
                0x00004de0       0x8a C:\Program Files (x86)\Cypress\PSoC Creator\3.1\PSoC Creator\psoc\content\cycomponentlibrary\CyComponentLibrary.cylib\BLE_v1_20\Library\gccCyBLEStack_BLE_SOC_PERIPHERAL.a(ll_connection.o)
                0x00004de0                ll_check_and_encrypt_packet

i.ll_check_for_allowing_incoming_connection_update
                0x00004e6a       0x42
 i.ll_check_for_allowing_incoming_connection_update
                0x00004e6a       0x42 C:\Program Files (x86)\Cypress\PSoC Creator\3.1\PSoC Creator\psoc\content\cycomponentlibrary\CyComponentLibrary.cylib\BLE_v1_20\Library\gccCyBLEStack_BLE_SOC_PERIPHERAL.a(ll_connection.o)
                0x00004e6a                ll_check_for_allowing_incoming_connection_update

i.ll_check_if_pdu_is_loaded_to_hardware
                0x00004eac       0x1c
 i.ll_check_if_pdu_is_loaded_to_hardware
                0x00004eac       0x1c C:\Program Files (x86)\Cypress\PSoC Creator\3.1\PSoC Creator\psoc\content\cycomponentlibrary\CyComponentLibrary.cylib\BLE_v1_20\Library\gccCyBLEStack_BLE_SOC_PERIPHERAL.a(ll_connection.o)
                0x00004eac                ll_check_if_pdu_is_loaded_to_hardware

i.ll_check_random_address_in_use_by_initiator
                0x00004ec8       0x30
 i.ll_check_random_address_in_use_by_initiator
                0x00004ec8       0x30 C:\Program Files (x86)\Cypress\PSoC Creator\3.1\PSoC Creator\psoc\content\cycomponentlibrary\CyComponentLibrary.cylib\BLE_v1_20\Library\gccCyBLEStack_BLE_SOC_PERIPHERAL.a(ll_connection.o)
                0x00004ec8                ll_check_random_address_in_use_by_initiator

i.ll_check_white_list_in_use_by_initiator
                0x00004ef8       0x30
 i.ll_check_white_list_in_use_by_initiator
                0x00004ef8       0x30 C:\Program Files (x86)\Cypress\PSoC Creator\3.1\PSoC Creator\psoc\content\cycomponentlibrary\CyComponentLibrary.cylib\BLE_v1_20\Library\gccCyBLEStack_BLE_SOC_PERIPHERAL.a(ll_connection.o)
                0x00004ef8                ll_check_white_list_in_use_by_initiator

i.ll_conn_free_enc_txn_buffer
                0x00004f28       0x16
 i.ll_conn_free_enc_txn_buffer
                0x00004f28       0x16 C:\Program Files (x86)\Cypress\PSoC Creator\3.1\PSoC Creator\psoc\content\cycomponentlibrary\CyComponentLibrary.cylib\BLE_v1_20\Library\gccCyBLEStack_BLE_SOC_PERIPHERAL.a(ll_connection.o)
                0x00004f28                ll_conn_free_enc_txn_buffer

i.ll_conn_fsm_update_channel_state
                0x00004f3e        0x6
 i.ll_conn_fsm_update_channel_state
                0x00004f3e        0x6 C:\Program Files (x86)\Cypress\PSoC Creator\3.1\PSoC Creator\psoc\content\cycomponentlibrary\CyComponentLibrary.cylib\BLE_v1_20\Library\gccCyBLEStack_BLE_SOC_PERIPHERAL.a(ll_connection.o)
                0x00004f3e                ll_conn_fsm_update_channel_state

i.ll_conn_fsm_update_conn_update_state
                0x00004f44        0x6
 i.ll_conn_fsm_update_conn_update_state
                0x00004f44        0x6 C:\Program Files (x86)\Cypress\PSoC Creator\3.1\PSoC Creator\psoc\content\cycomponentlibrary\CyComponentLibrary.cylib\BLE_v1_20\Library\gccCyBLEStack_BLE_SOC_PERIPHERAL.a(ll_connection.o)
                0x00004f44                ll_conn_fsm_update_conn_update_state

i.ll_conn_fsm_update_enc_state
                0x00004f4a        0x6
 i.ll_conn_fsm_update_enc_state
                0x00004f4a        0x6 C:\Program Files (x86)\Cypress\PSoC Creator\3.1\PSoC Creator\psoc\content\cycomponentlibrary\CyComponentLibrary.cylib\BLE_v1_20\Library\gccCyBLEStack_BLE_SOC_PERIPHERAL.a(ll_connection.o)
                0x00004f4a                ll_conn_fsm_update_enc_state

i.ll_conn_fsm_update_state
                0x00004f50        0x4
 i.ll_conn_fsm_update_state
                0x00004f50        0x4 C:\Program Files (x86)\Cypress\PSoC Creator\3.1\PSoC Creator\psoc\content\cycomponentlibrary\CyComponentLibrary.cylib\BLE_v1_20\Library\gccCyBLEStack_BLE_SOC_PERIPHERAL.a(ll_connection.o)
                0x00004f50                ll_conn_fsm_update_state

i.ll_conn_handle_data_pdu_from_host_when_data_paused
                0x00004f54        0x8
 i.ll_conn_handle_data_pdu_from_host_when_data_paused
                0x00004f54        0x8 C:\Program Files (x86)\Cypress\PSoC Creator\3.1\PSoC Creator\psoc\content\cycomponentlibrary\CyComponentLibrary.cylib\BLE_v1_20\Library\gccCyBLEStack_BLE_SOC_PERIPHERAL.a(ll_connection.o)
                0x00004f54                ll_conn_handle_data_pdu_from_host_when_data_paused

i.ll_conn_handle_direct_adv_timeout
                0x00004f5c       0x2a
 i.ll_conn_handle_direct_adv_timeout
                0x00004f5c       0x2a C:\Program Files (x86)\Cypress\PSoC Creator\3.1\PSoC Creator\psoc\content\cycomponentlibrary\CyComponentLibrary.cylib\BLE_v1_20\Library\gccCyBLEStack_BLE_SOC_PERIPHERAL.a(ll_connection.o)
                0x00004f5c                ll_conn_handle_direct_adv_timeout

i.ll_conn_handle_ping_timer_expired_interrupt
                0x00004f88       0x1c
 i.ll_conn_handle_ping_timer_expired_interrupt
                0x00004f88       0x1c C:\Program Files (x86)\Cypress\PSoC Creator\3.1\PSoC Creator\psoc\content\cycomponentlibrary\CyComponentLibrary.cylib\BLE_v1_20\Library\gccCyBLEStack_BLE_SOC_PERIPHERAL.a(ll_connection.o)
                0x00004f88                ll_conn_handle_ping_timer_expired_interrupt

i.ll_conn_handle_ping_timer_nearly_expired_interrupt
                0x00004fa4       0x20
 i.ll_conn_handle_ping_timer_nearly_expired_interrupt
                0x00004fa4       0x20 C:\Program Files (x86)\Cypress\PSoC Creator\3.1\PSoC Creator\psoc\content\cycomponentlibrary\CyComponentLibrary.cylib\BLE_v1_20\Library\gccCyBLEStack_BLE_SOC_PERIPHERAL.a(ll_connection.o)
                0x00004fa4                ll_conn_handle_ping_timer_nearly_expired_interrupt

i.ll_conn_handle_stop_connectable_adv
                0x00004fc4       0x12
 i.ll_conn_handle_stop_connectable_adv
                0x00004fc4       0x12 C:\Program Files (x86)\Cypress\PSoC Creator\3.1\PSoC Creator\psoc\content\cycomponentlibrary\CyComponentLibrary.cylib\BLE_v1_20\Library\gccCyBLEStack_BLE_SOC_PERIPHERAL.a(ll_connection.o)
                0x00004fc4                ll_conn_handle_stop_connectable_adv

i.ll_conn_process_pending_transactions
                0x00004fd6        0x4
 i.ll_conn_process_pending_transactions
                0x00004fd6        0x4 C:\Program Files (x86)\Cypress\PSoC Creator\3.1\PSoC Creator\psoc\content\cycomponentlibrary\CyComponentLibrary.cylib\BLE_v1_20\Library\gccCyBLEStack_BLE_SOC_PERIPHERAL.a(ll_connection.o)
                0x00004fd6                ll_conn_process_pending_transactions

i.ll_conn_program_authenticated_payload_timer
                0x00004fdc       0x50
 i.ll_conn_program_authenticated_payload_timer
                0x00004fdc       0x50 C:\Program Files (x86)\Cypress\PSoC Creator\3.1\PSoC Creator\psoc\content\cycomponentlibrary\CyComponentLibrary.cylib\BLE_v1_20\Library\gccCyBLEStack_BLE_SOC_PERIPHERAL.a(ll_connection.o)
                0x00004fdc                ll_conn_program_authenticated_payload_timer

i.ll_conn_read_data_pdu_from_hardware
                0x0000502c       0x14
 i.ll_conn_read_data_pdu_from_hardware
                0x0000502c       0x14 C:\Program Files (x86)\Cypress\PSoC Creator\3.1\PSoC Creator\psoc\content\cycomponentlibrary\CyComponentLibrary.cylib\BLE_v1_20\Library\gccCyBLEStack_BLE_SOC_PERIPHERAL.a(ll_connection.o)
                0x0000502c                ll_conn_read_data_pdu_from_hardware

i.ll_conn_send_ping_req_pdu
                0x00005040       0x40
 i.ll_conn_send_ping_req_pdu
                0x00005040       0x40 C:\Program Files (x86)\Cypress\PSoC Creator\3.1\PSoC Creator\psoc\content\cycomponentlibrary\CyComponentLibrary.cylib\BLE_v1_20\Library\gccCyBLEStack_BLE_SOC_PERIPHERAL.a(ll_connection.o)
                0x00005040                ll_conn_send_ping_req_pdu
