Archive member included because of file (symbol)

.\CortexM0\ARM_GCC_484\Debug\BLE Lab 4.a(cyfitter_cfg.o)
                              .\CortexM0\ARM_GCC_484\Debug\Cm0Start.o (cyfitter_cfg)
.\CortexM0\ARM_GCC_484\Debug\BLE Lab 4.a(GREEN.o)
                              .\CortexM0\ARM_GCC_484\Debug\main.o (GREEN_SetDriveMode)
.\CortexM0\ARM_GCC_484\Debug\BLE Lab 4.a(RED.o)
                              .\CortexM0\ARM_GCC_484\Debug\BLEApplications.o (RED_Write)
.\CortexM0\ARM_GCC_484\Debug\BLE Lab 4.a(PRS_2.o)
                              .\CortexM0\ARM_GCC_484\Debug\main.o (PRS_2_Start)
.\CortexM0\ARM_GCC_484\Debug\BLE Lab 4.a(PRS_1.o)
                              .\CortexM0\ARM_GCC_484\Debug\main.o (PRS_1_Start)
.\CortexM0\ARM_GCC_484\Debug\BLE Lab 4.a(BLUE.o)
                              .\CortexM0\ARM_GCC_484\Debug\main.o (BLUE_SetDriveMode)
.\CortexM0\ARM_GCC_484\Debug\BLE Lab 4.a(BLE.o)
                              .\CortexM0\ARM_GCC_484\Debug\main.o (CyBle_Start)
.\CortexM0\ARM_GCC_484\Debug\BLE Lab 4.a(BLE_gatt.o)
                              .\CortexM0\ARM_GCC_484\Debug\BLEApplications.o (cyBle_state)
.\CortexM0\ARM_GCC_484\Debug\BLE Lab 4.a(BLE_eventHandler.o)
                              .\CortexM0\ARM_GCC_484\Debug\BLEApplications.o (cyBle_connHandle)
.\CortexM0\ARM_GCC_484\Debug\BLE Lab 4.a(BLE_custom.o)
                              .\CortexM0\ARM_GCC_484\Debug\BLEApplications.o (cyBle_customs)
.\CortexM0\ARM_GCC_484\Debug\BLE Lab 4.a(CyBootAsmGnu.o)
                              .\CortexM0\ARM_GCC_484\Debug\BLE Lab 4.a(cyfitter_cfg.o) (CyDelayCycles)
.\CortexM0\ARM_GCC_484\Debug\BLE Lab 4.a(CyLib.o)
                              .\CortexM0\ARM_GCC_484\Debug\BLE Lab 4.a(cyfitter_cfg.o) (CyDelayUs)
.\CortexM0\ARM_GCC_484\Debug\BLE Lab 4.a(CapSense.o)
                              .\CortexM0\ARM_GCC_484\Debug\main.o (CapSense_Start)
.\CortexM0\ARM_GCC_484\Debug\BLE Lab 4.a(CapSense_CSHL.o)
                              .\CortexM0\ARM_GCC_484\Debug\BLE Lab 4.a(CapSense.o) (CapSense_rawDataIndex)
.\CortexM0\ARM_GCC_484\Debug\BLE Lab 4.a(CapSense_INT.o)
                              .\CortexM0\ARM_GCC_484\Debug\BLE Lab 4.a(CapSense.o) (CapSense_ISR)
.\CortexM0\ARM_GCC_484\Debug\BLE Lab 4.a(CapSense_SampleClk.o)
                              .\CortexM0\ARM_GCC_484\Debug\BLE Lab 4.a(CapSense.o) (CapSense_SampleClk_StartEx)
.\CortexM0\ARM_GCC_484\Debug\BLE Lab 4.a(CapSense_SenseClk.o)
                              .\CortexM0\ARM_GCC_484\Debug\BLE Lab 4.a(CapSense.o) (CapSense_SenseClk_StartEx)
C:\Program Files (x86)\Cypress\PSoC Creator\3.1\PSoC Creator\psoc\content\cycomponentlibrary\CyComponentLibrary.cylib\BLE_v1_20\Library\gccCyBLEStack_BLE_SOC_PERIPHERAL.a(CyBle.o)
                              .\CortexM0\ARM_GCC_484\Debug\BLEApplications.o (CyBle_ProcessEvents)
C:\Program Files (x86)\Cypress\PSoC Creator\3.1\PSoC Creator\psoc\content\cycomponentlibrary\CyComponentLibrary.cylib\BLE_v1_20\Library\gccCyBLEStack_BLE_SOC_PERIPHERAL.a(CyBleStackMgrIP_Interface.o)
                              C:\Program Files (x86)\Cypress\PSoC Creator\3.1\PSoC Creator\psoc\content\cycomponentlibrary\CyComponentLibrary.cylib\BLE_v1_20\Library\gccCyBLEStack_BLE_SOC_PERIPHERAL.a(CyBle.o) (CyBleStackMgr_BleGetConfigData)
C:\Program Files (x86)\Cypress\PSoC Creator\3.1\PSoC Creator\psoc\content\cycomponentlibrary\CyComponentLibrary.cylib\BLE_v1_20\Library\gccCyBLEStack_BLE_SOC_PERIPHERAL.a(BT_os.o)
                              C:\Program Files (x86)\Cypress\PSoC Creator\3.1\PSoC Creator\psoc\content\cycomponentlibrary\CyComponentLibrary.cylib\BLE_v1_20\Library\gccCyBLEStack_BLE_SOC_PERIPHERAL.a(CyBleStackMgrIP_Interface.o) (bt_stack_init_os)
C:\Program Files (x86)\Cypress\PSoC Creator\3.1\PSoC Creator\psoc\content\cycomponentlibrary\CyComponentLibrary.cylib\BLE_v1_20\Library\gccCyBLEStack_BLE_SOC_PERIPHERAL.a(CyBleStackMgr_StackTaskHandler.o)
                              C:\Program Files (x86)\Cypress\PSoC Creator\3.1\PSoC Creator\psoc\content\cycomponentlibrary\CyComponentLibrary.cylib\BLE_v1_20\Library\gccCyBLEStack_BLE_SOC_PERIPHERAL.a(CyBleStackMgrIP_Interface.o) (CyBle_CreateBleStackTask)
C:\Program Files (x86)\Cypress\PSoC Creator\3.1\PSoC Creator\psoc\content\cycomponentlibrary\CyComponentLibrary.cylib\BLE_v1_20\Library\gccCyBLEStack_BLE_SOC_PERIPHERAL.a(transport_sf.o)
                              C:\Program Files (x86)\Cypress\PSoC Creator\3.1\PSoC Creator\psoc\content\cycomponentlibrary\CyComponentLibrary.cylib\BLE_v1_20\Library\gccCyBLEStack_BLE_SOC_PERIPHERAL.a(CyBleStackMgr_StackTaskHandler.o) (hci_soft_transport_notify_data_received)
C:\Program Files (x86)\Cypress\PSoC Creator\3.1\PSoC Creator\psoc\content\cycomponentlibrary\CyComponentLibrary.cylib\BLE_v1_20\Library\gccCyBLEStack_BLE_SOC_PERIPHERAL.a(CyBleStackMgr_PSoCHal.o)
[...]
Memory Configuration

Name             Origin             Length             Attributes
rom              0x00000000         0x00020000         xr
ram              0x20000000         0x00004000         xrw
*default*        0x00000000         0xffffffff

Linker script and memory map

LOAD c:/program files (x86)/cypress/psoc creator/3.1/psoc creator/import/gnu_cs/arm/4.8.4/bin/../lib/gcc/arm-none-eabi/4.8.4/armv6-m/crti.o
LOAD c:/program files (x86)/cypress/psoc creator/3.1/psoc creator/import/gnu_cs/arm/4.8.4/bin/../lib/gcc/arm-none-eabi/4.8.4/armv6-m/crtbegin.o
LOAD c:/program files (x86)/cypress/psoc creator/3.1/psoc creator/import/gnu_cs/arm/4.8.4/bin/../lib/gcc/arm-none-eabi/4.8.4/../../../../arm-none-eabi/lib/armv6-m/crt0.o
START GROUP
LOAD .\CortexM0\ARM_GCC_484\Debug\main.o
LOAD .\CortexM0\ARM_GCC_484\Debug\BLEApplications.o
LOAD .\CortexM0\ARM_GCC_484\Debug\cymetadata.o
LOAD .\CortexM0\ARM_GCC_484\Debug\Cm0Start.o
LOAD .\CortexM0\ARM_GCC_484\Debug\BLE Lab 4.a
LOAD C:\Program Files (x86)\Cypress\PSoC Creator\3.1\PSoC Creator\psoc\content\cycomponentlibrary\CyComponentLibrary.cylib\BLE_v1_20\Library\gccCyBLEStack_BLE_SOC_PERIPHERAL.a
LOAD C:\Program Files (x86)\Cypress\PSoC Creator\3.1\PSoC Creator\psoc\content\cycomponentlibrary\CyComponentLibrary.cylib\CapSense_CSD_P4_v2_10\PSoC4\Library\CapsenseP4Library_GCC.a
LOAD C:\Program Files (x86)\Cypress\PSoC Creator\3.1\PSoC Creator\psoc\content\cycomponentlibrary\CyComponentLibrary.cylib\CortexM0\ARM_GCC_484\Debug\CyComponentLibrary.a
END GROUP
START GROUP
LOAD c:/program files (x86)/cypress/psoc creator/3.1/psoc creator/import/gnu_cs/arm/4.8.4/bin/../lib/gcc/arm-none-eabi/4.8.4/armv6-m\libgcc.a
LOAD c:/program files (x86)/cypress/psoc creator/3.1/psoc creator/import/gnu_cs/arm/4.8.4/bin/../lib/gcc/arm-none-eabi/4.8.4/../../../../arm-none-eabi/lib/armv6-m\libg_s.a
LOAD c:/program files (x86)/cypress/psoc creator/3.1/psoc creator/import/gnu_cs/arm/4.8.4/bin/../lib/gcc/arm-none-eabi/4.8.4/../../../../arm-none-eabi/lib/armv6-m\libc_s.a
END GROUP
START GROUP
LOAD c:/program files (x86)/cypress/psoc creator/3.1/psoc creator/import/gnu_cs/arm/4.8.4/bin/../lib/gcc/arm-none-eabi/4.8.4/armv6-m\libgcc.a
LOAD c:/program files (x86)/cypress/psoc creator/3.1/psoc creator/import/gnu_cs/arm/4.8.4/bin/../lib/gcc/arm-none-eabi/4.8.4/../../../../arm-none-eabi/lib/armv6-m\libc_s.a
END GROUP
LOAD c:/program files (x86)/cypress/psoc creator/3.1/psoc creator/import/gnu_cs/arm/4.8.4/bin/../lib/gcc/arm-none-eabi/4.8.4/armv6-m/crtend.o
LOAD c:/program files (x86)/cypress/psoc creator/3.1/psoc creator/import/gnu_cs/arm/4.8.4/bin/../lib/gcc/arm-none-eabi/4.8.4/armv6-m/crtn.o
START GROUP
LOAD c:/program files (x86)/cypress/psoc creator/3.1/psoc creator/import/gnu_cs/arm/4.8.4/bin/../lib/gcc/arm-none-eabi/4.8.4/armv6-m\libgcc.a
LOAD c:/program files (x86)/cypress/psoc creator/3.1/psoc creator/import/gnu_cs/arm/4.8.4/bin/../lib/gcc/arm-none-eabi/4.8.4/../../../../arm-none-eabi/lib/armv6-m\libc.a
LOAD c:/program files (x86)/cypress/psoc creator/3.1/psoc creator/import/gnu_cs/arm/4.8.4/bin/../lib/gcc/arm-none-eabi/4.8.4/../../../../arm-none-eabi/lib/armv6-m\libnosys.a
END GROUP
                0x00000000                CY_APPL_ORIGIN = 0x0
                0x00000080                CY_FLASH_ROW_SIZE = 0x80
                0x00000001                CY_APPL_NUM = 0x1
                0x00000040                CY_METADATA_SIZE = 0x40
                0x20002568                PROVIDE (__cy_heap_start, _end)
                0x00000001                PROVIDE (__cy_region_num, ((__cy_regions_end - __cy_regions) / 0x10))
                0x20004000                PROVIDE (__cy_stack, (ORIGIN (ram) + 0x4000))
                0x20003800                PROVIDE (__cy_heap_end, (__cy_stack - 0x800))

.cybootloader   0x00000000        0x0
 *(.cybootloader)
                0x00000000                appl1_start = CY_APPL_ORIGIN?CY_APPL_ORIGIN:ALIGN (CY_FLASH_ROW_SIZE)
                0x0000ff80                appl2_start = (appl1_start + ALIGN ((((0x20000 - appl1_start) - (0x2 * CY_FLASH_ROW_SIZE)) / 0x2), CY_FLASH_ROW_SIZE))
                0x00000000                appl_start = (CY_APPL_NUM == 0x1)?appl1_start:appl2_start

.text           0x00000000     0x2a5c
 CREATE_OBJECT_SYMBOLS
                0x00000000                PROVIDE (__cy_interrupt_vector, RomVectors)
 *(.romvectors)
 .romvectors    0x00000000       0x10 .\CortexM0\ARM_GCC_484\Debug\Cm0Start.o
                0x00000000                RomVectors
                0x00000001                ASSERT ((. != __cy_interrupt_vector), No interrupt vector)
                0x00000001                ASSERT (CY_APPL_ORIGIN?(SIZEOF (.cybootloader) <= CY_APPL_ORIGIN):0x1, Wrong image location)
                0x00000010                PROVIDE (__cy_reset, Reset)
 *(.text.Reset)
 .text.Reset    0x00000010        0x8 .\CortexM0\ARM_GCC_484\Debug\Cm0Start.o
                0x00000010                Reset
                0x00000001                ASSERT ((. != __cy_reset), No reset code)
 *(.psocinit)
 .psocinit      0x00000018      0x340 .\CortexM0\ARM_GCC_484\Debug\BLE Lab 4.a(cyfitter_cfg.o)
                0x000001c8                cyfitter_cfg
                0x00000358                . = MAX (., 0x100)
 *(.text .text.* .gnu.linkonce.t.*)
 .text          0x00000358       0x60 c:/program files (x86)/cypress/psoc creator/3.1/psoc creator/import/gnu_cs/arm/4.8.4/bin/../lib/gcc/arm-none-eabi/4.8.4/armv6-m/crtbegin.o
 .text.main     0x000003b8       0x64 .\CortexM0\ARM_GCC_484\Debug\main.o
                0x000003b8                main
 .text.InitializeSystem
                0x0000041c       0x50 .\CortexM0\ARM_GCC_484\Debug\main.o
 .text.HandleCapSenseProximity
                0x0000046c       0xa4 .\CortexM0\ARM_GCC_484\Debug\main.o
 .text.CustomEventHandler
                0x00000510      0x114 .\CortexM0\ARM_GCC_484\Debug\BLEApplications.o
                0x00000510                CustomEventHandler
 .text.UpdateConnectionParam
                0x00000624       0x3c .\CortexM0\ARM_GCC_484\Debug\BLEApplications.o
                0x00000624                UpdateConnectionParam
 .text.SendDataOverCapSenseNotification
                0x00000660       0x90 .\CortexM0\ARM_GCC_484\Debug\BLEApplications.o
                0x00000660                SendDataOverCapSenseNotification
 .text.UpdateRGBled
                0x000006f0       0xc0 .\CortexM0\ARM_GCC_484\Debug\BLEApplications.o
                0x000006f0                UpdateRGBled
 .text.UpdateNotificationCCCD
                0x000007b0       0x60 .\CortexM0\ARM_GCC_484\Debug\BLEApplications.o
                0x000007b0                UpdateNotificationCCCD
 .text.IntDefaultHandler
                0x00000810        0x8 .\CortexM0\ARM_GCC_484\Debug\Cm0Start.o
                0x00000810                IntDefaultHandler
 .text.Start_c  0x00000818       0x98 .\CortexM0\ARM_GCC_484\Debug\Cm0Start.o
                0x00000818                Start_c
 .text.initialize_psoc
                0x000008b0       0x70 .\CortexM0\ARM_GCC_484\Debug\Cm0Start.o
                0x000008b0                initialize_psoc
 .text.CYMEMZERO
                0x00000920       0x20 .\CortexM0\ARM_GCC_484\Debug\BLE Lab 4.a(cyfitter_cfg.o)
 .text.cfg_write_bytes32
                0x00000940       0x80 .\CortexM0\ARM_GCC_484\Debug\BLE Lab 4.a(cyfitter_cfg.o)
 .text.AnalogSetDefault
                0x000009c0       0x2c .\CortexM0\ARM_GCC_484\Debug\BLE Lab 4.a(cyfitter_cfg.o)
 .text.SetAnalogRoutingPumps
                0x000009ec       0x70 .\CortexM0\ARM_GCC_484\Debug\BLE Lab 4.a(cyfitter_cfg.o)
                0x000009ec                SetAnalogRoutingPumps
 .text.GREEN_SetDriveMode
                0x00000a5c       0x30 .\CortexM0\ARM_GCC_484\Debug\BLE Lab 4.a(GREEN.o)
                0x00000a5c                GREEN_SetDriveMode
 .text.RED_SetDriveMode
                0x00000a8c       0x30 .\CortexM0\ARM_GCC_484\Debug\BLE Lab 4.a(RED.o)
                0x00000a8c                RED_SetDriveMode
 .text.PRS_2_Start
                0x00000abc       0x24 .\CortexM0\ARM_GCC_484\Debug\BLE Lab 4.a(PRS_2.o)
                0x00000abc                PRS_2_Start
 .text.PRS_2_Init
                0x00000ae0       0x70 .\CortexM0\ARM_GCC_484\Debug\BLE Lab 4.a(PRS_2.o)
                0x00000ae0                PRS_2_Init
 .text.PRS_2_Enable
                0x00000b50       0x1c .\CortexM0\ARM_GCC_484\Debug\BLE Lab 4.a(PRS_2.o)
                0x00000b50                PRS_2_Enable
 .text.PRS_2_WriteSeed
                0x00000b6c       0x34 .\CortexM0\ARM_GCC_484\Debug\BLE Lab 4.a(PRS_2.o)
                0x00000b6c                PRS_2_WriteSeed
 .text.PRS_2_WritePolynomial
                0x00000ba0       0x20 .\CortexM0\ARM_GCC_484\Debug\BLE Lab 4.a(PRS_2.o)
                0x00000ba0                PRS_2_WritePolynomial
 .text.PRS_2_WritePulse0
                0x00000bc0       0x20 .\CortexM0\ARM_GCC_484\Debug\BLE Lab 4.a(PRS_2.o)
                0x00000bc0                PRS_2_WritePulse0
 .text.PRS_2_WritePulse1
                0x00000be0       0x20 .\CortexM0\ARM_GCC_484\Debug\BLE Lab 4.a(PRS_2.o)
                0x00000be0                PRS_2_WritePulse1
 .text.PRS_1_Start
                0x00000c00       0x24 .\CortexM0\ARM_GCC_484\Debug\BLE Lab 4.a(PRS_1.o)
                0x00000c00                PRS_1_Start
 .text.PRS_1_Init
                0x00000c24       0x70 .\CortexM0\ARM_GCC_484\Debug\BLE Lab 4.a(PRS_1.o)
                0x00000c24                PRS_1_Init
 .text.PRS_1_Enable
                0x00000c94       0x1c .\CortexM0\ARM_GCC_484\Debug\BLE Lab 4.a(PRS_1.o)
                0x00000c94                PRS_1_Enable
 .text.PRS_1_WriteSeed
                0x00000cb0       0x34 .\CortexM0\ARM_GCC_484\Debug\BLE Lab 4.a(PRS_1.o)
                0x00000cb0                PRS_1_WriteSeed
 .text.PRS_1_WritePolynomial
                0x00000ce4       0x20 .\CortexM0\ARM_GCC_484\Debug\BLE Lab 4.a(PRS_1.o)
                0x00000ce4                PRS_1_WritePolynomial
 .text.PRS_1_WritePulse0
                0x00000d04       0x20 .\CortexM0\ARM_GCC_484\Debug\BLE Lab 4.a(PRS_1.o)
                0x00000d04                PRS_1_WritePulse0
 .text.PRS_1_WritePulse1
                0x00000d24       0x20 .\CortexM0\ARM_GCC_484\Debug\BLE Lab 4.a(PRS_1.o)
                0x00000d24                PRS_1_WritePulse1
 .text.BLUE_SetDriveMode
                0x00000d44       0x30 .\CortexM0\ARM_GCC_484\Debug\BLE Lab 4.a(BLUE.o)
                0x00000d44                BLUE_SetDriveMode
 .text.CyBle_Init
                0x00000d74       0x2c .\CortexM0\ARM_GCC_484\Debug\BLE Lab 4.a(BLE.o)
                0x00000d74                CyBle_Init
 .text.CyBle_ServiceInit
                0x00000da0        0x8 .\CortexM0\ARM_GCC_484\Debug\BLE Lab 4.a(BLE.o)
                0x00000da0                CyBle_ServiceInit
 .text.CyBle_Start
                0x00000da8       0x90 .\CortexM0\ARM_GCC_484\Debug\BLE Lab 4.a(BLE.o)
                0x00000da8                CyBle_Start
 .text.CyBle_GappStartAdvertisement
                0x00000e38       0xc4 .\CortexM0\ARM_GCC_484\Debug\BLE Lab 4.a(BLE.o)
                0x00000e38                CyBle_GappStartAdvertisement
 .text.CyBle_ChangeAdDeviceAddress
                0x00000efc       0x60 .\CortexM0\ARM_GCC_484\Debug\BLE Lab 4.a(BLE.o)
                0x00000efc                CyBle_ChangeAdDeviceAddress
 .text.CyBle_Get16ByPtr
                0x00000f5c       0x24 .\CortexM0\ARM_GCC_484\Debug\BLE Lab 4.a(BLE.o)
                0x00000f5c                CyBle_Get16ByPtr
 .text.CyBle_GattsWriteEventHandler
                0x00000f80       0xa0 .\CortexM0\ARM_GCC_484\Debug\BLE Lab 4.a(BLE_gatt.o)
                0x00000f80                CyBle_GattsWriteEventHandler
 .text.CyBle_WriteReqHandler
                0x00001020       0x70 .\CortexM0\ARM_GCC_484\Debug\BLE Lab 4.a(BLE_eventHandler.o)
 .text.CyBle_ValueConfirmation
                0x00001090       0x10 .\CortexM0\ARM_GCC_484\Debug\BLE Lab 4.a(BLE_eventHandler.o)
 .text.CyBle_GattDisconnectEventHandler
                0x000010a0       0x18 .\CortexM0\ARM_GCC_484\Debug\BLE Lab 4.a(BLE_eventHandler.o)
 .text.CyBle_TimeOutEventHandler
                0x000010b8       0x10 .\CortexM0\ARM_GCC_484\Debug\BLE Lab 4.a(BLE_eventHandler.o)
 .text.CyBle_GattConnectReqHandler
                0x000010c8        0x8 .\CortexM0\ARM_GCC_484\Debug\BLE Lab 4.a(BLE_eventHandler.o)
 .text.CyBle_IsDeviceAddressValid
                0x000010d0       0x60 .\CortexM0\ARM_GCC_484\Debug\BLE Lab 4.a(BLE_eventHandler.o)
 .text.CyBle_L2Cap_ConnParamUpdateRspEventHandler
                0x00001130       0x14 .\CortexM0\ARM_GCC_484\Debug\BLE Lab 4.a(BLE_eventHandler.o)
 .text.CyBle_GapConnUpdateCompleteEventHandler
                0x00001144       0x10 .\CortexM0\ARM_GCC_484\Debug\BLE Lab 4.a(BLE_eventHandler.o)
 .text.CyBle_EventHandler
                0x00001154      0x2d8 .\CortexM0\ARM_GCC_484\Debug\BLE Lab 4.a(BLE_eventHandler.o)
                0x00001154                CyBle_EventHandler
 *fill*         0x0000142c        0x4 
 .text          0x00001430       0x20 .\CortexM0\ARM_GCC_484\Debug\BLE Lab 4.a(CyBootAsmGnu.o)
                0x00001430                CyDelayCycles
                0x00001442                CyEnterCriticalSection
                0x0000144a                CyExitCriticalSection
 .text.CySysClkWcoSetHighPowerMode
                0x00001450       0x3c .\CortexM0\ARM_GCC_484\Debug\BLE Lab 4.a(CyLib.o)
 .text.CySysClkWcoSetLowPowerMode
                0x0000148c       0x48 .\CortexM0\ARM_GCC_484\Debug\BLE Lab 4.a(CyLib.o)
 .text.CySysClkEcoStart
                0x000014d4       0x74 .\CortexM0\ARM_GCC_484\Debug\BLE Lab 4.a(CyLib.o)
                0x000014d4                CySysClkEcoStart
 .text.CySysClkEcoReadStatus
                0x00001548       0x18 .\CortexM0\ARM_GCC_484\Debug\BLE Lab 4.a(CyLib.o)
                0x00001548                CySysClkEcoReadStatus
 .text.CySysClkWcoStart
                0x00001560       0x20 .\CortexM0\ARM_GCC_484\Debug\BLE Lab 4.a(CyLib.o)
                0x00001560                CySysClkWcoStart
 .text.CySysClkWcoSetPowerMode
                0x00001580       0x40 .\CortexM0\ARM_GCC_484\Debug\BLE Lab 4.a(CyLib.o)
                0x00001580                CySysClkWcoSetPowerMode
 .text.CyIntSetVector
                0x000015c0       0x4c .\CortexM0\ARM_GCC_484\Debug\BLE Lab 4.a(CyLib.o)
                0x000015c0                CyIntSetVector
 .text.CyIntSetPriority
                0x0000160c       0xa8 .\CortexM0\ARM_GCC_484\Debug\BLE Lab 4.a(CyLib.o)
                0x0000160c                CyIntSetPriority
 .text.CyIntEnable
                0x000016b4       0x2c .\CortexM0\ARM_GCC_484\Debug\BLE Lab 4.a(CyLib.o)
                0x000016b4                CyIntEnable
 .text.CyIntDisable
                0x000016e0       0x2c .\CortexM0\ARM_GCC_484\Debug\BLE Lab 4.a(CyLib.o)
                0x000016e0                CyIntDisable
 .text.CyHalt   0x0000170c       0x14 .\CortexM0\ARM_GCC_484\Debug\BLE Lab 4.a(CyLib.o)
                0x0000170c                CyHalt
 .text.CyDelay  0x00001720       0x48 .\CortexM0\ARM_GCC_484\Debug\BLE Lab 4.a(CyLib.o)
                0x00001720                CyDelay
 .text.CyDelayUs
                0x00001768       0x28 .\CortexM0\ARM_GCC_484\Debug\BLE Lab 4.a(CyLib.o)
                0x00001768                CyDelayUs
 .text.CapSense_Init
                0x00001790       0x3c .\CortexM0\ARM_GCC_484\Debug\BLE Lab 4.a(CapSense.o)
                0x00001790                CapSense_Init
 .text.CapSense_CsdHwBlockInit
                0x000017cc       0xbc .\CortexM0\ARM_GCC_484\Debug\BLE Lab 4.a(CapSense.o)
                0x000017cc                CapSense_CsdHwBlockInit
 .text.CapSense_Enable
                0x00001888       0x54 .\CortexM0\ARM_GCC_484\Debug\BLE Lab 4.a(CapSense.o)
                0x00001888                CapSense_Enable
 .text.CapSense_Start
                0x000018dc       0xec .\CortexM0\ARM_GCC_484\Debug\BLE Lab 4.a(CapSense.o)
                0x000018dc                CapSense_Start
 .text.CapSense_FindNextSensor
                0x000019c8       0x48 .\CortexM0\ARM_GCC_484\Debug\BLE Lab 4.a(CapSense.o)
                0x000019c8                CapSense_FindNextSensor
 .text.CapSense_ScanSensor
                0x00001a10       0x34 .\CortexM0\ARM_GCC_484\Debug\BLE Lab 4.a(CapSense.o)
                0x00001a10                CapSense_ScanSensor
 .text.CapSense_ScanWidget
                0x00001a44       0xdc .\CortexM0\ARM_GCC_484\Debug\BLE Lab 4.a(CapSense.o)
                0x00001a44                CapSense_ScanWidget
 .text.CapSense_IsBusy
                0x00001b20       0x1c .\CortexM0\ARM_GCC_484\Debug\BLE Lab 4.a(CapSense.o)
                0x00001b20                CapSense_IsBusy
 .text.CapSense_ReadSensorRaw
                0x00001b3c       0x1c .\CortexM0\ARM_GCC_484\Debug\BLE Lab 4.a(CapSense.o)
                0x00001b3c                CapSense_ReadSensorRaw
 .text.CapSense_ClearSensors
                0x00001b58       0x28 .\CortexM0\ARM_GCC_484\Debug\BLE Lab 4.a(CapSense.o)
                0x00001b58                CapSense_ClearSensors
 .text.CapSense_EnableSensor
                0x00001b80       0xb4 .\CortexM0\ARM_GCC_484\Debug\BLE Lab 4.a(CapSense.o)
                0x00001b80                CapSense_EnableSensor
 .text.CapSense_DisableSensor
                0x00001c34      0x100 .\CortexM0\ARM_GCC_484\Debug\BLE Lab 4.a(CapSense.o)
                0x00001c34                CapSense_DisableSensor
 .text.CapSense_PreScan
                0x00001d34      0x184 .\CortexM0\ARM_GCC_484\Debug\BLE Lab 4.a(CapSense.o)
                0x00001d34                CapSense_PreScan
 .text.CapSense_PostScan
                0x00001eb8       0x74 .\CortexM0\ARM_GCC_484\Debug\BLE Lab 4.a(CapSense.o)
                0x00001eb8                CapSense_PostScan
 .text.CapSense_SetShieldDelay
                0x00001f2c       0x30 .\CortexM0\ARM_GCC_484\Debug\BLE Lab 4.a(CapSense.o)
                0x00001f2c                CapSense_SetShieldDelay
 .text.CapSense_GetBitValue
                0x00001f5c       0x44 .\CortexM0\ARM_GCC_484\Debug\BLE Lab 4.a(CapSense.o)
                0x00001f5c                CapSense_GetBitValue
 .text.CapSense_SetBitValue
                0x00001fa0       0x68 .\CortexM0\ARM_GCC_484\Debug\BLE Lab 4.a(CapSense.o)
                0x00001fa0                CapSense_SetBitValue
 .text.CapSense_GetSensorRaw
                0x00002008       0x50 .\CortexM0\ARM_GCC_484\Debug\BLE Lab 4.a(CapSense.o)
                0x00002008                CapSense_GetSensorRaw
 .text.CapSense_CalibrateSensor
                0x00002058       0x98 .\CortexM0\ARM_GCC_484\Debug\BLE Lab 4.a(CapSense.o)
                0x00002058                CapSense_CalibrateSensor
 .text.CapSense_BaseInit
                0x000020f0       0x84 .\CortexM0\ARM_GCC_484\Debug\BLE Lab 4.a(CapSense_CSHL.o)
                0x000020f0                CapSense_BaseInit
 .text.CapSense_InitializeSensorBaseline
                0x00002174       0x2c .\CortexM0\ARM_GCC_484\Debug\BLE Lab 4.a(CapSense_CSHL.o)
                0x00002174                CapSense_InitializeSensorBaseline
 .text.CapSense_InitializeAllBaselines
                0x000021a0       0x28 .\CortexM0\ARM_GCC_484\Debug\BLE Lab 4.a(CapSense_CSHL.o)
                0x000021a0                CapSense_InitializeAllBaselines
 .text.CapSense_UpdateBaselineNoThreshold
                0x000021c8      0x214 .\CortexM0\ARM_GCC_484\Debug\BLE Lab 4.a(CapSense_CSHL.o)
                0x000021c8                CapSense_UpdateBaselineNoThreshold
 .text.CapSense_UpdateSensorBaseline
                0x000023dc       0x18 .\CortexM0\ARM_GCC_484\Debug\BLE Lab 4.a(CapSense_CSHL.o)
                0x000023dc                CapSense_UpdateSensorBaseline
 .text.CapSense_UpdateEnabledBaselines
                0x000023f4       0x40 .\CortexM0\ARM_GCC_484\Debug\BLE Lab 4.a(CapSense_CSHL.o)
                0x000023f4                CapSense_UpdateEnabledBaselines
 .text.CapSense_GetDiffCountData
                0x00002434       0x1c .\CortexM0\ARM_GCC_484\Debug\BLE Lab 4.a(CapSense_CSHL.o)
                0x00002434                CapSense_GetDiffCountData
 .text.CapSense_EnableWidget
                0x00002450       0x5c .\CortexM0\ARM_GCC_484\Debug\BLE Lab 4.a(CapSense_CSHL.o)
                0x00002450                CapSense_EnableWidget
 .text.CapSense_IIR4Filter
                0x000024ac       0x3c .\CortexM0\ARM_GCC_484\Debug\BLE Lab 4.a(CapSense_CSHL.o)
                0x000024ac                CapSense_IIR4Filter
 .text.CapSense_ISR
                0x000024e8       0xd4 .\CortexM0\ARM_GCC_484\Debug\BLE Lab 4.a(CapSense_INT.o)
                0x000024e8                CapSense_ISR
 .text.CapSense_SampleClk_StartEx
                0x000025bc       0x2c .\CortexM0\ARM_GCC_484\Debug\BLE Lab 4.a(CapSense_SampleClk.o)
                0x000025bc                CapSense_SampleClk_StartEx
 .text.CapSense_SampleClk_Stop
                0x000025e8       0x20 .\CortexM0\ARM_GCC_484\Debug\BLE Lab 4.a(CapSense_SampleClk.o)
                0x000025e8                CapSense_SampleClk_Stop
 .text.CapSense_SampleClk_SetFractionalDividerRegister
                0x00002608       0x44 .\CortexM0\ARM_GCC_484\Debug\BLE Lab 4.a(CapSense_SampleClk.o)
                0x00002608                CapSense_SampleClk_SetFractionalDividerRegister
 .text.CapSense_SenseClk_StartEx
                0x0000264c       0x2c .\CortexM0\ARM_GCC_484\Debug\BLE Lab 4.a(CapSense_SenseClk.o)
                0x0000264c                CapSense_SenseClk_StartEx
 .text.CapSense_SenseClk_Stop
                0x00002678       0x20 .\CortexM0\ARM_GCC_484\Debug\BLE Lab 4.a(CapSense_SenseClk.o)
                0x00002678                CapSense_SenseClk_Stop
 .text.CapSense_SenseClk_SetFractionalDividerRegister
                0x00002698       0x44 .\CortexM0\ARM_GCC_484\Debug\BLE Lab 4.a(CapSense_SenseClk.o)
                0x00002698                CapSense_SenseClk_SetFractionalDividerRegister
 .text.CyBLE_Bless_LlRegWrite
                0x000026dc       0x1c .\CortexM0\ARM_GCC_484\Debug\BLE Lab 4.a(BLE_HAL_PVT.o)
                0x000026dc                CyBLE_Bless_LlRegWrite
 .text.CyBLE_Bless_RfRegWrite
                0x000026f8       0x1c .\CortexM0\ARM_GCC_484\Debug\BLE Lab 4.a(BLE_HAL_PVT.o)
                0x000026f8                CyBLE_Bless_RfRegWrite
 .text.CyBleHal_DelayUs
                0x00002714       0x1c .\CortexM0\ARM_GCC_484\Debug\BLE Lab 4.a(BLE_HAL_PVT.o)
                0x00002714                CyBleHal_DelayUs
 .text.CyBleHal_EnableGlobalInterrupts
                0x00002730        0xc .\CortexM0\ARM_GCC_484\Debug\BLE Lab 4.a(BLE_HAL_PVT.o)
                0x00002730                CyBleHal_EnableGlobalInterrupts
 .text.CyBleHal_DisableGlobalInterrupts
                0x0000273c        0xc .\CortexM0\ARM_GCC_484\Debug\BLE Lab 4.a(BLE_HAL_PVT.o)
                0x0000273c                CyBleHal_DisableGlobalInterrupts
 .text.CyBle_HalInit
                0x00002748       0x20 .\CortexM0\ARM_GCC_484\Debug\BLE Lab 4.a(BLE_HAL_PVT.o)
                0x00002748                CyBle_HalInit
 .text.CYBLE_BlessStart
                0x00002768       0x14 .\CortexM0\ARM_GCC_484\Debug\BLE Lab 4.a(BLE_HAL_PVT.o)
                0x00002768                CYBLE_BlessStart
 .text.BLE_bless_isr_StartEx
                0x0000277c       0x24 .\CortexM0\ARM_GCC_484\Debug\BLE Lab 4.a(BLE_bless_isr.o)
                0x0000277c                BLE_bless_isr_StartEx
 .text.BLE_bless_isr_SetVector
                0x000027a0       0x18 .\CortexM0\ARM_GCC_484\Debug\BLE Lab 4.a(BLE_bless_isr.o)
                0x000027a0                BLE_bless_isr_SetVector
 .text.BLE_bless_isr_SetPriority
                0x000027b8       0x50 .\CortexM0\ARM_GCC_484\Debug\BLE Lab 4.a(BLE_bless_isr.o)
                0x000027b8                BLE_bless_isr_SetPriority
 .text.BLE_bless_isr_Enable
                0x00002808       0x14 .\CortexM0\ARM_GCC_484\Debug\BLE Lab 4.a(BLE_bless_isr.o)
                0x00002808                BLE_bless_isr_Enable
 .text.BLE_bless_isr_Disable
                0x0000281c       0x14 .\CortexM0\ARM_GCC_484\Debug\BLE Lab 4.a(BLE_bless_isr.o)
                0x0000281c                BLE_bless_isr_Disable
 .text.CySysPmSleep
                0x00002830       0x34 .\CortexM0\ARM_GCC_484\Debug\BLE Lab 4.a(cyPm.o)
                0x00002830                CySysPmSleep
 .text.CyBLE_Bless_Interrupt
                0x00002864        0xc .\CortexM0\ARM_GCC_484\Debug\BLE Lab 4.a(BLE_HAL_INT.o)
                0x00002864                CyBLE_Bless_Interrupt
 .text          0x00002870       0x9c c:/program files (x86)/cypress/psoc creator/3.1/psoc creator/import/gnu_cs/arm/4.8.4/bin/../lib/gcc/arm-none-eabi/4.8.4/armv6-m\libgcc.a(_udivsi3.o)
                0x00002870                __aeabi_uidiv
                0x00002870                __udivsi3
                0x000028f8                __aeabi_uidivmod
 .text          0x0000290c       0xc0 c:/program files (x86)/cypress/psoc creator/3.1/psoc creator/import/gnu_cs/arm/4.8.4/bin/../lib/gcc/arm-none-eabi/4.8.4/armv6-m\libgcc.a(_divsi3.o)
                0x0000290c                __divsi3
                0x0000290c                __aeabi_idiv
                0x000029b8                __aeabi_idivmod
 .text          0x000029cc        0x4 c:/program files (x86)/cypress/psoc creator/3.1/psoc creator/import/gnu_cs/arm/4.8.4/bin/../lib/gcc/arm-none-eabi/4.8.4/armv6-m\libgcc.a(_dvmd_tls.o)
                0x000029cc                __aeabi_idiv0
                0x000029cc                __aeabi_ldiv0
 .text.__libc_init_array
                0x000029d0       0x4c c:/program files (x86)/cypress/psoc creator/3.1/psoc creator/import/gnu_cs/arm/4.8.4/bin/../lib/gcc/arm-none-eabi/4.8.4/../../../../arm-none-eabi/lib/armv6-m\libg_s.a(lib_a-init.o)
                0x000029d0                __libc_init_array
 .text.memcmp   0x00002a1c       0x1e c:/program files (x86)/cypress/psoc creator/3.1/psoc creator/import/gnu_cs/arm/4.8.4/bin/../lib/gcc/arm-none-eabi/4.8.4/../../../../arm-none-eabi/lib/armv6-m\libg_s.a(lib_a-memcmp.o)
                0x00002a1c                memcmp
 .text.memcpy   0x00002a3a       0x12 c:/program files (x86)/cypress/psoc creator/3.1/psoc creator/import/gnu_cs/arm/4.8.4/bin/../lib/gcc/arm-none-eabi/4.8.4/../../../../arm-none-eabi/lib/armv6-m\libg_s.a(lib_a-memcpy-stub.o)
                0x00002a3a                memcpy
 .text.memset   0x00002a4c       0x10 c:/program files (x86)/cypress/psoc creator/3.1/psoc creator/import/gnu_cs/arm/4.8.4/bin/../lib/gcc/arm-none-eabi/4.8.4/../../../../arm-none-eabi/lib/armv6-m\libg_s.a(lib_a-memset.o)
                0x00002a4c                memset
 *(.plt)
 *(.gnu.warning)
 *(.glue_7t)
 .glue_7t       0x00000000        0x0 linker stubs
 *(.glue_7)
 .glue_7        0x00000000        0x0 linker stubs
 *(.vfp11_veneer)
 .vfp11_veneer  0x00000000        0x0 linker stubs
 *(.bootloader)
 *(.ARM.extab* .gnu.linkonce.armextab.*)
 *(.gcc_except_table)

.v4_bx          0x00002a5c        0x0
 .v4_bx         0x00000000        0x0 linker stubs

.iplt           0x00002a5c        0x0
 .iplt          0x00000000        0x0 c:/program files (x86)/cypress/psoc creator/3.1/psoc creator/import/gnu_cs/arm/4.8.4/bin/../lib/gcc/arm-none-eabi/4.8.4/armv6-m/crtbegin.o

i.CyBle_ExitLPM
                0x00002a5c        0x8
 i.CyBle_ExitLPM
                0x00002a5c        0x8 C:\Program Files (x86)\Cypress\PSoC Creator\3.1\PSoC Creator\psoc\content\cycomponentlibrary\CyComponentLibrary.cylib\BLE_v1_20\Library\gccCyBLEStack_BLE_SOC_PERIPHERAL.a(CyBle.o)
                0x00002a5c                CyBle_ExitLPM

i.CyBle_ProcessEvents
                0x00002a64        0x8
 i.CyBle_ProcessEvents
                0x00002a64        0x8 C:\Program Files (x86)\Cypress\PSoC Creator\3.1\PSoC Creator\psoc\content\cycomponentlibrary\CyComponentLibrary.cylib\BLE_v1_20\Library\gccCyBLEStack_BLE_SOC_PERIPHERAL.a(CyBle.o)
                0x00002a64                CyBle_ProcessEvents

i.CyBle_SetDeviceAddress
                0x00002a6c       0x24
 i.CyBle_SetDeviceAddress
                0x00002a6c       0x24 C:\Program Files (x86)\Cypress\PSoC Creator\3.1\PSoC Creator\psoc\content\cycomponentlibrary\CyComponentLibrary.cylib\BLE_v1_20\Library\gccCyBLEStack_BLE_SOC_PERIPHERAL.a(CyBle.o)
                0x00002a6c                CyBle_SetDeviceAddress

i.CyBle_StackInit
                0x00002a90       0x84
 i.CyBle_StackInit
                0x00002a90       0x84 C:\Program Files (x86)\Cypress\PSoC Creator\3.1\PSoC Creator\psoc\content\cycomponentlibrary\CyComponentLibrary.cylib\BLE_v1_20\Library\gccCyBLEStack_BLE_SOC_PERIPHERAL.a(CyBle.o)
                0x00002a90                CyBle_StackInit

i.CyBleStackMgr_BleGetConfigData
                0x00002b14        0x4
 i.CyBleStackMgr_BleGetConfigData
                0x00002b14        0x4 C:\Program Files (x86)\Cypress\PSoC Creator\3.1\PSoC Creator\psoc\content\cycomponentlibrary\CyComponentLibrary.cylib\BLE_v1_20\Library\gccCyBLEStack_BLE_SOC_PERIPHERAL.a(CyBleStackMgrIP_Interface.o)
                0x00002b14                CyBleStackMgr_BleGetConfigData

i.CyBleStackMgr_BleSetConfigData
                0x00002b18        0x4
 i.CyBleStackMgr_BleSetConfigData
                0x00002b18        0x4 C:\Program Files (x86)\Cypress\PSoC Creator\3.1\PSoC Creator\psoc\content\cycomponentlibrary\CyComponentLibrary.cylib\BLE_v1_20\Library\gccCyBLEStack_BLE_SOC_PERIPHERAL.a(CyBleStackMgrIP_Interface.o)
                0x00002b18                CyBleStackMgr_BleSetConfigData

i.CyBleStackMgr_Init
                0x00002b1c      0x104
 i.CyBleStackMgr_Init
                0x00002b1c      0x104 C:\Program Files (x86)\Cypress\PSoC Creator\3.1\PSoC Creator\psoc\content\cycomponentlibrary\CyComponentLibrary.cylib\BLE_v1_20\Library\gccCyBLEStack_BLE_SOC_PERIPHERAL.a(CyBleStackMgrIP_Interface.o)
                0x00002b1c                CyBleStackMgr_Init

i.CyBleStackMgr_ProcessBleEvents
                0x00002c20       0x14
 i.CyBleStackMgr_ProcessBleEvents
                0x00002c20       0x14 C:\Program Files (x86)\Cypress\PSoC Creator\3.1\PSoC Creator\psoc\content\cycomponentlibrary\CyComponentLibrary.cylib\BLE_v1_20\Library\gccCyBLEStack_BLE_SOC_PERIPHERAL.a(CyBleStackMgrIP_Interface.o)
                0x00002c20                CyBleStackMgr_ProcessBleEvents

i.ble_stack_idle_task_callback
                0x00002c34        0x2
 i.ble_stack_idle_task_callback
                0x00002c34        0x2 C:\Program Files (x86)\Cypress\PSoC Creator\3.1\PSoC Creator\psoc\content\cycomponentlibrary\CyComponentLibrary.cylib\BLE_v1_20\Library\gccCyBLEStack_BLE_SOC_PERIPHERAL.a(CyBleStackMgrIP_Interface.o)
                0x00002c34                ble_stack_idle_task_callback

i.BT_OSFreeBuf  0x00002c38       0x18
 i.BT_OSFreeBuf
                0x00002c38       0x18 C:\Program Files (x86)\Cypress\PSoC Creator\3.1\PSoC Creator\psoc\content\cycomponentlibrary\CyComponentLibrary.cylib\BLE_v1_20\Library\gccCyBLEStack_BLE_SOC_PERIPHERAL.a(BT_os.o)
                0x00002c38                BT_OSFreeBuf

i.BT_OSGetBuF   0x00002c50       0x1c
 i.BT_OSGetBuF  0x00002c50       0x1c C:\Program Files (x86)\Cypress\PSoC Creator\3.1\PSoC Creator\psoc\content\cycomponentlibrary\CyComponentLibrary.cylib\BLE_v1_20\Library\gccCyBLEStack_BLE_SOC_PERIPHERAL.a(BT_os.o)
                0x00002c50                BT_OSGetBuF

i.BT_OSMemCreate
                0x00002c6c       0x1c
 i.BT_OSMemCreate
                0x00002c6c       0x1c C:\Program Files (x86)\Cypress\PSoC Creator\3.1\PSoC Creator\psoc\content\cycomponentlibrary\CyComponentLibrary.cylib\BLE_v1_20\Library\gccCyBLEStack_BLE_SOC_PERIPHERAL.a(BT_os.o)
                0x00002c6c                BT_OSMemCreate

i.BT_alloc_mem_ext
                0x00002c88       0x34
 i.BT_alloc_mem_ext
                0x00002c88       0x34 C:\Program Files (x86)\Cypress\PSoC Creator\3.1\PSoC Creator\psoc\content\cycomponentlibrary\CyComponentLibrary.cylib\BLE_v1_20\Library\gccCyBLEStack_BLE_SOC_PERIPHERAL.a(BT_os.o)
                0x00002c88                BT_alloc_mem_ext

i.BT_free_mem   0x00002cbc        0xc
 i.BT_free_mem  0x00002cbc        0xc C:\Program Files (x86)\Cypress\PSoC Creator\3.1\PSoC Creator\psoc\content\cycomponentlibrary\CyComponentLibrary.cylib\BLE_v1_20\Library\gccCyBLEStack_BLE_SOC_PERIPHERAL.a(BT_os.o)
                0x00002cbc                BT_free_mem

i.bt_stack_init_os
                0x00002cc8       0x34
 i.bt_stack_init_os
                0x00002cc8       0x34 C:\Program Files (x86)\Cypress\PSoC Creator\3.1\PSoC Creator\psoc\content\cycomponentlibrary\CyComponentLibrary.cylib\BLE_v1_20\Library\gccCyBLEStack_BLE_SOC_PERIPHERAL.a(BT_os.o)
                0x00002cc8                bt_stack_init_os

i.CyBle_CheckBleStackTaskStatus
                0x00002cfc        0x4
 i.CyBle_CheckBleStackTaskStatus
                0x00002cfc        0x4 C:\Program Files (x86)\Cypress\PSoC Creator\3.1\PSoC Creator\psoc\content\cycomponentlibrary\CyComponentLibrary.cylib\BLE_v1_20\Library\gccCyBLEStack_BLE_SOC_PERIPHERAL.a(CyBleStackMgr_StackTaskHandler.o)
                0x00002cfc                CyBle_CheckBleStackTaskStatus

i.CyBle_CreateBleStackTask
                0x00002d00       0x2c
 i.CyBle_CreateBleStackTask
                0x00002d00       0x2c C:\Program Files (x86)\Cypress\PSoC Creator\3.1\PSoC Creator\psoc\content\cycomponentlibrary\CyComponentLibrary.cylib\BLE_v1_20\Library\gccCyBLEStack_BLE_SOC_PERIPHERAL.a(CyBleStackMgr_StackTaskHandler.o)
                0x00002d00                CyBle_CreateBleStackTask

i.CyBle_SignalBleStackTask
                0x00002d2c       0x50
 i.CyBle_SignalBleStackTask
                0x00002d2c       0x50 C:\Program Files (x86)\Cypress\PSoC Creator\3.1\PSoC Creator\psoc\content\cycomponentlibrary\CyComponentLibrary.cylib\BLE_v1_20\Library\gccCyBLEStack_BLE_SOC_PERIPHERAL.a(CyBleStackMgr_StackTaskHandler.o)
                0x00002d2c                CyBle_SignalBleStackTask

i.CyBle_StackTaskHandler
                0x00002d7c       0x5c
 i.CyBle_StackTaskHandler
                0x00002d7c       0x5c C:\Program Files (x86)\Cypress\PSoC Creator\3.1\PSoC Creator\psoc\content\cycomponentlibrary\CyComponentLibrary.cylib\BLE_v1_20\Library\gccCyBLEStack_BLE_SOC_PERIPHERAL.a(CyBleStackMgr_StackTaskHandler.o)
                0x00002d7c                CyBle_StackTaskHandler

i.__ARM_common_switch8
                0x00002dd8       0x1a
 i.__ARM_common_switch8
                0x00002dd8       0x1a C:\Program Files (x86)\Cypress\PSoC Creator\3.1\PSoC Creator\psoc\content\cycomponentlibrary\CyComponentLibrary.cylib\BLE_v1_20\Library\gccCyBLEStack_BLE_SOC_PERIPHERAL.a(CyBleStackMgr_StackTaskHandler.o)
                0x00002dd8                __ARM_common_switch8

i.hci_soft_transport_notify_data_received
                0x00002df4        0xc
 i.hci_soft_transport_notify_data_received
                0x00002df4        0xc C:\Program Files (x86)\Cypress\PSoC Creator\3.1\PSoC Creator\psoc\content\cycomponentlibrary\CyComponentLibrary.cylib\BLE_v1_20\Library\gccCyBLEStack_BLE_SOC_PERIPHERAL.a(transport_sf.o)
                0x00002df4                hci_soft_transport_notify_data_received

i.hci_soft_transport_rx_data
                0x00002e00       0x40
 i.hci_soft_transport_rx_data
                0x00002e00       0x40 C:\Program Files (x86)\Cypress\PSoC Creator\3.1\PSoC Creator\psoc\content\cycomponentlibrary\CyComponentLibrary.cylib\BLE_v1_20\Library\gccCyBLEStack_BLE_SOC_PERIPHERAL.a(transport_sf.o)
                0x00002e00                hci_soft_transport_rx_data

i.hci_transport_bt_init
                0x00002e40        0x2
 i.hci_transport_bt_init
                0x00002e40        0x2 C:\Program Files (x86)\Cypress\PSoC Creator\3.1\PSoC Creator\psoc\content\cycomponentlibrary\CyComponentLibrary.cylib\BLE_v1_20\Library\gccCyBLEStack_BLE_SOC_PERIPHERAL.a(transport_sf.o)
                0x00002e40                hci_transport_bt_init

i.hci_transport_init
                0x00002e44       0x10
 i.hci_transport_init
                0x00002e44       0x10 C:\Program Files (x86)\Cypress\PSoC Creator\3.1\PSoC Creator\psoc\content\cycomponentlibrary\CyComponentLibrary.cylib\BLE_v1_20\Library\gccCyBLEStack_BLE_SOC_PERIPHERAL.a(transport_sf.o)
                0x00002e44                hci_transport_init

i.hci_transport_write_data
                0x00002e54       0xd4
 i.hci_transport_write_data
                0x00002e54       0xd4 C:\Program Files (x86)\Cypress\PSoC Creator\3.1\PSoC Creator\psoc\content\cycomponentlibrary\CyComponentLibrary.cylib\BLE_v1_20\Library\gccCyBLEStack_BLE_SOC_PERIPHERAL.a(transport_sf.o)
                0x00002e54                hci_transport_write_data

i.pf_hci_soft_transport_write
                0x00002f28       0x44
 i.pf_hci_soft_transport_write
                0x00002f28       0x44 C:\Program Files (x86)\Cypress\PSoC Creator\3.1\PSoC Creator\psoc\content\cycomponentlibrary\CyComponentLibrary.cylib\BLE_v1_20\Library\gccCyBLEStack_BLE_SOC_PERIPHERAL.a(transport_sf.o)
                0x00002f28                pf_hci_soft_transport_write

i.pf_soft_hci_transport_init
                0x00002f6c        0xc
 i.pf_soft_hci_transport_init
                0x00002f6c        0xc C:\Program Files (x86)\Cypress\PSoC Creator\3.1\PSoC Creator\psoc\content\cycomponentlibrary\CyComponentLibrary.cylib\BLE_v1_20\Library\gccCyBLEStack_BLE_SOC_PERIPHERAL.a(transport_sf.o)
                0x00002f6c                pf_soft_hci_transport_init

i.CyBleStackMgr_GetTime
                0x00002f78       0x14
 i.CyBleStackMgr_GetTime
                0x00002f78       0x14 C:\Program Files (x86)\Cypress\PSoC Creator\3.1\PSoC Creator\psoc\content\cycomponentlibrary\CyComponentLibrary.cylib\BLE_v1_20\Library\gccCyBLEStack_BLE_SOC_PERIPHERAL.a(CyBleStackMgr_PSoCHal.o)
                0x00002f78                CyBleStackMgr_GetTime

i.CyBleStackMgr_HalInit
                0x00002f8c       0x24
 i.CyBleStackMgr_HalInit
                0x00002f8c       0x24 C:\Program Files (x86)\Cypress\PSoC Creator\3.1\PSoC Creator\psoc\content\cycomponentlibrary\CyComponentLibrary.cylib\BLE_v1_20\Library\gccCyBLEStack_BLE_SOC_PERIPHERAL.a(CyBleStackMgr_PSoCHal.o)
                0x00002f8c                CyBleStackMgr_HalInit

i.CyBleStackMgr_HalIntrEnable
                0x00002fb0        0x8
 i.CyBleStackMgr_HalIntrEnable
                0x00002fb0        0x8 C:\Program Files (x86)\Cypress\PSoC Creator\3.1\PSoC Creator\psoc\content\cycomponentlibrary\CyComponentLibrary.cylib\BLE_v1_20\Library\gccCyBLEStack_BLE_SOC_PERIPHERAL.a(CyBleStackMgr_PSoCHal.o)
                0x00002fb0                CyBleStackMgr_HalIntrEnable

i.CyBleStackMgr_HandleLinkLayerTick
                0x00002fb8       0x5c
 i.CyBleStackMgr_HandleLinkLayerTick
                0x00002fb8       0x5c C:\Program Files (x86)\Cypress\PSoC Creator\3.1\PSoC Creator\psoc\content\cycomponentlibrary\CyComponentLibrary.cylib\BLE_v1_20\Library\gccCyBLEStack_BLE_SOC_PERIPHERAL.a(CyBleStackMgr_PSoCHal.o)
                0x00002fb8                CyBleStackMgr_HandleLinkLayerTick

i.CyBleStackMgr_HciPortInit
                0x00003014        0xc
 i.CyBleStackMgr_HciPortInit
                0x00003014        0xc C:\Program Files (x86)\Cypress\PSoC Creator\3.1\PSoC Creator\psoc\content\cycomponentlibrary\CyComponentLibrary.cylib\BLE_v1_20\Library\gccCyBLEStack_BLE_SOC_PERIPHERAL.a(CyBleStackMgr_PSoCHal.o)
                0x00003014                CyBleStackMgr_HciPortInit

i.CyBleStackMgr_HciPortReset
                0x00003020        0x2
 i.CyBleStackMgr_HciPortReset
                0x00003020        0x2 C:\Program Files (x86)\Cypress\PSoC Creator\3.1\PSoC Creator\psoc\content\cycomponentlibrary\CyComponentLibrary.cylib\BLE_v1_20\Library\gccCyBLEStack_BLE_SOC_PERIPHERAL.a(CyBleStackMgr_PSoCHal.o)
                0x00003020                CyBleStackMgr_HciPortReset

i.CyBleStackMgr_HciPortWrite
                0x00003022        0x8
 i.CyBleStackMgr_HciPortWrite
                0x00003022        0x8 C:\Program Files (x86)\Cypress\PSoC Creator\3.1\PSoC Creator\psoc\content\cycomponentlibrary\CyComponentLibrary.cylib\BLE_v1_20\Library\gccCyBLEStack_BLE_SOC_PERIPHERAL.a(CyBleStackMgr_PSoCHal.o)
                0x00003022                CyBleStackMgr_HciPortWrite

i.CyBleStackMgr_ResetLinkLayerTimerEntity
                0x0000302c       0x14
 i.CyBleStackMgr_ResetLinkLayerTimerEntity
                0x0000302c       0x14 C:\Program Files (x86)\Cypress\PSoC Creator\3.1\PSoC Creator\psoc\content\cycomponentlibrary\CyComponentLibrary.cylib\BLE_v1_20\Library\gccCyBLEStack_BLE_SOC_PERIPHERAL.a(CyBleStackMgr_PSoCHal.o)
                0x0000302c                CyBleStackMgr_ResetLinkLayerTimerEntity

i.CyBleStackMgr_TimerStart
                0x00003040       0x2c
 i.CyBleStackMgr_TimerStart
                0x00003040       0x2c C:\Program Files (x86)\Cypress\PSoC Creator\3.1\PSoC Creator\psoc\content\cycomponentlibrary\CyComponentLibrary.cylib\BLE_v1_20\Library\gccCyBLEStack_BLE_SOC_PERIPHERAL.a(CyBleStackMgr_PSoCHal.o)
                0x00003040                CyBleStackMgr_TimerStart

i.CyBleStackMgr_TimerStop
                0x0000306c       0x18
 i.CyBleStackMgr_TimerStop
                0x0000306c       0x18 C:\Program Files (x86)\Cypress\PSoC Creator\3.1\PSoC Creator\psoc\content\cycomponentlibrary\CyComponentLibrary.cylib\BLE_v1_20\Library\gccCyBLEStack_BLE_SOC_PERIPHERAL.a(CyBleStackMgr_PSoCHal.o)
                0x0000306c                CyBleStackMgr_TimerStop

i.CyBleStackMgr_isTimerRunning
                0x00003084       0x10
 i.CyBleStackMgr_isTimerRunning
                0x00003084       0x10 C:\Program Files (x86)\Cypress\PSoC Creator\3.1\PSoC Creator\psoc\content\cycomponentlibrary\CyComponentLibrary.cylib\BLE_v1_20\Library\gccCyBLEStack_BLE_SOC_PERIPHERAL.a(CyBleStackMgr_PSoCHal.o)
                0x00003084                CyBleStackMgr_isTimerRunning

i.CyBleAtlantisRadioInit
                0x00003094      0x1ac
 i.CyBleAtlantisRadioInit
                0x00003094      0x1ac C:\Program Files (x86)\Cypress\PSoC Creator\3.1\PSoC Creator\psoc\content\cycomponentlibrary\CyComponentLibrary.cylib\BLE_v1_20\Library\gccCyBLEStack_BLE_SOC_PERIPHERAL.a(CyBleStackMgr_BleSSDriver.o)

i.CyBleStackMgr_BleSSFifoRead
                0x00003240       0x38
 i.CyBleStackMgr_BleSSFifoRead
                0x00003240       0x38 C:\Program Files (x86)\Cypress\PSoC Creator\3.1\PSoC Creator\psoc\content\cycomponentlibrary\CyComponentLibrary.cylib\BLE_v1_20\Library\gccCyBLEStack_BLE_SOC_PERIPHERAL.a(CyBleStackMgr_BleSSDriver.o)
                0x00003240                CyBleStackMgr_BleSSFifoRead

i.CyBleStackMgr_BleSSFifoWrite
                0x00003278       0x30
 i.CyBleStackMgr_BleSSFifoWrite
                0x00003278       0x30 C:\Program Files (x86)\Cypress\PSoC Creator\3.1\PSoC Creator\psoc\content\cycomponentlibrary\CyComponentLibrary.cylib\BLE_v1_20\Library\gccCyBLEStack_BLE_SOC_PERIPHERAL.a(CyBleStackMgr_BleSSDriver.o)
                0x00003278                CyBleStackMgr_BleSSFifoWrite

i.CyBleStackMgr_BleSSInit
                0x000032a8       0x50
 i.CyBleStackMgr_BleSSInit
                0x000032a8       0x50 C:\Program Files (x86)\Cypress\PSoC Creator\3.1\PSoC Creator\psoc\content\cycomponentlibrary\CyComponentLibrary.cylib\BLE_v1_20\Library\gccCyBLEStack_BLE_SOC_PERIPHERAL.a(CyBleStackMgr_BleSSDriver.o)
                0x000032a8                CyBleStackMgr_BleSSInit

i.CyBleStackMgr_BleSSMemRead
                0x000032f8       0x26
 i.CyBleStackMgr_BleSSMemRead
                0x000032f8       0x26 C:\Program Files (x86)\Cypress\PSoC Creator\3.1\PSoC Creator\psoc\content\cycomponentlibrary\CyComponentLibrary.cylib\BLE_v1_20\Library\gccCyBLEStack_BLE_SOC_PERIPHERAL.a(CyBleStackMgr_BleSSDriver.o)
                0x000032f8                CyBleStackMgr_BleSSMemRead

i.CyBleStackMgr_BleSSMemWrite
                0x00003320       0x34
 i.CyBleStackMgr_BleSSMemWrite
                0x00003320       0x34 C:\Program Files (x86)\Cypress\PSoC Creator\3.1\PSoC Creator\psoc\content\cycomponentlibrary\CyComponentLibrary.cylib\BLE_v1_20\Library\gccCyBLEStack_BLE_SOC_PERIPHERAL.a(CyBleStackMgr_BleSSDriver.o)
                0x00003320                CyBleStackMgr_BleSSMemWrite

i.CyBleStackMgr_BleSSRegRead
                0x00003354        0xc
 i.CyBleStackMgr_BleSSRegRead
                0x00003354        0xc C:\Program Files (x86)\Cypress\PSoC Creator\3.1\PSoC Creator\psoc\content\cycomponentlibrary\CyComponentLibrary.cylib\BLE_v1_20\Library\gccCyBLEStack_BLE_SOC_PERIPHERAL.a(CyBleStackMgr_BleSSDriver.o)
                0x00003354                CyBleStackMgr_BleSSRegRead

i.CyBleStackMgr_BleSSRegWrite
                0x00003360        0xc
 i.CyBleStackMgr_BleSSRegWrite
                0x00003360        0xc C:\Program Files (x86)\Cypress\PSoC Creator\3.1\PSoC Creator\psoc\content\cycomponentlibrary\CyComponentLibrary.cylib\BLE_v1_20\Library\gccCyBLEStack_BLE_SOC_PERIPHERAL.a(CyBleStackMgr_BleSSDriver.o)
                0x00003360                CyBleStackMgr_BleSSRegWrite

i.CyBleStackMgr_BleSSReset
                0x0000336c       0x38
 i.CyBleStackMgr_BleSSReset
                0x0000336c       0x38 C:\Program Files (x86)\Cypress\PSoC Creator\3.1\PSoC Creator\psoc\content\cycomponentlibrary\CyComponentLibrary.cylib\BLE_v1_20\Library\gccCyBLEStack_BLE_SOC_PERIPHERAL.a(CyBleStackMgr_BleSSDriver.o)
                0x0000336c                CyBleStackMgr_BleSSReset

i.CyBleStackMgr_GenericIface
                0x000033a4       0x3c
 i.CyBleStackMgr_GenericIface
                0x000033a4       0x3c C:\Program Files (x86)\Cypress\PSoC Creator\3.1\PSoC Creator\psoc\content\cycomponentlibrary\CyComponentLibrary.cylib\BLE_v1_20\Library\gccCyBLEStack_BLE_SOC_PERIPHERAL.a(CyBleStackMgr_BleSSDriver.o)
                0x000033a4                CyBleStackMgr_GenericIface

i.CyBleStackMgr_HandleBleSSIntr
                0x000033e0       0x90
 i.CyBleStackMgr_HandleBleSSIntr
                0x000033e0       0x90 C:\Program Files (x86)\Cypress\PSoC Creator\3.1\PSoC Creator\psoc\content\cycomponentlibrary\CyComponentLibrary.cylib\BLE_v1_20\Library\gccCyBLEStack_BLE_SOC_PERIPHERAL.a(CyBleStackMgr_BleSSDriver.o)
                0x000033e0                CyBleStackMgr_HandleBleSSIntr

i.CyBleStackMgr_SetClockParam
                0x00003470       0xb4
 i.CyBleStackMgr_SetClockParam
                0x00003470       0xb4 C:\Program Files (x86)\Cypress\PSoC Creator\3.1\PSoC Creator\psoc\content\cycomponentlibrary\CyComponentLibrary.cylib\BLE_v1_20\Library\gccCyBLEStack_BLE_SOC_PERIPHERAL.a(CyBleStackMgr_BleSSDriver.o)

i.CyBle_ExitDsmMode
                0x00003524       0x2c
 i.CyBle_ExitDsmMode
                0x00003524       0x2c C:\Program Files (x86)\Cypress\PSoC Creator\3.1\PSoC Creator\psoc\content\cycomponentlibrary\CyComponentLibrary.cylib\BLE_v1_20\Library\gccCyBLEStack_BLE_SOC_PERIPHERAL.a(CyBleStackMgr_BleSSDriver.o)
                0x00003524                CyBle_ExitDsmMode

i.CyBle_GetBleSsOperationalMode
                0x00003550        0xc
 i.CyBle_GetBleSsOperationalMode
                0x00003550        0xc C:\Program Files (x86)\Cypress\PSoC Creator\3.1\PSoC Creator\psoc\content\cycomponentlibrary\CyComponentLibrary.cylib\BLE_v1_20\Library\gccCyBLEStack_BLE_SOC_PERIPHERAL.a(CyBleStackMgr_BleSSDriver.o)
                0x00003550                CyBle_GetBleSsOperationalMode

i.CyBle_GetLpMode
                0x0000355c       0x26
 i.CyBle_GetLpMode
                0x0000355c       0x26 C:\Program Files (x86)\Cypress\PSoC Creator\3.1\PSoC Creator\psoc\content\cycomponentlibrary\CyComponentLibrary.cylib\BLE_v1_20\Library\gccCyBLEStack_BLE_SOC_PERIPHERAL.a(CyBleStackMgr_BleSSDriver.o)
                0x0000355c                CyBle_GetLpMode

i.CyBle_GetTxGainMode
                0x00003584       0x2c
 i.CyBle_GetTxGainMode
                0x00003584       0x2c C:\Program Files (x86)\Cypress\PSoC Creator\3.1\PSoC Creator\psoc\content\cycomponentlibrary\CyComponentLibrary.cylib\BLE_v1_20\Library\gccCyBLEStack_BLE_SOC_PERIPHERAL.a(CyBleStackMgr_BleSSDriver.o)
                0x00003584                CyBle_GetTxGainMode

i.CyBle_SetBleSsOperationalMode
                0x000035b0       0x20
 i.CyBle_SetBleSsOperationalMode
                0x000035b0       0x20 C:\Program Files (x86)\Cypress\PSoC Creator\3.1\PSoC Creator\psoc\content\cycomponentlibrary\CyComponentLibrary.cylib\BLE_v1_20\Library\gccCyBLEStack_BLE_SOC_PERIPHERAL.a(CyBleStackMgr_BleSSDriver.o)
                0x000035b0                CyBle_SetBleSsOperationalMode

i.CyBle_SetEventCloseState
                0x000035d0        0xc
 i.CyBle_SetEventCloseState
                0x000035d0        0xc C:\Program Files (x86)\Cypress\PSoC Creator\3.1\PSoC Creator\psoc\content\cycomponentlibrary\CyComponentLibrary.cylib\BLE_v1_20\Library\gccCyBLEStack_BLE_SOC_PERIPHERAL.a(CyBleStackMgr_BleSSDriver.o)
                0x000035d0                CyBle_SetEventCloseState

i.CyBle_SetRxGainMode
                0x000035dc       0x20
 i.CyBle_SetRxGainMode
                0x000035dc       0x20 C:\Program Files (x86)\Cypress\PSoC Creator\3.1\PSoC Creator\psoc\content\cycomponentlibrary\CyComponentLibrary.cylib\BLE_v1_20\Library\gccCyBLEStack_BLE_SOC_PERIPHERAL.a(CyBleStackMgr_BleSSDriver.o)
                0x000035dc                CyBle_SetRxGainMode

i.CyBle_SetTxGainMode
                0x000035fc       0x38
 i.CyBle_SetTxGainMode
                0x000035fc       0x38 C:\Program Files (x86)\Cypress\PSoC Creator\3.1\PSoC Creator\psoc\content\cycomponentlibrary\CyComponentLibrary.cylib\BLE_v1_20\Library\gccCyBLEStack_BLE_SOC_PERIPHERAL.a(CyBleStackMgr_BleSSDriver.o)
                0x000035fc                CyBle_SetTxGainMode

i.pf_rf_get_abs_rssi
                0x00003634       0x24
 i.pf_rf_get_abs_rssi
                0x00003634       0x24 C:\Program Files (x86)\Cypress\PSoC Creator\3.1\PSoC Creator\psoc\content\cycomponentlibrary\CyComponentLibrary.cylib\BLE_v1_20\Library\gccCyBLEStack_BLE_SOC_PERIPHERAL.a(CyBleStackMgr_BleSSDriver.o)
                0x00003634                pf_rf_get_abs_rssi

i.OS_init       0x00003658       0x64
 i.OS_init      0x00003658       0x64 C:\Program Files (x86)\Cypress\PSoC Creator\3.1\PSoC Creator\psoc\content\cycomponentlibrary\CyComponentLibrary.cylib\BLE_v1_20\Library\gccCyBLEStack_BLE_SOC_PERIPHERAL.a(mint_os.o)
                0x00003658                OS_init

i.mintos_malloc
                0x000036bc       0x34
 i.mintos_malloc
                0x000036bc       0x34 C:\Program Files (x86)\Cypress\PSoC Creator\3.1\PSoC Creator\psoc\content\cycomponentlibrary\CyComponentLibrary.cylib\BLE_v1_20\Library\gccCyBLEStack_BLE_SOC_PERIPHERAL.a(mint_os.o)
                0x000036bc                mintos_malloc

i.OS_create_queue
                0x000036f0       0x64
 i.OS_create_queue
                0x000036f0       0x64 C:\Program Files (x86)\Cypress\PSoC Creator\3.1\PSoC Creator\psoc\content\cycomponentlibrary\CyComponentLibrary.cylib\BLE_v1_20\Library\gccCyBLEStack_BLE_SOC_PERIPHERAL.a(mint_os_queue.o)
                0x000036f0                OS_create_queue

i.OS_enqueue_item
                0x00003754       0x8c
 i.OS_enqueue_item
                0x00003754       0x8c C:\Program Files (x86)\Cypress\PSoC Creator\3.1\PSoC Creator\psoc\content\cycomponentlibrary\CyComponentLibrary.cylib\BLE_v1_20\Library\gccCyBLEStack_BLE_SOC_PERIPHERAL.a(mint_os_queue.o)
                0x00003754                OS_enqueue_item

i.OS_queue_get_num_of_items
                0x000037e0       0x28
 i.OS_queue_get_num_of_items
                0x000037e0       0x28 C:\Program Files (x86)\Cypress\PSoC Creator\3.1\PSoC Creator\psoc\content\cycomponentlibrary\CyComponentLibrary.cylib\BLE_v1_20\Library\gccCyBLEStack_BLE_SOC_PERIPHERAL.a(mint_os_queue.o)
                0x000037e0                OS_queue_get_num_of_items

i.OS_queue_mgmt_init
                0x00003808       0x40
 i.OS_queue_mgmt_init
                0x00003808       0x40 C:\Program Files (x86)\Cypress\PSoC Creator\3.1\PSoC Creator\psoc\content\cycomponentlibrary\CyComponentLibrary.cylib\BLE_v1_20\Library\gccCyBLEStack_BLE_SOC_PERIPHERAL.a(mint_os_queue.o)
                0x00003808                OS_queue_mgmt_init

i.OS_remove_item
                0x00003848       0xa0
 i.OS_remove_item
                0x00003848       0xa0 C:\Program Files (x86)\Cypress\PSoC Creator\3.1\PSoC Creator\psoc\content\cycomponentlibrary\CyComponentLibrary.cylib\BLE_v1_20\Library\gccCyBLEStack_BLE_SOC_PERIPHERAL.a(mint_os_queue.o)
                0x00003848                OS_remove_item

i.OS_create_task
                0x000038e8       0x88
 i.OS_create_task
                0x000038e8       0x88 C:\Program Files (x86)\Cypress\PSoC Creator\3.1\PSoC Creator\psoc\content\cycomponentlibrary\CyComponentLibrary.cylib\BLE_v1_20\Library\gccCyBLEStack_BLE_SOC_PERIPHERAL.a(mint_os_task.o)
                0x000038e8                OS_create_task

i.OS_isr_send_signal_to_task
                0x00003970        0xc
 i.OS_isr_send_signal_to_task
                0x00003970        0xc C:\Program Files (x86)\Cypress\PSoC Creator\3.1\PSoC Creator\psoc\content\cycomponentlibrary\CyComponentLibrary.cylib\BLE_v1_20\Library\gccCyBLEStack_BLE_SOC_PERIPHERAL.a(mint_os_task.o)
                0x00003970                OS_isr_send_signal_to_task

i.OS_scheduler  0x0000397c       0x64
 i.OS_scheduler
                0x0000397c       0x64 C:\Program Files (x86)\Cypress\PSoC Creator\3.1\PSoC Creator\psoc\content\cycomponentlibrary\CyComponentLibrary.cylib\BLE_v1_20\Library\gccCyBLEStack_BLE_SOC_PERIPHERAL.a(mint_os_task.o)
                0x0000397c                OS_scheduler

i.OS_send_signal_to_task
                0x000039e0        0xc
 i.OS_send_signal_to_task
                0x000039e0        0xc C:\Program Files (x86)\Cypress\PSoC Creator\3.1\PSoC Creator\psoc\content\cycomponentlibrary\CyComponentLibrary.cylib\BLE_v1_20\Library\gccCyBLEStack_BLE_SOC_PERIPHERAL.a(mint_os_task.o)
                0x000039e0                OS_send_signal_to_task

i.OS_send_signal_to_task_context
                0x000039ec       0x3c
 i.OS_send_signal_to_task_context
                0x000039ec       0x3c C:\Program Files (x86)\Cypress\PSoC Creator\3.1\PSoC Creator\psoc\content\cycomponentlibrary\CyComponentLibrary.cylib\BLE_v1_20\Library\gccCyBLEStack_BLE_SOC_PERIPHERAL.a(mint_os_task.o)

i.OS_task_mgmt_init
                0x00003a28       0x50
 i.OS_task_mgmt_init
                0x00003a28       0x50 C:\Program Files (x86)\Cypress\PSoC Creator\3.1\PSoC Creator\psoc\content\cycomponentlibrary\CyComponentLibrary.cylib\BLE_v1_20\Library\gccCyBLEStack_BLE_SOC_PERIPHERAL.a(mint_os_task.o)
                0x00003a28                OS_task_mgmt_init

i.mint_buf_mgmt_allocate_buffer
                0x00003a78       0x4c
 i.mint_buf_mgmt_allocate_buffer
                0x00003a78       0x4c C:\Program Files (x86)\Cypress\PSoC Creator\3.1\PSoC Creator\psoc\content\cycomponentlibrary\CyComponentLibrary.cylib\BLE_v1_20\Library\gccCyBLEStack_BLE_SOC_PERIPHERAL.a(mint_buf_mgmt.o)
                0x00003a78                mint_buf_mgmt_allocate_buffer

i.mint_buf_mgmt_create_pool
                0x00003ac4       0xd8
 i.mint_buf_mgmt_create_pool
                0x00003ac4       0xd8 C:\Program Files (x86)\Cypress\PSoC Creator\3.1\PSoC Creator\psoc\content\cycomponentlibrary\CyComponentLibrary.cylib\BLE_v1_20\Library\gccCyBLEStack_BLE_SOC_PERIPHERAL.a(mint_buf_mgmt.o)
                0x00003ac4                mint_buf_mgmt_create_pool

i.mint_buf_mgmt_free_buffer
                0x00003b9c       0xa4
 i.mint_buf_mgmt_free_buffer
                0x00003b9c       0xa4 C:\Program Files (x86)\Cypress\PSoC Creator\3.1\PSoC Creator\psoc\content\cycomponentlibrary\CyComponentLibrary.cylib\BLE_v1_20\Library\gccCyBLEStack_BLE_SOC_PERIPHERAL.a(mint_buf_mgmt.o)
                0x00003b9c                mint_buf_mgmt_free_buffer

i.mint_buf_mgmt_get_free_heap
                0x00003c40       0x1c
 i.mint_buf_mgmt_get_free_heap
                0x00003c40       0x1c C:\Program Files (x86)\Cypress\PSoC Creator\3.1\PSoC Creator\psoc\content\cycomponentlibrary\CyComponentLibrary.cylib\BLE_v1_20\Library\gccCyBLEStack_BLE_SOC_PERIPHERAL.a(mint_buf_mgmt.o)
                0x00003c40                mint_buf_mgmt_get_free_heap

i.mint_buf_mgmt_init
                0x00003c5c       0x44
 i.mint_buf_mgmt_init
                0x00003c5c       0x44 C:\Program Files (x86)\Cypress\PSoC Creator\3.1\PSoC Creator\psoc\content\cycomponentlibrary\CyComponentLibrary.cylib\BLE_v1_20\Library\gccCyBLEStack_BLE_SOC_PERIPHERAL.a(mint_buf_mgmt.o)
                0x00003c5c                mint_buf_mgmt_init

i.mint_buf_mgmt_malloc
                0x00003ca0       0x2c
 i.mint_buf_mgmt_malloc
                0x00003ca0       0x2c C:\Program Files (x86)\Cypress\PSoC Creator\3.1\PSoC Creator\psoc\content\cycomponentlibrary\CyComponentLibrary.cylib\BLE_v1_20\Library\gccCyBLEStack_BLE_SOC_PERIPHERAL.a(mint_buf_mgmt.o)
                0x00003ca0                mint_buf_mgmt_malloc

i.mint_buf_mgmt_reset_pool
                0x00003ccc       0x70
 i.mint_buf_mgmt_reset_pool
                0x00003ccc       0x70 C:\Program Files (x86)\Cypress\PSoC Creator\3.1\PSoC Creator\psoc\content\cycomponentlibrary\CyComponentLibrary.cylib\BLE_v1_20\Library\gccCyBLEStack_BLE_SOC_PERIPHERAL.a(mint_buf_mgmt.o)
                0x00003ccc                mint_buf_mgmt_reset_pool

i.mint_buf_mgmt_stack_init
                0x00003d3c       0x24
 i.mint_buf_mgmt_stack_init
                0x00003d3c       0x24 C:\Program Files (x86)\Cypress\PSoC Creator\3.1\PSoC Creator\psoc\content\cycomponentlibrary\CyComponentLibrary.cylib\BLE_v1_20\Library\gccCyBLEStack_BLE_SOC_PERIPHERAL.a(mint_buf_mgmt.o)
                0x00003d3c                mint_buf_mgmt_stack_init

i.mint_buf_mgmt_stack_pop
                0x00003d60       0x36
 i.mint_buf_mgmt_stack_pop
                0x00003d60       0x36 C:\Program Files (x86)\Cypress\PSoC Creator\3.1\PSoC Creator\psoc\content\cycomponentlibrary\CyComponentLibrary.cylib\BLE_v1_20\Library\gccCyBLEStack_BLE_SOC_PERIPHERAL.a(mint_buf_mgmt.o)
                0x00003d60                mint_buf_mgmt_stack_pop

i.mint_buf_mgmt_stack_push
                0x00003d96       0x36
 i.mint_buf_mgmt_stack_push
                0x00003d96       0x36 C:\Program Files (x86)\Cypress\PSoC Creator\3.1\PSoC Creator\psoc\content\cycomponentlibrary\CyComponentLibrary.cylib\BLE_v1_20\Library\gccCyBLEStack_BLE_SOC_PERIPHERAL.a(mint_buf_mgmt.o)
                0x00003d96                mint_buf_mgmt_stack_push

i.mint_buf_mgmt_stack_reset
                0x00003dcc       0x1e
 i.mint_buf_mgmt_stack_reset
                0x00003dcc       0x1e C:\Program Files (x86)\Cypress\PSoC Creator\3.1\PSoC Creator\psoc\content\cycomponentlibrary\CyComponentLibrary.cylib\BLE_v1_20\Library\gccCyBLEStack_BLE_SOC_PERIPHERAL.a(mint_buf_mgmt.o)
                0x00003dcc                mint_buf_mgmt_stack_reset

i.mint_buf_mgmt_stack_search_item
                0x00003dea       0x30
 i.mint_buf_mgmt_stack_search_item
                0x00003dea       0x30 C:\Program Files (x86)\Cypress\PSoC Creator\3.1\PSoC Creator\psoc\content\cycomponentlibrary\CyComponentLibrary.cylib\BLE_v1_20\Library\gccCyBLEStack_BLE_SOC_PERIPHERAL.a(mint_buf_mgmt.o)
                0x00003dea                mint_buf_mgmt_stack_search_item

i.mint_buf_mgmt_pl_init
                0x00003e1c       0x2c
 i.mint_buf_mgmt_pl_init
                0x00003e1c       0x2c C:\Program Files (x86)\Cypress\PSoC Creator\3.1\PSoC Creator\psoc\content\cycomponentlibrary\CyComponentLibrary.cylib\BLE_v1_20\Library\gccCyBLEStack_BLE_SOC_PERIPHERAL.a(mint_buf_mgmt_pl.o)
                0x00003e1c                mint_buf_mgmt_pl_init

i.CyBleControllerIP_GetPingState
                0x00003e48        0xc
 i.CyBleControllerIP_GetPingState
                0x00003e48        0xc C:\Program Files (x86)\Cypress\PSoC Creator\3.1\PSoC Creator\psoc\content\cycomponentlibrary\CyComponentLibrary.cylib\BLE_v1_20\Library\gccCyBLEStack_BLE_SOC_PERIPHERAL.a(CyBleControllerIP_Interface.o)
                0x00003e48                CyBleControllerIP_GetPingState

i.CyBleController_AddDeviceToWhiteList
                0x00003e54       0x40
 i.CyBleController_AddDeviceToWhiteList
                0x00003e54       0x40 C:\Program Files (x86)\Cypress\PSoC Creator\3.1\PSoC Creator\psoc\content\cycomponentlibrary\CyComponentLibrary.cylib\BLE_v1_20\Library\gccCyBLEStack_BLE_SOC_PERIPHERAL.a(CyBleControllerIP_Interface.o)
                0x00003e54                CyBleController_AddDeviceToWhiteList

i.CyBleController_ExitLowPowerMode
                0x00003e94       0x10
 i.CyBleController_ExitLowPowerMode
                0x00003e94       0x10 C:\Program Files (x86)\Cypress\PSoC Creator\3.1\PSoC Creator\psoc\content\cycomponentlibrary\CyComponentLibrary.cylib\BLE_v1_20\Library\gccCyBLEStack_BLE_SOC_PERIPHERAL.a(CyBleControllerIP_Interface.o)
                0x00003e94                CyBleController_ExitLowPowerMode

i.CyBleController_Init
                0x00003ea4       0x3c
 i.CyBleController_Init
                0x00003ea4       0x3c C:\Program Files (x86)\Cypress\PSoC Creator\3.1\PSoC Creator\psoc\content\cycomponentlibrary\CyComponentLibrary.cylib\BLE_v1_20\Library\gccCyBLEStack_BLE_SOC_PERIPHERAL.a(CyBleControllerIP_Interface.o)
                0x00003ea4                CyBleController_Init

i.CyBleController_SetDeviceAddress
                0x00003ee0       0x2e
 i.CyBleController_SetDeviceAddress
                0x00003ee0       0x2e C:\Program Files (x86)\Cypress\PSoC Creator\3.1\PSoC Creator\psoc\content\cycomponentlibrary\CyComponentLibrary.cylib\BLE_v1_20\Library\gccCyBLEStack_BLE_SOC_PERIPHERAL.a(CyBleControllerIP_Interface.o)
                0x00003ee0                CyBleController_SetDeviceAddress

i.CyBle_GetTxPowerLevel
                0x00003f0e       0x4e
 i.CyBle_GetTxPowerLevel
                0x00003f0e       0x4e C:\Program Files (x86)\Cypress\PSoC Creator\3.1\PSoC Creator\psoc\content\cycomponentlibrary\CyComponentLibrary.cylib\BLE_v1_20\Library\gccCyBLEStack_BLE_SOC_PERIPHERAL.a(CyBleControllerIP_Interface.o)
                0x00003f0e                CyBle_GetTxPowerLevel

i.CyBle_SetTxPowerLevel
                0x00003f5c       0x56
 i.CyBle_SetTxPowerLevel
                0x00003f5c       0x56 C:\Program Files (x86)\Cypress\PSoC Creator\3.1\PSoC Creator\psoc\content\cycomponentlibrary\CyComponentLibrary.cylib\BLE_v1_20\Library\gccCyBLEStack_BLE_SOC_PERIPHERAL.a(CyBleControllerIP_Interface.o)
                0x00003f5c                CyBle_SetTxPowerLevel

i.ll_check_and_mark_packet_ready_for_transmission
                0x00003fb4       0x28
 i.ll_check_and_mark_packet_ready_for_transmission
                0x00003fb4       0x28 C:\Program Files (x86)\Cypress\PSoC Creator\3.1\PSoC Creator\psoc\content\cycomponentlibrary\CyComponentLibrary.cylib\BLE_v1_20\Library\gccCyBLEStack_BLE_SOC_PERIPHERAL.a(ll.o)
                0x00003fb4                ll_check_and_mark_packet_ready_for_transmission

i.ll_cleanup_pending_data_pdu
                0x00003fdc       0x38
 i.ll_cleanup_pending_data_pdu
                0x00003fdc       0x38 C:\Program Files (x86)\Cypress\PSoC Creator\3.1\PSoC Creator\psoc\content\cycomponentlibrary\CyComponentLibrary.cylib\BLE_v1_20\Library\gccCyBLEStack_BLE_SOC_PERIPHERAL.a(ll.o)
                0x00003fdc                ll_cleanup_pending_data_pdu

i.ll_exit_low_power_mode
                0x00004014       0xac
 i.ll_exit_low_power_mode
                0x00004014       0xac C:\Program Files (x86)\Cypress\PSoC Creator\3.1\PSoC Creator\psoc\content\cycomponentlibrary\CyComponentLibrary.cylib\BLE_v1_20\Library\gccCyBLEStack_BLE_SOC_PERIPHERAL.a(ll.o)
                0x00004014                ll_exit_low_power_mode

i.ll_get_ack_status
                0x000040c0       0x3c
 i.ll_get_ack_status
                0x000040c0       0x3c C:\Program Files (x86)\Cypress\PSoC Creator\3.1\PSoC Creator\psoc\content\cycomponentlibrary\CyComponentLibrary.cylib\BLE_v1_20\Library\gccCyBLEStack_BLE_SOC_PERIPHERAL.a(ll.o)
                0x000040c0                ll_get_ack_status

i.ll_get_adv_ch_tx_power
                0x000040fc       0x20
 i.ll_get_adv_ch_tx_power
                0x000040fc       0x20 C:\Program Files (x86)\Cypress\PSoC Creator\3.1\PSoC Creator\psoc\content\cycomponentlibrary\CyComponentLibrary.cylib\BLE_v1_20\Library\gccCyBLEStack_BLE_SOC_PERIPHERAL.a(ll.o)
                0x000040fc                ll_get_adv_ch_tx_power

i.ll_get_data_channel_map
                0x0000411c       0x24
 i.ll_get_data_channel_map
                0x0000411c       0x24 C:\Program Files (x86)\Cypress\PSoC Creator\3.1\PSoC Creator\psoc\content\cycomponentlibrary\CyComponentLibrary.cylib\BLE_v1_20\Library\gccCyBLEStack_BLE_SOC_PERIPHERAL.a(ll.o)
                0x0000411c                ll_get_data_channel_map

i.ll_get_max_white_list_size
                0x00004140        0xc
 i.ll_get_max_white_list_size
                0x00004140        0xc C:\Program Files (x86)\Cypress\PSoC Creator\3.1\PSoC Creator\psoc\content\cycomponentlibrary\CyComponentLibrary.cylib\BLE_v1_20\Library\gccCyBLEStack_BLE_SOC_PERIPHERAL.a(ll.o)
                0x00004140                ll_get_max_white_list_size

i.ll_get_my_role
                0x0000414c        0xc
 i.ll_get_my_role
                0x0000414c        0xc C:\Program Files (x86)\Cypress\PSoC Creator\3.1\PSoC Creator\psoc\content\cycomponentlibrary\CyComponentLibrary.cylib\BLE_v1_20\Library\gccCyBLEStack_BLE_SOC_PERIPHERAL.a(ll.o)
                0x0000414c                ll_get_my_role

i.ll_get_next_available_fifo_for_data_pdu
                0x00004158        0x8
 i.ll_get_next_available_fifo_for_data_pdu
                0x00004158        0x8 C:\Program Files (x86)\Cypress\PSoC Creator\3.1\PSoC Creator\psoc\content\cycomponentlibrary\CyComponentLibrary.cylib\BLE_v1_20\Library\gccCyBLEStack_BLE_SOC_PERIPHERAL.a(ll.o)
                0x00004158                ll_get_next_available_fifo_for_data_pdu

i.ll_get_next_available_fifo_for_ll_pdu
                0x00004160       0x24
 i.ll_get_next_available_fifo_for_ll_pdu
                0x00004160       0x24 C:\Program Files (x86)\Cypress\PSoC Creator\3.1\PSoC Creator\psoc\content\cycomponentlibrary\CyComponentLibrary.cylib\BLE_v1_20\Library\gccCyBLEStack_BLE_SOC_PERIPHERAL.a(ll.o)
                0x00004160                ll_get_next_available_fifo_for_ll_pdu

i.ll_get_rssi_value
                0x00004184       0x26
 i.ll_get_rssi_value
                0x00004184       0x26 C:\Program Files (x86)\Cypress\PSoC Creator\3.1\PSoC Creator\psoc\content\cycomponentlibrary\CyComponentLibrary.cylib\BLE_v1_20\Library\gccCyBLEStack_BLE_SOC_PERIPHERAL.a(ll.o)
                0x00004184                ll_get_rssi_value

i.ll_get_transmit_power_level
                0x000041ac       0x2c
 i.ll_get_transmit_power_level
                0x000041ac       0x2c C:\Program Files (x86)\Cypress\PSoC Creator\3.1\PSoC Creator\psoc\content\cycomponentlibrary\CyComponentLibrary.cylib\BLE_v1_20\Library\gccCyBLEStack_BLE_SOC_PERIPHERAL.a(ll.o)
                0x000041ac                ll_get_transmit_power_level

i.ll_handle_ack_received
                0x000041d8       0x74
 i.ll_handle_ack_received
                0x000041d8       0x74 C:\Program Files (x86)\Cypress\PSoC Creator\3.1\PSoC Creator\psoc\content\cycomponentlibrary\CyComponentLibrary.cylib\BLE_v1_20\Library\gccCyBLEStack_BLE_SOC_PERIPHERAL.a(ll.o)
                0x000041d8                ll_handle_ack_received

i.ll_handle_add_device_in_whitelist
                0x0000424c       0x3a
 i.ll_handle_add_device_in_whitelist
                0x0000424c       0x3a C:\Program Files (x86)\Cypress\PSoC Creator\3.1\PSoC Creator\psoc\content\cycomponentlibrary\CyComponentLibrary.cylib\BLE_v1_20\Library\gccCyBLEStack_BLE_SOC_PERIPHERAL.a(ll.o)
                0x0000424c                ll_handle_add_device_in_whitelist

i.ll_handle_clear_whitelist
                0x00004286       0x16
 i.ll_handle_clear_whitelist
                0x00004286       0x16 C:\Program Files (x86)\Cypress\PSoC Creator\3.1\PSoC Creator\psoc\content\cycomponentlibrary\CyComponentLibrary.cylib\BLE_v1_20\Library\gccCyBLEStack_BLE_SOC_PERIPHERAL.a(ll.o)
                0x00004286                ll_handle_clear_whitelist

i.ll_handle_encrypt_host_data
                0x0000429c       0x36
 i.ll_handle_encrypt_host_data
                0x0000429c       0x36 C:\Program Files (x86)\Cypress\PSoC Creator\3.1\PSoC Creator\psoc\content\cycomponentlibrary\CyComponentLibrary.cylib\BLE_v1_20\Library\gccCyBLEStack_BLE_SOC_PERIPHERAL.a(ll.o)
                0x0000429c                ll_handle_encrypt_host_data

i.ll_handle_host_data_packet
                0x000042d2       0x54
 i.ll_handle_host_data_packet
                0x000042d2       0x54 C:\Program Files (x86)\Cypress\PSoC Creator\3.1\PSoC Creator\psoc\content\cycomponentlibrary\CyComponentLibrary.cylib\BLE_v1_20\Library\gccCyBLEStack_BLE_SOC_PERIPHERAL.a(ll.o)
                0x000042d2                ll_handle_host_data_packet

i.ll_handle_read_host_channel_map
                0x00004326        0x4
 i.ll_handle_read_host_channel_map
                0x00004326        0x4 C:\Program Files (x86)\Cypress\PSoC Creator\3.1\PSoC Creator\psoc\content\cycomponentlibrary\CyComponentLibrary.cylib\BLE_v1_20\Library\gccCyBLEStack_BLE_SOC_PERIPHERAL.a(ll.o)
                0x00004326                ll_handle_read_host_channel_map

i.ll_handle_remove_device_in_whitelist
                0x0000432a       0x2a
 i.ll_handle_remove_device_in_whitelist
                0x0000432a       0x2a C:\Program Files (x86)\Cypress\PSoC Creator\3.1\PSoC Creator\psoc\content\cycomponentlibrary\CyComponentLibrary.cylib\BLE_v1_20\Library\gccCyBLEStack_BLE_SOC_PERIPHERAL.a(ll.o)
                0x0000432a                ll_handle_remove_device_in_whitelist

i.ll_handle_reset
                0x00004354        0xe
 i.ll_handle_reset
                0x00004354        0xe C:\Program Files (x86)\Cypress\PSoC Creator\3.1\PSoC Creator\psoc\content\cycomponentlibrary\CyComponentLibrary.cylib\BLE_v1_20\Library\gccCyBLEStack_BLE_SOC_PERIPHERAL.a(ll.o)
                0x00004354                ll_handle_reset

i.ll_handle_set_random_address
                0x00004362       0x36
 i.ll_handle_set_random_address
                0x00004362       0x36 C:\Program Files (x86)\Cypress\PSoC Creator\3.1\PSoC Creator\psoc\content\cycomponentlibrary\CyComponentLibrary.cylib\BLE_v1_20\Library\gccCyBLEStack_BLE_SOC_PERIPHERAL.a(ll.o)
                0x00004362                ll_handle_set_random_address

i.ll_init       0x00004398       0x18
 i.ll_init      0x00004398       0x18 C:\Program Files (x86)\Cypress\PSoC Creator\3.1\PSoC Creator\psoc\content\cycomponentlibrary\CyComponentLibrary.cylib\BLE_v1_20\Library\gccCyBLEStack_BLE_SOC_PERIPHERAL.a(ll.o)
                0x00004398                ll_init

i.ll_initialize_device_attributes
                0x000043b0       0x4c
 i.ll_initialize_device_attributes
                0x000043b0       0x4c C:\Program Files (x86)\Cypress\PSoC Creator\3.1\PSoC Creator\psoc\content\cycomponentlibrary\CyComponentLibrary.cylib\BLE_v1_20\Library\gccCyBLEStack_BLE_SOC_PERIPHERAL.a(ll.o)
                0x000043b0                ll_initialize_device_attributes

i.ll_is_pkt_pending
                0x000043fc       0x2a
 i.ll_is_pkt_pending
                0x000043fc       0x2a C:\Program Files (x86)\Cypress\PSoC Creator\3.1\PSoC Creator\psoc\content\cycomponentlibrary\CyComponentLibrary.cylib\BLE_v1_20\Library\gccCyBLEStack_BLE_SOC_PERIPHERAL.a(ll.o)
                0x000043fc                ll_is_pkt_pending

i.ll_is_sent_pkt_pending
                0x00004426       0x1a
 i.ll_is_sent_pkt_pending
                0x00004426       0x1a C:\Program Files (x86)\Cypress\PSoC Creator\3.1\PSoC Creator\psoc\content\cycomponentlibrary\CyComponentLibrary.cylib\BLE_v1_20\Library\gccCyBLEStack_BLE_SOC_PERIPHERAL.a(ll.o)
                0x00004426                ll_is_sent_pkt_pending

i.ll_isr_exit_low_power_mode
                0x00004440       0x16
 i.ll_isr_exit_low_power_mode
                0x00004440       0x16 C:\Program Files (x86)\Cypress\PSoC Creator\3.1\PSoC Creator\psoc\content\cycomponentlibrary\CyComponentLibrary.cylib\BLE_v1_20\Library\gccCyBLEStack_BLE_SOC_PERIPHERAL.a(ll.o)
                0x00004440                ll_isr_exit_low_power_mode

i.ll_load_host_data_packet
                0x00004456       0x4a
 i.ll_load_host_data_packet
                0x00004456       0x4a C:\Program Files (x86)\Cypress\PSoC Creator\3.1\PSoC Creator\psoc\content\cycomponentlibrary\CyComponentLibrary.cylib\BLE_v1_20\Library\gccCyBLEStack_BLE_SOC_PERIPHERAL.a(ll.o)
                0x00004456                ll_load_host_data_packet

i.ll_load_packet_to_fifo
                0x000044a0       0x6e
 i.ll_load_packet_to_fifo
                0x000044a0       0x6e C:\Program Files (x86)\Cypress\PSoC Creator\3.1\PSoC Creator\psoc\content\cycomponentlibrary\CyComponentLibrary.cylib\BLE_v1_20\Library\gccCyBLEStack_BLE_SOC_PERIPHERAL.a(ll.o)
                0x000044a0                ll_load_packet_to_fifo

i.ll_process_acks
                0x0000450e       0x3c
 i.ll_process_acks
                0x0000450e       0x3c C:\Program Files (x86)\Cypress\PSoC Creator\3.1\PSoC Creator\psoc\content\cycomponentlibrary\CyComponentLibrary.cylib\BLE_v1_20\Library\gccCyBLEStack_BLE_SOC_PERIPHERAL.a(ll.o)
                0x0000450e                ll_process_acks

i.ll_reset      0x0000454a       0x12
 i.ll_reset     0x0000454a       0x12 C:\Program Files (x86)\Cypress\PSoC Creator\3.1\PSoC Creator\psoc\content\cycomponentlibrary\CyComponentLibrary.cylib\BLE_v1_20\Library\gccCyBLEStack_BLE_SOC_PERIPHERAL.a(ll.o)
                0x0000454a                ll_reset

i.ll_update_active_features
                0x0000455c       0x58
 i.ll_update_active_features
                0x0000455c       0x58 C:\Program Files (x86)\Cypress\PSoC Creator\3.1\PSoC Creator\psoc\content\cycomponentlibrary\CyComponentLibrary.cylib\BLE_v1_20\Library\gccCyBLEStack_BLE_SOC_PERIPHERAL.a(ll.o)
                0x0000455c                ll_update_active_features

i.ll_update_device_fsm
                0x000045b4        0x8
 i.ll_update_device_fsm
                0x000045b4        0x8 C:\Program Files (x86)\Cypress\PSoC Creator\3.1\PSoC Creator\psoc\content\cycomponentlibrary\CyComponentLibrary.cylib\BLE_v1_20\Library\gccCyBLEStack_BLE_SOC_PERIPHERAL.a(ll.o)
                0x000045b4                ll_update_device_fsm

i.pf_le_start_timer
                0x000045bc       0x16
 i.pf_le_start_timer
                0x000045bc       0x16 C:\Program Files (x86)\Cypress\PSoC Creator\3.1\PSoC Creator\psoc\content\cycomponentlibrary\CyComponentLibrary.cylib\BLE_v1_20\Library\gccCyBLEStack_BLE_SOC_PERIPHERAL.a(ll.o)
                0x000045bc                pf_le_start_timer

i.pf_le_stop_timer
                0x000045d2       0x12
 i.pf_le_stop_timer
                0x000045d2       0x12 C:\Program Files (x86)\Cypress\PSoC Creator\3.1\PSoC Creator\psoc\content\cycomponentlibrary\CyComponentLibrary.cylib\BLE_v1_20\Library\gccCyBLEStack_BLE_SOC_PERIPHERAL.a(ll.o)
                0x000045d2                pf_le_stop_timer

i.CyBleControllerIP_TuneAdvEventInterPktSlots
                0x000045e4       0x44
 i.CyBleControllerIP_TuneAdvEventInterPktSlots
                0x000045e4       0x44 C:\Program Files (x86)\Cypress\PSoC Creator\3.1\PSoC Creator\psoc\content\cycomponentlibrary\CyComponentLibrary.cylib\BLE_v1_20\Library\gccCyBLEStack_BLE_SOC_PERIPHERAL.a(ll_advertiser.o)
                0x000045e4                CyBleControllerIP_TuneAdvEventInterPktSlots

i.ll_adv_is_configured_connection_adv
                0x00004628       0x1e
 i.ll_adv_is_configured_connection_adv
                0x00004628       0x1e C:\Program Files (x86)\Cypress\PSoC Creator\3.1\PSoC Creator\psoc\content\cycomponentlibrary\CyComponentLibrary.cylib\BLE_v1_20\Library\gccCyBLEStack_BLE_SOC_PERIPHERAL.a(ll_advertiser.o)
                0x00004628                ll_adv_is_configured_connection_adv

i.ll_check_random_address_in_use_by_advertiser
                0x00004646       0x10
 i.ll_check_random_address_in_use_by_advertiser
                0x00004646       0x10 C:\Program Files (x86)\Cypress\PSoC Creator\3.1\PSoC Creator\psoc\content\cycomponentlibrary\CyComponentLibrary.cylib\BLE_v1_20\Library\gccCyBLEStack_BLE_SOC_PERIPHERAL.a(ll_advertiser.o)
                0x00004646                ll_check_random_address_in_use_by_advertiser

i.ll_check_whitelist_in_use_by_advertiser
                0x00004656       0x10
 i.ll_check_whitelist_in_use_by_advertiser
                0x00004656       0x10 C:\Program Files (x86)\Cypress\PSoC Creator\3.1\PSoC Creator\psoc\content\cycomponentlibrary\CyComponentLibrary.cylib\BLE_v1_20\Library\gccCyBLEStack_BLE_SOC_PERIPHERAL.a(ll_advertiser.o)
                0x00004656                ll_check_whitelist_in_use_by_advertiser

i.ll_get_adv_status
                0x00004666        0xc
 i.ll_get_adv_status
                0x00004666        0xc C:\Program Files (x86)\Cypress\PSoC Creator\3.1\PSoC Creator\psoc\content\cycomponentlibrary\CyComponentLibrary.cylib\BLE_v1_20\Library\gccCyBLEStack_BLE_SOC_PERIPHERAL.a(ll_advertiser.o)
                0x00004666                ll_get_adv_status

i.ll_get_adv_type
                0x00004672       0x16
 i.ll_get_adv_type
                0x00004672       0x16 C:\Program Files (x86)\Cypress\PSoC Creator\3.1\PSoC Creator\psoc\content\cycomponentlibrary\CyComponentLibrary.cylib\BLE_v1_20\Library\gccCyBLEStack_BLE_SOC_PERIPHERAL.a(ll_advertiser.o)
                0x00004672                ll_get_adv_type

i.ll_handle_adv_intr
                0x00004688       0x50
 i.ll_handle_adv_intr
                0x00004688       0x50 C:\Program Files (x86)\Cypress\PSoC Creator\3.1\PSoC Creator\psoc\content\cycomponentlibrary\CyComponentLibrary.cylib\BLE_v1_20\Library\gccCyBLEStack_BLE_SOC_PERIPHERAL.a(ll_advertiser.o)
                0x00004688                ll_handle_adv_intr

i.ll_handle_set_adv_data
                0x000046d8       0x14
 i.ll_handle_set_adv_data
                0x000046d8       0x14 C:\Program Files (x86)\Cypress\PSoC Creator\3.1\PSoC Creator\psoc\content\cycomponentlibrary\CyComponentLibrary.cylib\BLE_v1_20\Library\gccCyBLEStack_BLE_SOC_PERIPHERAL.a(ll_advertiser.o)
                0x000046d8                ll_handle_set_adv_data

i.ll_handle_set_adv_parameters
                0x000046ec       0x84
 i.ll_handle_set_adv_parameters
                0x000046ec       0x84 C:\Program Files (x86)\Cypress\PSoC Creator\3.1\PSoC Creator\psoc\content\cycomponentlibrary\CyComponentLibrary.cylib\BLE_v1_20\Library\gccCyBLEStack_BLE_SOC_PERIPHERAL.a(ll_advertiser.o)
                0x000046ec                ll_handle_set_adv_parameters

i.ll_handle_set_advertise_enable
                0x00004770       0x70
 i.ll_handle_set_advertise_enable
                0x00004770       0x70 C:\Program Files (x86)\Cypress\PSoC Creator\3.1\PSoC Creator\psoc\content\cycomponentlibrary\CyComponentLibrary.cylib\BLE_v1_20\Library\gccCyBLEStack_BLE_SOC_PERIPHERAL.a(ll_advertiser.o)
                0x00004770                ll_handle_set_advertise_enable

i.ll_handle_set_scan_resp_data
                0x000047e0       0x14
 i.ll_handle_set_scan_resp_data
                0x000047e0       0x14 C:\Program Files (x86)\Cypress\PSoC Creator\3.1\PSoC Creator\psoc\content\cycomponentlibrary\CyComponentLibrary.cylib\BLE_v1_20\Library\gccCyBLEStack_BLE_SOC_PERIPHERAL.a(ll_advertiser.o)
                0x000047e0                ll_handle_set_scan_resp_data

i.ll_init_advertiser
                0x000047f4       0x68
 i.ll_init_advertiser
                0x000047f4       0x68 C:\Program Files (x86)\Cypress\PSoC Creator\3.1\PSoC Creator\psoc\content\cycomponentlibrary\CyComponentLibrary.cylib\BLE_v1_20\Library\gccCyBLEStack_BLE_SOC_PERIPHERAL.a(ll_advertiser.o)
                0x000047f4                ll_init_advertiser

i.is_le_connection_handle
                0x0000485c       0x28
 i.is_le_connection_handle
                0x0000485c       0x28 C:\Program Files (x86)\Cypress\PSoC Creator\3.1\PSoC Creator\psoc\content\cycomponentlibrary\CyComponentLibrary.cylib\BLE_v1_20\Library\gccCyBLEStack_BLE_SOC_PERIPHERAL.a(ll_connection.o)
                0x0000485c                is_le_connection_handle

i.le_assign_connection_handle
                0x00004884       0x28
 i.le_assign_connection_handle
                0x00004884       0x28 C:\Program Files (x86)\Cypress\PSoC Creator\3.1\PSoC Creator\psoc\content\cycomponentlibrary\CyComponentLibrary.cylib\BLE_v1_20\Library\gccCyBLEStack_BLE_SOC_PERIPHERAL.a(ll_connection.o)
                0x00004884                le_assign_connection_handle

i.le_get_connection_index
                0x000048ac        0x6
 i.le_get_connection_index
                0x000048ac        0x6 C:\Program Files (x86)\Cypress\PSoC Creator\3.1\PSoC Creator\psoc\content\cycomponentlibrary\CyComponentLibrary.cylib\BLE_v1_20\Library\gccCyBLEStack_BLE_SOC_PERIPHERAL.a(ll_connection.o)
                0x000048ac                le_get_connection_index

i.ll_allocate_connection
                0x000048b4       0x44
 i.ll_allocate_connection
                0x000048b4       0x44 C:\Program Files (x86)\Cypress\PSoC Creator\3.1\PSoC Creator\psoc\content\cycomponentlibrary\CyComponentLibrary.cylib\BLE_v1_20\Library\gccCyBLEStack_BLE_SOC_PERIPHERAL.a(ll_connection.o)
                0x000048b4                ll_allocate_connection

i.ll_calculate_and_program_def_win_widen_drift
                0x000048f8       0x14
 i.ll_calculate_and_program_def_win_widen_drift
                0x000048f8       0x14 C:\Program Files (x86)\Cypress\PSoC Creator\3.1\PSoC Creator\psoc\content\cycomponentlibrary\CyComponentLibrary.cylib\BLE_v1_20\Library\gccCyBLEStack_BLE_SOC_PERIPHERAL.a(ll_connection.o)
                0x000048f8                ll_calculate_and_program_def_win_widen_drift

i.ll_calculate_drift
                0x0000490c       0x2c
 i.ll_calculate_drift
                0x0000490c       0x2c C:\Program Files (x86)\Cypress\PSoC Creator\3.1\PSoC Creator\psoc\content\cycomponentlibrary\CyComponentLibrary.cylib\BLE_v1_20\Library\gccCyBLEStack_BLE_SOC_PERIPHERAL.a(ll_connection.o)
                0x0000490c                ll_calculate_drift

i.ll_check_and_decrypt_ll_pdu
                0x00004938       0x68
 i.ll_check_and_decrypt_ll_pdu
                0x00004938       0x68 C:\Program Files (x86)\Cypress\PSoC Creator\3.1\PSoC Creator\psoc\content\cycomponentlibrary\CyComponentLibrary.cylib\BLE_v1_20\Library\gccCyBLEStack_BLE_SOC_PERIPHERAL.a(ll_connection.o)
                0x00004938                ll_check_and_decrypt_ll_pdu

i.ll_check_and_decrypt_packet
                0x000049a0       0x6a
 i.ll_check_and_decrypt_packet
                0x000049a0       0x6a C:\Program Files (x86)\Cypress\PSoC Creator\3.1\PSoC Creator\psoc\content\cycomponentlibrary\CyComponentLibrary.cylib\BLE_v1_20\Library\gccCyBLEStack_BLE_SOC_PERIPHERAL.a(ll_connection.o)
                0x000049a0                ll_check_and_decrypt_packet

i.ll_check_and_encrypt_ll_pdu
                0x00004a0a       0x72
 i.ll_check_and_encrypt_ll_pdu
                0x00004a0a       0x72 C:\Program Files (x86)\Cypress\PSoC Creator\3.1\PSoC Creator\psoc\content\cycomponentlibrary\CyComponentLibrary.cylib\BLE_v1_20\Library\gccCyBLEStack_BLE_SOC_PERIPHERAL.a(ll_connection.o)
                0x00004a0a                ll_check_and_encrypt_ll_pdu

i.ll_check_and_encrypt_packet
                0x00004a7c       0x8a
 i.ll_check_and_encrypt_packet
                0x00004a7c       0x8a C:\Program Files (x86)\Cypress\PSoC Creator\3.1\PSoC Creator\psoc\content\cycomponentlibrary\CyComponentLibrary.cylib\BLE_v1_20\Library\gccCyBLEStack_BLE_SOC_PERIPHERAL.a(ll_connection.o)
                0x00004a7c                ll_check_and_encrypt_packet

i.ll_check_for_allowing_incoming_connection_update
                0x00004b06       0x42
 i.ll_check_for_allowing_incoming_connection_update
                0x00004b06       0x42 C:\Program Files (x86)\Cypress\PSoC Creator\3.1\PSoC Creator\psoc\content\cycomponentlibrary\CyComponentLibrary.cylib\BLE_v1_20\Library\gccCyBLEStack_BLE_SOC_PERIPHERAL.a(ll_connection.o)
                0x00004b06                ll_check_for_allowing_incoming_connection_update

i.ll_check_if_pdu_is_loaded_to_hardware
                0x00004b48       0x1c
 i.ll_check_if_pdu_is_loaded_to_hardware
                0x00004b48       0x1c C:\Program Files (x86)\Cypress\PSoC Creator\3.1\PSoC Creator\psoc\content\cycomponentlibrary\CyComponentLibrary.cylib\BLE_v1_20\Library\gccCyBLEStack_BLE_SOC_PERIPHERAL.a(ll_connection.o)
                0x00004b48                ll_check_if_pdu_is_loaded_to_hardware

i.ll_check_random_address_in_use_by_initiator
                0x00004b64       0x30
 i.ll_check_random_address_in_use_by_initiator
                0x00004b64       0x30 C:\Program Files (x86)\Cypress\PSoC Creator\3.1\PSoC Creator\psoc\content\cycomponentlibrary\CyComponentLibrary.cylib\BLE_v1_20\Library\gccCyBLEStack_BLE_SOC_PERIPHERAL.a(ll_connection.o)
                0x00004b64                ll_check_random_address_in_use_by_initiator

i.ll_check_white_list_in_use_by_initiator
                0x00004b94       0x30
 i.ll_check_white_list_in_use_by_initiator
                0x00004b94       0x30 C:\Program Files (x86)\Cypress\PSoC Creator\3.1\PSoC Creator\psoc\content\cycomponentlibrary\CyComponentLibrary.cylib\BLE_v1_20\Library\gccCyBLEStack_BLE_SOC_PERIPHERAL.a(ll_connection.o)
                0x00004b94                ll_check_white_list_in_use_by_initiator

i.ll_conn_free_enc_txn_buffer
                0x00004bc4       0x16
 i.ll_conn_free_enc_txn_buffer
                0x00004bc4       0x16 C:\Program Files (x86)\Cypress\PSoC Creator\3.1\PSoC Creator\psoc\content\cycomponentlibrary\CyComponentLibrary.cylib\BLE_v1_20\Library\gccCyBLEStack_BLE_SOC_PERIPHERAL.a(ll_connection.o)
                0x00004bc4                ll_conn_free_enc_txn_buffer

i.ll_conn_fsm_update_channel_state
                0x00004bda        0x6
 i.ll_conn_fsm_update_channel_state
                0x00004bda        0x6 C:\Program Files (x86)\Cypress\PSoC Creator\3.1\PSoC Creator\psoc\content\cycomponentlibrary\CyComponentLibrary.cylib\BLE_v1_20\Library\gccCyBLEStack_BLE_SOC_PERIPHERAL.a(ll_connection.o)
                0x00004bda                ll_conn_fsm_update_channel_state

i.ll_conn_fsm_update_conn_update_state
                0x00004be0        0x6
 i.ll_conn_fsm_update_conn_update_state
                0x00004be0        0x6 C:\Program Files (x86)\Cypress\PSoC Creator\3.1\PSoC Creator\psoc\content\cycomponentlibrary\CyComponentLibrary.cylib\BLE_v1_20\Library\gccCyBLEStack_BLE_SOC_PERIPHERAL.a(ll_connection.o)
                0x00004be0                ll_conn_fsm_update_conn_update_state

i.ll_conn_fsm_update_enc_state
                0x00004be6        0x6
 i.ll_conn_fsm_update_enc_state
                0x00004be6        0x6 C:\Program Files (x86)\Cypress\PSoC Creator\3.1\PSoC Creator\psoc\content\cycomponentlibrary\CyComponentLibrary.cylib\BLE_v1_20\Library\gccCyBLEStack_BLE_SOC_PERIPHERAL.a(ll_connection.o)
                0x00004be6                ll_conn_fsm_update_enc_state

i.ll_conn_fsm_update_state
                0x00004bec        0x4
 i.ll_conn_fsm_update_state
                0x00004bec        0x4 C:\Program Files (x86)\Cypress\PSoC Creator\3.1\PSoC Creator\psoc\content\cycomponentlibrary\CyComponentLibrary.cylib\BLE_v1_20\Library\gccCyBLEStack_BLE_SOC_PERIPHERAL.a(ll_connection.o)
                0x00004bec                ll_conn_fsm_update_state

i.ll_conn_handle_data_pdu_from_host_when_data_paused
                0x00004bf0        0x8
 i.ll_conn_handle_data_pdu_from_host_when_data_paused
                0x00004bf0        0x8 C:\Program Files (x86)\Cypress\PSoC Creator\3.1\PSoC Creator\psoc\content\cycomponentlibrary\CyComponentLibrary.cylib\BLE_v1_20\Library\gccCyBLEStack_BLE_SOC_PERIPHERAL.a(ll_connection.o)
                0x00004bf0                ll_conn_handle_data_pdu_from_host_when_data_paused

i.ll_conn_handle_direct_adv_timeout
                0x00004bf8       0x2a
 i.ll_conn_handle_direct_adv_timeout
                0x00004bf8       0x2a C:\Program Files (x86)\Cypress\PSoC Creator\3.1\PSoC Creator\psoc\content\cycomponentlibrary\CyComponentLibrary.cylib\BLE_v1_20\Library\gccCyBLEStack_BLE_SOC_PERIPHERAL.a(ll_connection.o)
                0x00004bf8                ll_conn_handle_direct_adv_timeout

i.ll_conn_handle_ping_timer_expired_interrupt
                0x00004c24       0x1c
 i.ll_conn_handle_ping_timer_expired_interrupt
                0x00004c24       0x1c C:\Program Files (x86)\Cypress\PSoC Creator\3.1\PSoC Creator\psoc\content\cycomponentlibrary\CyComponentLibrary.cylib\BLE_v1_20\Library\gccCyBLEStack_BLE_SOC_PERIPHERAL.a(ll_connection.o)
                0x00004c24                ll_conn_handle_ping_timer_expired_interrupt

i.ll_conn_handle_ping_timer_nearly_expired_interrupt
                0x00004c40       0x20
 i.ll_conn_handle_ping_timer_nearly_expired_interrupt
                0x00004c40       0x20 C:\Program Files (x86)\Cypress\PSoC Creator\3.1\PSoC Creator\psoc\content\cycomponentlibrary\CyComponentLibrary.cylib\BLE_v1_20\Library\gccCyBLEStack_BLE_SOC_PERIPHERAL.a(ll_connection.o)
                0x00004c40                ll_conn_handle_ping_timer_nearly_expired_interrupt

i.ll_conn_handle_stop_connectable_adv
                0x00004c60       0x12
 i.ll_conn_handle_stop_connectable_adv
                0x00004c60       0x12 C:\Program Files (x86)\Cypress\PSoC Creator\3.1\PSoC Creator\psoc\content\cycomponentlibrary\CyComponentLibrary.cylib\BLE_v1_20\Library\gccCyBLEStack_BLE_SOC_PERIPHERAL.a(ll_connection.o)
                0x00004c60                ll_conn_handle_stop_connectable_adv

i.ll_conn_process_pending_transactions
                0x00004c72        0x4
 i.ll_conn_process_pending_transactions
                0x00004c72        0x4 C:\Program Files (x86)\Cypress\PSoC Creator\3.1\PSoC Creator\psoc\content\cycomponentlibrary\CyComponentLibrary.cylib\BLE_v1_20\Library\gccCyBLEStack_BLE_SOC_PERIPHERAL.a(ll_connection.o)
                0x00004c72                ll_conn_process_pending_transactions

i.ll_conn_program_authenticated_payload_timer
                0x00004c78       0x50
 i.ll_conn_program_authenticated_payload_timer
                0x00004c78       0x50 C:\Program Files (x86)\Cypress\PSoC Creator\3.1\PSoC Creator\psoc\content\cycomponentlibrary\CyComponentLibrary.cylib\BLE_v1_20\Library\gccCyBLEStack_BLE_SOC_PERIPHERAL.a(ll_connection.o)
                0x00004c78                ll_conn_program_authenticated_payload_timer

i.ll_conn_read_data_pdu_from_hardware
                0x00004cc8       0x14
 i.ll_conn_read_data_pdu_from_hardware
                0x00004cc8       0x14 C:\Program Files (x86)\Cypress\PSoC Creator\3.1\PSoC Creator\psoc\content\cycomponentlibrary\CyComponentLibrary.cylib\BLE_v1_20\Library\gccCyBLEStack_BLE_SOC_PERIPHERAL.a(ll_connection.o)
                0x00004cc8                ll_conn_read_data_pdu_from_hardware

i.ll_conn_send_ping_req_pdu
                0x00004cdc       0x40
 i.ll_conn_send_ping_req_pdu
                0x00004cdc       0x40 C:\Program Files (x86)\Cypress\PSoC Creator\3.1\PSoC Creator\psoc\content\cycomponentlibrary\CyComponentLibrary.cylib\BLE_v1_20\Library\gccCyBLEStack_BLE_SOC_PERIPHERAL.a(ll_connection.o)
                0x00004cdc                ll_conn_send_ping_req_pdu

i.ll_conn_store_pending_tx_pdu
                0x00004d1c       0x1a
 i.ll_conn_store_pending_tx_pdu
                0x00004d1c       0x1a C:\Program Files (x86)\Cypress\PSoC Creator\3.1\PSoC Creator\psoc\content\cycomponentlibrary\CyComponentLibrary.cylib\BLE_v1_20\Library\gccCyBLEStack_BLE_SOC_PERIPHERAL.a(ll_connection.o)
                0x00004d1c                ll_conn_store_pending_tx_pdu

i.ll_conn_update_rssi
                0x00004d36       0x16
 i.ll_conn_update_rssi
                0x00004d36       0x16 C:\Program Files (x86)\Cypress\PSoC Creator\3.1\PSoC Creator\psoc\content\cycomponentlibrary\CyComponentLibrary.cylib\BLE_v1_20\Library\gccCyBLEStack_BLE_SOC_PERIPHERAL.a(ll_connection.o)
                0x00004d36                ll_conn_update_rssi

i.ll_convert_hci_llid_to_ll_llid_host_to_controller
                0x00004d4c        0x8
 i.ll_convert_hci_llid_to_ll_llid_host_to_controller
                0x00004d4c        0x8 C:\Program Files (x86)\Cypress\PSoC Creator\3.1\PSoC Creator\psoc\content\cycomponentlibrary\CyComponentLibrary.cylib\BLE_v1_20\Library\gccCyBLEStack_BLE_SOC_PERIPHERAL.a(ll_connection.o)
                0x00004d4c                ll_convert_hci_llid_to_ll_llid_host_to_controller

i.ll_convert_ll_llid_to_hci_llid_controller_to_host
                0x00004d54        0x2
 i.ll_convert_ll_llid_to_hci_llid_controller_to_host
                0x00004d54        0x2 C:\Program Files (x86)\Cypress\PSoC Creator\3.1\PSoC Creator\psoc\content\cycomponentlibrary\CyComponentLibrary.cylib\BLE_v1_20\Library\gccCyBLEStack_BLE_SOC_PERIPHERAL.a(ll_connection.o)
                0x00004d54                ll_convert_ll_llid_to_hci_llid_controller_to_host

i.ll_decode_and_program_connect_req
                0x00004d58       0xec
 i.ll_decode_and_program_connect_req
                0x00004d58       0xec C:\Program Files (x86)\Cypress\PSoC Creator\3.1\PSoC Creator\psoc\content\cycomponentlibrary\CyComponentLibrary.cylib\BLE_v1_20\Library\gccCyBLEStack_BLE_SOC_PERIPHERAL.a(ll_connection.o)
                0x00004d58                ll_decode_and_program_connect_req

i.ll_enc_fsm_derive_session_key
                0x00004e44       0x46
 i.ll_enc_fsm_derive_session_key
                0x00004e44       0x46 C:\Program Files (x86)\Cypress\PSoC Creator\3.1\PSoC Creator\psoc\content\cycomponentlibrary\CyComponentLibrary.cylib\BLE_v1_20\Library\gccCyBLEStack_BLE_SOC_PERIPHERAL.a(ll_connection.o)
                0x00004e44                ll_enc_fsm_derive_session_key

i.ll_enc_handle_enc_complete
                0x00004e8a       0x68
 i.ll_enc_handle_enc_complete
                0x00004e8a       0x68 C:\Program Files (x86)\Cypress\PSoC Creator\3.1\PSoC Creator\psoc\content\cycomponentlibrary\CyComponentLibrary.cylib\BLE_v1_20\Library\gccCyBLEStack_BLE_SOC_PERIPHERAL.a(ll_connection.o)
                0x00004e8a                ll_enc_handle_enc_complete
